Component: ARM Compiler 5.06 update 7 (build 960) Tool: armlink [4d3601]

==============================================================================

Section Cross References

    system_stm32f4xx.o(i.SystemCoreClockUpdate) refers to system_stm32f4xx.o(.data) for .data
    system_stm32f4xx.o(i.SystemCoreClockUpdate) refers to system_stm32f4xx.o(.constdata) for .constdata
    startup_stm32f427xx.o(RESET) refers to startup_stm32f427xx.o(STACK) for __initial_sp
    startup_stm32f427xx.o(RESET) refers to startup_stm32f427xx.o(.text) for Reset_Handler
    startup_stm32f427xx.o(RESET) refers to stm32f4xx_it.o(i.NMI_Handler) for NMI_Handler
    startup_stm32f427xx.o(RESET) refers to stm32f4xx_it.o(i.HardFault_Handler) for HardFault_Handler
    startup_stm32f427xx.o(RESET) refers to stm32f4xx_it.o(i.MemManage_Handler) for MemManage_Handler
    startup_stm32f427xx.o(RESET) refers to stm32f4xx_it.o(i.BusFault_Handler) for BusFault_Handler
    startup_stm32f427xx.o(RESET) refers to stm32f4xx_it.o(i.UsageFault_Handler) for UsageFault_Handler
    startup_stm32f427xx.o(RESET) refers to port.o(.emb_text) for SVC_Handler
    startup_stm32f427xx.o(RESET) refers to stm32f4xx_it.o(i.DebugMon_Handler) for DebugMon_Handler
    startup_stm32f427xx.o(RESET) refers to port.o(i.SysTick_Handler) for SysTick_Handler
    startup_stm32f427xx.o(RESET) refers to stm32f4xx_it.o(i.DMA1_Stream5_IRQHandler) for DMA1_Stream5_IRQHandler
    startup_stm32f427xx.o(RESET) refers to stm32f4xx_it.o(i.DMA1_Stream6_IRQHandler) for DMA1_Stream6_IRQHandler
    startup_stm32f427xx.o(RESET) refers to stm32f4xx_it.o(i.CAN1_TX_IRQHandler) for CAN1_TX_IRQHandler
    startup_stm32f427xx.o(RESET) refers to stm32f4xx_it.o(i.CAN1_RX0_IRQHandler) for CAN1_RX0_IRQHandler
    startup_stm32f427xx.o(RESET) refers to stm32f4xx_it.o(i.USART1_IRQHandler) for USART1_IRQHandler
    startup_stm32f427xx.o(RESET) refers to stm32f4xx_it.o(i.USART2_IRQHandler) for USART2_IRQHandler
    startup_stm32f427xx.o(RESET) refers to stm32f4xx_it.o(i.TIM6_DAC_IRQHandler) for TIM6_DAC_IRQHandler
    startup_stm32f427xx.o(RESET) refers to stm32f4xx_it.o(i.TIM7_IRQHandler) for TIM7_IRQHandler
    startup_stm32f427xx.o(RESET) refers to stm32f4xx_it.o(i.DMA2_Stream0_IRQHandler) for DMA2_Stream0_IRQHandler
    startup_stm32f427xx.o(RESET) refers to stm32f4xx_it.o(i.DMA2_Stream1_IRQHandler) for DMA2_Stream1_IRQHandler
    startup_stm32f427xx.o(RESET) refers to stm32f4xx_it.o(i.DMA2_Stream2_IRQHandler) for DMA2_Stream2_IRQHandler
    startup_stm32f427xx.o(RESET) refers to stm32f4xx_it.o(i.CAN2_TX_IRQHandler) for CAN2_TX_IRQHandler
    startup_stm32f427xx.o(RESET) refers to stm32f4xx_it.o(i.CAN2_RX0_IRQHandler) for CAN2_RX0_IRQHandler
    startup_stm32f427xx.o(RESET) refers to stm32f4xx_it.o(i.DMA2_Stream6_IRQHandler) for DMA2_Stream6_IRQHandler
    startup_stm32f427xx.o(RESET) refers to stm32f4xx_it.o(i.USART6_IRQHandler) for USART6_IRQHandler
    startup_stm32f427xx.o(.text) refers to system_stm32f4xx.o(i.SystemInit) for SystemInit
    startup_stm32f427xx.o(.text) refers to entry.o(.ARM.Collect$$$$00000000) for __main
    moter.o(i.Calculate) refers to f2d.o(.text) for __aeabi_f2d
    moter.o(i.Calculate) refers to dadd.o(.text) for __aeabi_dadd
    moter.o(i.Calculate) refers to ddiv.o(.text) for __aeabi_ddiv
    moter.o(i.Calculate) refers to cos.o(i.__hardfp_cos) for __hardfp_cos
    moter.o(i.Calculate) refers to dmul.o(.text) for __aeabi_dmul
    moter.o(i.Calculate) refers to d2f.o(.text) for __aeabi_d2f
    moter.o(i.Calculate) refers to sin.o(i.__hardfp_sin) for __hardfp_sin
    moter.o(i.Calculate) refers to atan2.o(i.__hardfp_atan2) for __hardfp_atan2
    moter.o(i.Calculate) refers to pow.o(i.__hardfp_pow) for __hardfp_pow
    moter.o(i.Calculate) refers to sqrt.o(i.__hardfp_sqrt) for __hardfp_sqrt
    moter.o(i.Calculate) refers to stm32f4xx_it.o(.data) for yaw
    moter.o(i.Calculate) refers to freertos.o(.data) for orignal_yaw
    moter.o(i.Calculate) refers to moter.o(.data) for .data
    moter.o(i.Calculate) refers to moter.o(.bss) for .bss
    moter.o(i.Calculate) refers to bsp_uart.o(.bss) for rc
    moter.o(i.Exp_Speed_Cal) refers to f2d.o(.text) for __aeabi_f2d
    moter.o(i.Exp_Speed_Cal) refers to atan2.o(i.__hardfp_atan2) for __hardfp_atan2
    moter.o(i.Exp_Speed_Cal) refers to dmul.o(.text) for __aeabi_dmul
    moter.o(i.Exp_Speed_Cal) refers to ddiv.o(.text) for __aeabi_ddiv
    moter.o(i.Exp_Speed_Cal) refers to d2f.o(.text) for __aeabi_d2f
    moter.o(i.Exp_Speed_Cal) refers to pow.o(i.__hardfp_pow) for __hardfp_pow
    moter.o(i.Exp_Speed_Cal) refers to dadd.o(.text) for __aeabi_dadd
    moter.o(i.Exp_Speed_Cal) refers to sqrt.o(i.__hardfp_sqrt) for __hardfp_sqrt
    moter.o(i.Exp_Speed_Cal) refers to pid.o(i.pid_calc) for pid_calc
    moter.o(i.Exp_Speed_Cal) refers to cdcmple.o(.text) for __aeabi_cdcmple
    moter.o(i.Exp_Speed_Cal) refers to pid.o(.bss) for yaw_pos
    moter.o(i.Exp_Speed_Cal) refers to moter.o(.bss) for .bss
[...]
    DMA1_Stream7_IRQHandler                  0x0800029f   Thumb Code     0  startup_stm32f427xx.o(.text)
    DMA2D_IRQHandler                         0x0800029f   Thumb Code     0  startup_stm32f427xx.o(.text)
    DMA2_Stream3_IRQHandler                  0x0800029f   Thumb Code     0  startup_stm32f427xx.o(.text)
    DMA2_Stream4_IRQHandler                  0x0800029f   Thumb Code     0  startup_stm32f427xx.o(.text)
    DMA2_Stream5_IRQHandler                  0x0800029f   Thumb Code     0  startup_stm32f427xx.o(.text)
    DMA2_Stream7_IRQHandler                  0x0800029f   Thumb Code     0  startup_stm32f427xx.o(.text)
    ETH_IRQHandler                           0x0800029f   Thumb Code     0  startup_stm32f427xx.o(.text)
    ETH_WKUP_IRQHandler                      0x0800029f   Thumb Code     0  startup_stm32f427xx.o(.text)
    EXTI0_IRQHandler                         0x0800029f   Thumb Code     0  startup_stm32f427xx.o(.text)
    EXTI15_10_IRQHandler                     0x0800029f   Thumb Code     0  startup_stm32f427xx.o(.text)
    EXTI1_IRQHandler                         0x0800029f   Thumb Code     0  startup_stm32f427xx.o(.text)
    EXTI2_IRQHandler                         0x0800029f   Thumb Code     0  startup_stm32f427xx.o(.text)
    EXTI3_IRQHandler                         0x0800029f   Thumb Code     0  startup_stm32f427xx.o(.text)
    EXTI4_IRQHandler                         0x0800029f   Thumb Code     0  startup_stm32f427xx.o(.text)
    EXTI9_5_IRQHandler                       0x0800029f   Thumb Code     0  startup_stm32f427xx.o(.text)
    FLASH_IRQHandler                         0x0800029f   Thumb Code     0  startup_stm32f427xx.o(.text)
    FMC_IRQHandler                           0x0800029f   Thumb Code     0  startup_stm32f427xx.o(.text)
    FPU_IRQHandler                           0x0800029f   Thumb Code     0  startup_stm32f427xx.o(.text)
    HASH_RNG_IRQHandler                      0x0800029f   Thumb Code     0  startup_stm32f427xx.o(.text)
    I2C1_ER_IRQHandler                       0x0800029f   Thumb Code     0  startup_stm32f427xx.o(.text)
    I2C1_EV_IRQHandler                       0x0800029f   Thumb Code     0  startup_stm32f427xx.o(.text)
    I2C2_ER_IRQHandler                       0x0800029f   Thumb Code     0  startup_stm32f427xx.o(.text)
    I2C2_EV_IRQHandler                       0x0800029f   Thumb Code     0  startup_stm32f427xx.o(.text)
    I2C3_ER_IRQHandler                       0x0800029f   Thumb Code     0  startup_stm32f427xx.o(.text)
    I2C3_EV_IRQHandler                       0x0800029f   Thumb Code     0  startup_stm32f427xx.o(.text)
    OTG_FS_IRQHandler                        0x0800029f   Thumb Code     0  startup_stm32f427xx.o(.text)
    OTG_FS_WKUP_IRQHandler                   0x0800029f   Thumb Code     0  startup_stm32f427xx.o(.text)
    OTG_HS_EP1_IN_IRQHandler                 0x0800029f   Thumb Code     0  startup_stm32f427xx.o(.text)
    OTG_HS_EP1_OUT_IRQHandler                0x0800029f   Thumb Code     0  startup_stm32f427xx.o(.text)
    OTG_HS_IRQHandler                        0x0800029f   Thumb Code     0  startup_stm32f427xx.o(.text)
    OTG_HS_WKUP_IRQHandler                   0x0800029f   Thumb Code     0  startup_stm32f427xx.o(.text)
    PVD_IRQHandler                           0x0800029f   Thumb Code     0  startup_stm32f427xx.o(.text)
    RCC_IRQHandler                           0x0800029f   Thumb Code     0  startup_stm32f427xx.o(.text)
    RTC_Alarm_IRQHandler                     0x0800029f   Thumb Code     0  startup_stm32f427xx.o(.text)
    RTC_WKUP_IRQHandler                      0x0800029f   Thumb Code     0  startup_stm32f427xx.o(.text)
    SAI1_IRQHandler                          0x0800029f   Thumb Code     0  startup_stm32f427xx.o(.text)
    SDIO_IRQHandler                          0x0800029f   Thumb Code     0  startup_stm32f427xx.o(.text)
    SPI1_IRQHandler                          0x0800029f   Thumb Code     0  startup_stm32f427xx.o(.text)
    SPI2_IRQHandler                          0x0800029f   Thumb Code     0  startup_stm32f427xx.o(.text)
    SPI3_IRQHandler                          0x0800029f   Thumb Code     0  startup_stm32f427xx.o(.text)
    SPI4_IRQHandler                          0x0800029f   Thumb Code     0  startup_stm32f427xx.o(.text)
    SPI5_IRQHandler                          0x0800029f   Thumb Code     0  startup_stm32f427xx.o(.text)
    SPI6_IRQHandler                          0x0800029f   Thumb Code     0  startup_stm32f427xx.o(.text)
    TAMP_STAMP_IRQHandler                    0x0800029f   Thumb Code     0  startup_stm32f427xx.o(.text)
    TIM1_BRK_TIM9_IRQHandler                 0x0800029f   Thumb Code     0  startup_stm32f427xx.o(.text)
    TIM1_CC_IRQHandler                       0x0800029f   Thumb Code     0  startup_stm32f427xx.o(.text)
    TIM1_TRG_COM_TIM11_IRQHandler            0x0800029f   Thumb Code     0  startup_stm32f427xx.o(.text)
    TIM1_UP_TIM10_IRQHandler                 0x0800029f   Thumb Code     0  startup_stm32f427xx.o(.text)
    TIM2_IRQHandler                          0x0800029f   Thumb Code     0  startup_stm32f427xx.o(.text)
    TIM3_IRQHandler                          0x0800029f   Thumb Code     0  startup_stm32f427xx.o(.text)
    TIM4_IRQHandler                          0x0800029f   Thumb Code     0  startup_stm32f427xx.o(.text)
    TIM5_IRQHandler                          0x0800029f   Thumb Code     0  startup_stm32f427xx.o(.text)
    TIM8_BRK_TIM12_IRQHandler                0x0800029f   Thumb Code     0  startup_stm32f427xx.o(.text)
    TIM8_CC_IRQHandler                       0x0800029f   Thumb Code     0  startup_stm32f427xx.o(.text)
    TIM8_TRG_COM_TIM14_IRQHandler            0x0800029f   Thumb Code     0  startup_stm32f427xx.o(.text)
    TIM8_UP_TIM13_IRQHandler                 0x0800029f   Thumb Code     0  startup_stm32f427xx.o(.text)
    UART4_IRQHandler                         0x0800029f   Thumb Code     0  startup_stm32f427xx.o(.text)
    UART5_IRQHandler                         0x0800029f   Thumb Code     0  startup_stm32f427xx.o(.text)
    UART7_IRQHandler                         0x0800029f   Thumb Code     0  startup_stm32f427xx.o(.text)
    UART8_IRQHandler                         0x0800029f   Thumb Code     0  startup_stm32f427xx.o(.text)
    USART3_IRQHandler                        0x0800029f   Thumb Code     0  startup_stm32f427xx.o(.text)
    WWDG_IRQHandler                          0x0800029f   Thumb Code     0  startup_stm32f427xx.o(.text)
    __aeabi_uldivmod                         0x080002a9   Thumb Code    98  uldiv.o(.text)
    __aeabi_memcpy                           0x0800030b   Thumb Code    36  memcpya.o(.text)
    __aeabi_memcpy4                          0x0800030b   Thumb Code     0  memcpya.o(.text)
    __aeabi_memcpy8                          0x0800030b   Thumb Code     0  memcpya.o(.text)
    __aeabi_memset                           0x0800032f   Thumb Code    14  memseta.o(.text)
    __aeabi_memset4                          0x0800032f   Thumb Code     0  memseta.o(.text)
    __aeabi_memset8                          0x0800032f   Thumb Code     0  memseta.o(.text)
    __aeabi_memclr                           0x0800033d   Thumb Code     4  memseta.o(.text)
    __aeabi_memclr4                          0x0800033d   Thumb Code     0  memseta.o(.text)
    __aeabi_memclr8                          0x0800033d   Thumb Code     0  memseta.o(.text)
    memset                                   0x08000341   Thumb Code    18  memseta.o(.text)
    __aeabi_dadd                             0x08000353   Thumb Code   322  dadd.o(.text)
    __aeabi_dsub                             0x08000495   Thumb Code     6  dadd.o(.text)
    __aeabi_drsub                            0x0800049b   Thumb Code     6  dadd.o(.text)
    __aeabi_dmul                             0x080004a1   Thumb Code   228  dmul.o(.text)
    __aeabi_ddiv                             0x08000585   Thumb Code   222  ddiv.o(.text)
    __aeabi_i2d                              0x08000663   Thumb Code    34  dflti.o(.text)
    __aeabi_f2d                              0x08000685   Thumb Code    38  f2d.o(.text)
    __aeabi_cdcmpeq                          0x080006ad   Thumb Code     0  cdcmple.o(.text)
    __aeabi_cdcmple                          0x080006ad   Thumb Code    48  cdcmple.o(.text)
    __aeabi_cdrcmple                         0x080006dd   Thumb Code    48  cdrcmple.o(.text)
    __aeabi_d2f                              0x0800070d   Thumb Code    56  d2f.o(.text)
    __aeabi_uidiv                            0x08000745   Thumb Code     0  uidiv.o(.text)
    __aeabi_uidivmod                         0x08000745   Thumb Code    44  uidiv.o(.text)
    __aeabi_llsl                             0x08000771   Thumb Code    30  llshl.o(.text)
    _ll_shift_l                              0x08000771   Thumb Code     0  llshl.o(.text)
    __aeabi_llsr                             0x0800078f   Thumb Code    32  llushr.o(.text)
    _ll_ushift_r                             0x0800078f   Thumb Code     0  llushr.o(.text)
    __aeabi_lasr                             0x080007af   Thumb Code    36  llsshr.o(.text)
    _ll_sshift_r                             0x080007af   Thumb Code     0  llsshr.o(.text)
    __I$use$fp                               0x080007d3   Thumb Code     0  iusefp.o(.text)
    _float_round                             0x080007d3   Thumb Code    18  fepilogue.o(.text)
    _float_epilogue                          0x080007e5   Thumb Code    92  fepilogue.o(.text)
    _double_round                            0x08000841   Thumb Code    30  depilogue.o(.text)
    _double_epilogue                         0x0800085f   Thumb Code   156  depilogue.o(.text)
    __ARM_scalbn                             0x080008fb   Thumb Code    46  dscalb.o(.text)
    scalbn                                   0x080008fb   Thumb Code     0  dscalb.o(.text)
    _dsqrt                                   0x08000929   Thumb Code   162  dsqrt.o(.text)
    _drem                                    0x080009cb   Thumb Code   134  drem.o(.text)
    __aeabi_d2ulz                            0x08000a51   Thumb Code    48  dfixul.o(.text)
    __scatterload                            0x08000a81   Thumb Code    28  init.o(.text)
    __scatterload_rt2                        0x08000a81   Thumb Code     0  init.o(.text)
    __aeabi_ui2d                             0x08000aa5   Thumb Code    26  dfltui.o(.text)
    __aeabi_d2iz                             0x08000abf   Thumb Code    62  dfixi.o(.text)
    __decompress                             0x08000afd   Thumb Code     0  __dczerorl.o(.text)
    __decompress0                            0x08000afd   Thumb Code    58  __dczerorl.o(.text)
    BusFault_Handler                         0x08000ced   Thumb Code     2  stm32f4xx_it.o(i.BusFault_Handler)
    C610_init                                0x08000cf1   Thumb Code   170  control.o(i.C610_init)
    CAN1_RX0_IRQHandler                      0x08000dc9   Thumb Code     6  stm32f4xx_it.o(i.CAN1_RX0_IRQHandler)
    CAN1_TX_IRQHandler                       0x08000dd5   Thumb Code     6  stm32f4xx_it.o(i.CAN1_TX_IRQHandler)
    CAN2_RX0_IRQHandler                      0x08000de1   Thumb Code     6  stm32f4xx_it.o(i.CAN2_RX0_IRQHandler)
    CAN2_TX_IRQHandler                       0x08000ded   Thumb Code     6  stm32f4xx_it.o(i.CAN2_TX_IRQHandler)
    Calculate                                0x08000df9   Thumb Code   608  moter.o(i.Calculate)
    Can_TxMessage                            0x08001085   Thumb Code    80  bsp_can.o(i.Can_TxMessage)
    Ctrl_Task                                0x080010d5   Thumb Code   164  taks.o(i.Ctrl_Task)
    DMA1_Stream5_IRQHandler                  0x08001181   Thumb Code     6  stm32f4xx_it.o(i.DMA1_Stream5_IRQHandler)
    DMA1_Stream6_IRQHandler                  0x0800118d   Thumb Code     6  stm32f4xx_it.o(i.DMA1_Stream6_IRQHandler)
    DMA2_Stream0_IRQHandler                  0x08001199   Thumb Code     6  stm32f4xx_it.o(i.DMA2_Stream0_IRQHandler)
    DMA2_Stream1_IRQHandler                  0x080011a5   Thumb Code     6  stm32f4xx_it.o(i.DMA2_Stream1_IRQHandler)
    DMA2_Stream2_IRQHandler                  0x080011b1   Thumb Code     6  stm32f4xx_it.o(i.DMA2_Stream2_IRQHandler)
    DMA2_Stream6_IRQHandler                  0x080011bd   Thumb Code     6  stm32f4xx_it.o(i.DMA2_Stream6_IRQHandler)
    DebugMon_Handler                         0x0800126d   Thumb Code     2  stm32f4xx_it.o(i.DebugMon_Handler)
    Error_Handler                            0x0800126f   Thumb Code     4  main.o(i.Error_Handler)
    Exp_Speed_Cal                            0x08001275   Thumb Code   384  moter.o(i.Exp_Speed_Cal)
    HAL_ADC_ConfigChannel                    0x0800142d   Thumb Code   334  stm32f4xx_hal_adc.o(i.HAL_ADC_ConfigChannel)
    HAL_ADC_ConvCpltCallback                 0x08001591   Thumb Code     2  stm32f4xx_hal_adc.o(i.HAL_ADC_ConvCpltCallback)
    HAL_ADC_ConvHalfCpltCallback             0x08001593   Thumb Code     2  stm32f4xx_hal_adc.o(i.HAL_ADC_ConvHalfCpltCallback)
    HAL_ADC_ErrorCallback                    0x08001595   Thumb Code     2  stm32f4xx_hal_adc.o(i.HAL_ADC_ErrorCallback)
    HAL_ADC_Init                             0x08001597   Thumb Code    84  stm32f4xx_hal_adc.o(i.HAL_ADC_Init)
    HAL_ADC_MspInit                          0x080015ed   Thumb Code   134  adc.o(i.HAL_ADC_MspInit)
    HAL_ADC_Start_DMA                        0x08001689   Thumb Code   270  stm32f4xx_hal_adc.o(i.HAL_ADC_Start_DMA)
    HAL_CAN_ActivateNotification             0x080017bd   Thumb Code    36  stm32f4xx_hal_can.o(i.HAL_CAN_ActivateNotification)
    HAL_CAN_AddTxMessage                     0x080017e1   Thumb Code   220  stm32f4xx_hal_can.o(i.HAL_CAN_AddTxMessage)
    HAL_CAN_ConfigFilter                     0x080018bd   Thumb Code   262  stm32f4xx_hal_can.o(i.HAL_CAN_ConfigFilter)
    HAL_CAN_ErrorCallback                    0x080019c9   Thumb Code     2  stm32f4xx_hal_can.o(i.HAL_CAN_ErrorCallback)
    HAL_CAN_GetRxMessage                     0x080019cb   Thumb Code   232  stm32f4xx_hal_can.o(i.HAL_CAN_GetRxMessage)
    HAL_CAN_GetTxMailboxesFreeLevel          0x08001ab3   Thumb Code    44  stm32f4xx_hal_can.o(i.HAL_CAN_GetTxMailboxesFreeLevel)
    HAL_CAN_IRQHandler                       0x08001adf   Thumb Code   508  stm32f4xx_hal_can.o(i.HAL_CAN_IRQHandler)
    HAL_CAN_Init                             0x08001cdb   Thumb Code   282  stm32f4xx_hal_can.o(i.HAL_CAN_Init)
    HAL_CAN_MspInit                          0x08001df5   Thumb Code   256  can.o(i.HAL_CAN_MspInit)
    HAL_CAN_RxFifo0FullCallback              0x08001f0d   Thumb Code     2  stm32f4xx_hal_can.o(i.HAL_CAN_RxFifo0FullCallback)
    HAL_CAN_RxFifo0MsgPendingCallback        0x08001f11   Thumb Code   286  bsp_can.o(i.HAL_CAN_RxFifo0MsgPendingCallback)
    HAL_CAN_RxFifo1FullCallback              0x08002041   Thumb Code     2  stm32f4xx_hal_can.o(i.HAL_CAN_RxFifo1FullCallback)
    HAL_CAN_RxFifo1MsgPendingCallback        0x08002043   Thumb Code     2  stm32f4xx_hal_can.o(i.HAL_CAN_RxFifo1MsgPendingCallback)
    HAL_CAN_SleepCallback                    0x08002045   Thumb Code     2  stm32f4xx_hal_can.o(i.HAL_CAN_SleepCallback)
    HAL_CAN_Start                            0x08002047   Thumb Code    86  stm32f4xx_hal_can.o(i.HAL_CAN_Start)
    HAL_CAN_TxMailbox0AbortCallback          0x0800209d   Thumb Code     2  stm32f4xx_hal_can.o(i.HAL_CAN_TxMailbox0AbortCallback)
    HAL_CAN_TxMailbox0CompleteCallback       0x0800209f   Thumb Code     2  stm32f4xx_hal_can.o(i.HAL_CAN_TxMailbox0CompleteCallback)
    HAL_CAN_TxMailbox1AbortCallback          0x080020a1   Thumb Code     2  stm32f4xx_hal_can.o(i.HAL_CAN_TxMailbox1AbortCallback)
    HAL_CAN_TxMailbox1CompleteCallback       0x080020a3   Thumb Code     2  stm32f4xx_hal_can.o(i.HAL_CAN_TxMailbox1CompleteCallback)
    HAL_CAN_TxMailbox2AbortCallback          0x080020a5   Thumb Code     2  stm32f4xx_hal_can.o(i.HAL_CAN_TxMailbox2AbortCallback)
    HAL_CAN_TxMailbox2CompleteCallback       0x080020a7   Thumb Code     2  stm32f4xx_hal_can.o(i.HAL_CAN_TxMailbox2CompleteCallback)
    HAL_CAN_WakeUpFromRxMsgCallback          0x080020a9   Thumb Code     2  stm32f4xx_hal_can.o(i.HAL_CAN_WakeUpFromRxMsgCallback)
    HAL_DMA_Abort                            0x080020ab   Thumb Code   142  stm32f4xx_hal_dma.o(i.HAL_DMA_Abort)
    HAL_DMA_Abort_IT                         0x08002139   Thumb Code    36  stm32f4xx_hal_dma.o(i.HAL_DMA_Abort_IT)
    HAL_DMA_IRQHandler                       0x0800215d   Thumb Code   412  stm32f4xx_hal_dma.o(i.HAL_DMA_IRQHandler)
    HAL_DMA_Init                             0x080022fd   Thumb Code   206  stm32f4xx_hal_dma.o(i.HAL_DMA_Init)
    HAL_DMA_Start                            0x080023d1   Thumb Code    70  stm32f4xx_hal_dma.o(i.HAL_DMA_Start)
    HAL_DMA_Start_IT                         0x08002417   Thumb Code   110  stm32f4xx_hal_dma.o(i.HAL_DMA_Start_IT)
    HAL_Delay                                0x08002485   Thumb Code    32  stm32f4xx_hal.o(i.HAL_Delay)
    HAL_GPIO_Init                            0x080024a9   Thumb Code   410  stm32f4xx_hal_gpio.o(i.HAL_GPIO_Init)
    HAL_GPIO_WritePin                        0x08002679   Thumb Code    10  stm32f4xx_hal_gpio.o(i.HAL_GPIO_WritePin)
    HAL_GetTick                              0x08002685   Thumb Code     6  stm32f4xx_hal.o(i.HAL_GetTick)
    HAL_IncTick                              0x08002691   Thumb Code    12  stm32f4xx_hal.o(i.HAL_IncTick)
    HAL_Init                                 0x080026a1   Thumb Code    48  stm32f4xx_hal.o(i.HAL_Init)
    HAL_InitTick                             0x080026d5   Thumb Code   100  stm32f4xx_hal_timebase_tim.o(i.HAL_InitTick)
    HAL_MspInit                              0x08002749   Thumb Code    52  stm32f4xx_hal_msp.o(i.HAL_MspInit)
    HAL_NVIC_EnableIRQ                       0x08002781   Thumb Code    26  stm32f4xx_hal_cortex.o(i.HAL_NVIC_EnableIRQ)
    HAL_NVIC_SetPriority                     0x0800279d   Thumb Code    60  stm32f4xx_hal_cortex.o(i.HAL_NVIC_SetPriority)
    HAL_NVIC_SetPriorityGrouping             0x080027dd   Thumb Code    26  stm32f4xx_hal_cortex.o(i.HAL_NVIC_SetPriorityGrouping)
    HAL_PWREx_EnableOverDrive                0x08002801   Thumb Code   100  stm32f4xx_hal_pwr_ex.o(i.HAL_PWREx_EnableOverDrive)
    HAL_RCC_ClockConfig                      0x08002871   Thumb Code   288  stm32f4xx_hal_rcc.o(i.HAL_RCC_ClockConfig)
    HAL_RCC_GetClockConfig                   0x080029a5   Thumb Code    54  stm32f4xx_hal_rcc.o(i.HAL_RCC_GetClockConfig)
    HAL_RCC_GetPCLK1Freq                     0x080029e5   Thumb Code    20  stm32f4xx_hal_rcc.o(i.HAL_RCC_GetPCLK1Freq)
    HAL_RCC_GetPCLK2Freq                     0x08002a05   Thumb Code    20  stm32f4xx_hal_rcc.o(i.HAL_RCC_GetPCLK2Freq)
    HAL_RCC_GetSysClockFreq                  0x08002a25   Thumb Code    88  stm32f4xx_hal_rcc.o(i.HAL_RCC_GetSysClockFreq)
    HAL_RCC_OscConfig                        0x08002a89   Thumb Code   820  stm32f4xx_hal_rcc.o(i.HAL_RCC_OscConfig)
    HAL_SPI_Init                             0x08002dd1   Thumb Code   128  stm32f4xx_hal_spi.o(i.HAL_SPI_Init)
    HAL_SPI_MspInit                          0x08002e51   Thumb Code    94  spi.o(i.HAL_SPI_MspInit)
    HAL_SPI_TransmitReceive                  0x08002ebd   Thumb Code   474  stm32f4xx_hal_spi.o(i.HAL_SPI_TransmitReceive)
    HAL_TIMEx_BreakCallback                  0x08003097   Thumb Code     2  stm32f4xx_hal_tim_ex.o(i.HAL_TIMEx_BreakCallback)
    HAL_TIMEx_CommutCallback                 0x08003099   Thumb Code     2  stm32f4xx_hal_tim_ex.o(i.HAL_TIMEx_CommutCallback)
    HAL_TIMEx_MasterConfigSynchronization    0x0800309d   Thumb Code   116  stm32f4xx_hal_tim_ex.o(i.HAL_TIMEx_MasterConfigSynchronization)
    HAL_TIM_Base_Init                        0x0800312d   Thumb Code    54  stm32f4xx_hal_tim.o(i.HAL_TIM_Base_Init)
    HAL_TIM_Base_MspInit                     0x08003165   Thumb Code    50  tim.o(i.HAL_TIM_Base_MspInit)
    HAL_TIM_Base_Start_IT                    0x080031a1   Thumb Code    34  stm32f4xx_hal_tim.o(i.HAL_TIM_Base_Start_IT)
    HAL_TIM_IC_CaptureCallback               0x080031c3   Thumb Code     2  stm32f4xx_hal_tim.o(i.HAL_TIM_IC_CaptureCallback)
    HAL_TIM_IRQHandler                       0x080031c5   Thumb Code   358  stm32f4xx_hal_tim.o(i.HAL_TIM_IRQHandler)
    HAL_TIM_MspPostInit                      0x0800332d   Thumb Code   186  tim.o(i.HAL_TIM_MspPostInit)
    HAL_TIM_OC_DelayElapsedCallback          0x08003409   Thumb Code     2  stm32f4xx_hal_tim.o(i.HAL_TIM_OC_DelayElapsedCallback)
    HAL_TIM_PWM_ConfigChannel                0x0800340b   Thumb Code   208  stm32f4xx_hal_tim.o(i.HAL_TIM_PWM_ConfigChannel)
    HAL_TIM_PWM_Init                         0x080034db   Thumb Code    54  stm32f4xx_hal_tim.o(i.HAL_TIM_PWM_Init)
    HAL_TIM_PWM_MspInit                      0x08003511   Thumb Code    78  tim.o(i.HAL_TIM_PWM_MspInit)
    HAL_TIM_PWM_PulseFinishedCallback        0x08003571   Thumb Code     2  stm32f4xx_hal_tim.o(i.HAL_TIM_PWM_PulseFinishedCallback)
    HAL_TIM_PWM_Start                        0x08003575   Thumb Code    58  stm32f4xx_hal_tim.o(i.HAL_TIM_PWM_Start)
    HAL_TIM_PeriodElapsedCallback            0x080035b9   Thumb Code   276  main.o(i.HAL_TIM_PeriodElapsedCallback)
    HAL_TIM_TriggerCallback                  0x080036ed   Thumb Code     2  stm32f4xx_hal_tim.o(i.HAL_TIM_TriggerCallback)
    HAL_UART_DMAStop                         0x080036ef   Thumb Code    88  stm32f4xx_hal_uart.o(i.HAL_UART_DMAStop)
    HAL_UART_ErrorCallback                   0x08003747   Thumb Code     2  stm32f4xx_hal_uart.o(i.HAL_UART_ErrorCallback)
    HAL_UART_IRQHandler                      0x08003749   Thumb Code   270  stm32f4xx_hal_uart.o(i.HAL_UART_IRQHandler)
    HAL_UART_Init                            0x0800385d   Thumb Code    98  stm32f4xx_hal_uart.o(i.HAL_UART_Init)
    HAL_UART_MspInit                         0x080038c1   Thumb Code   652  usart.o(i.HAL_UART_MspInit)
    HAL_UART_Receive_DMA                     0x08003b7d   Thumb Code   138  stm32f4xx_hal_uart.o(i.HAL_UART_Receive_DMA)
    HAL_UART_RxCpltCallback                  0x08003c15   Thumb Code     2  main.o(i.HAL_UART_RxCpltCallback)
    HAL_UART_RxHalfCpltCallback              0x08003c17   Thumb Code     2  stm32f4xx_hal_uart.o(i.HAL_UART_RxHalfCpltCallback)
    HAL_UART_Transmit                        0x08003c19   Thumb Code   186  stm32f4xx_hal_uart.o(i.HAL_UART_Transmit)
    HAL_UART_Transmit_DMA                    0x08003cd5   Thumb Code   116  stm32f4xx_hal_uart.o(i.HAL_UART_Transmit_DMA)
    HAL_UART_TxCpltCallback                  0x08003d55   Thumb Code     2  stm32f4xx_hal_uart.o(i.HAL_UART_TxCpltCallback)
    HAL_UART_TxHalfCpltCallback              0x08003d57   Thumb Code     2  stm32f4xx_hal_uart.o(i.HAL_UART_TxHalfCpltCallback)
    HardFault_Handler                        0x08003d59   Thumb Code     2  stm32f4xx_it.o(i.HardFault_Handler)
    Kinematics_Init                          0x08003d5d   Thumb Code    58  moter.o(i.Kinematics_Init)
    MX_ADC1_Init                             0x08003dad   Thumb Code   198  adc.o(i.MX_ADC1_Init)
    MX_CAN1_Init                             0x08003e81   Thumb Code    60  can.o(i.MX_CAN1_Init)
    MX_CAN2_Init                             0x08003ec5   Thumb Code    60  can.o(i.MX_CAN2_Init)
    MX_DMA_Init                              0x08003f09   Thumb Code   136  dma.o(i.MX_DMA_Init)
    MX_FREERTOS_Init                         0x08003f95   Thumb Code    96  freertos.o(i.MX_FREERTOS_Init)
    MX_GPIO_Init                             0x08003ffd   Thumb Code   426  gpio.o(i.MX_GPIO_Init)
    MX_SPI5_Init                             0x080041c9   Thumb Code    62  spi.o(i.MX_SPI5_Init)
    MX_TIM4_Init                             0x08004211   Thumb Code   152  tim.o(i.MX_TIM4_Init)
    MX_TIM5_Init                             0x080042b1   Thumb Code   152  tim.o(i.MX_TIM5_Init)
    MX_TIM7_Init                             0x08004351   Thumb Code    60  tim.o(i.MX_TIM7_Init)
    MX_TIM9_Init                             0x08004395   Thumb Code    98  tim.o(i.MX_TIM9_Init)
    MX_USART1_UART_Init                      0x08004401   Thumb Code    50  usart.o(i.MX_USART1_UART_Init)
    MX_USART2_UART_Init                      0x08004441   Thumb Code    48  usart.o(i.MX_USART2_UART_Init)
    MX_USART3_UART_Init                      0x08004479   Thumb Code    48  usart.o(i.MX_USART3_UART_Init)
    MX_USART6_UART_Init                      0x080044b1   Thumb Code    48  usart.o(i.MX_USART6_UART_Init)
    MemManage_Handler                        0x080044e9   Thumb Code     2  stm32f4xx_it.o(i.MemManage_Handler)
    NMI_Handler                              0x080044eb   Thumb Code     2  stm32f4xx_it.o(i.NMI_Handler)
    PID_struct_init                          0x080044ed   Thumb Code    16  pid.o(i.PID_struct_init)
    Set_Vel                                  0x080045f1   Thumb Code     8  moter.o(i.Set_Vel)
    StartDefaultTask                         0x080045fd   Thumb Code   298  freertos.o(i.StartDefaultTask)
    StartTask02                              0x08004785   Thumb Code   424  freertos.o(i.StartTask02)
    StartTask03                              0x08004945   Thumb Code    92  freertos.o(i.StartTask03)
    StartTask04                              0x080049c1   Thumb Code    18  freertos.o(i.StartTask04)
    SysTick_Handler                          0x080049d5   Thumb Code    38  port.o(i.SysTick_Handler)
    SystemClock_Config                       0x08004a01   Thumb Code   150  main.o(i.SystemClock_Config)
    SystemInit                               0x08004aa1   Thumb Code    22  system_stm32f4xx.o(i.SystemInit)
    TIM6_DAC_IRQHandler                      0x08004abd   Thumb Code     6  stm32f4xx_it.o(i.TIM6_DAC_IRQHandler)
    TIM7_IRQHandler                          0x08004ac9   Thumb Code     6  stm32f4xx_it.o(i.TIM7_IRQHandler)
    TIM_Base_SetConfig                       0x08004ad5   Thumb Code   156  stm32f4xx_hal_tim.o(i.TIM_Base_SetConfig)
    TIM_CCxChannelCmd                        0x08004b9d   Thumb Code    26  stm32f4xx_hal_tim.o(i.TIM_CCxChannelCmd)
    TIM_OC2_SetConfig                        0x08004c19   Thumb Code    98  stm32f4xx_hal_tim.o(i.TIM_OC2_SetConfig)
    USART1_IRQHandler                        0x080050c5   Thumb Code    18  stm32f4xx_it.o(i.USART1_IRQHandler)
    USART2_IRQHandler                        0x080050dd   Thumb Code   118  stm32f4xx_it.o(i.USART2_IRQHandler)
    USART6_IRQHandler                        0x08005171   Thumb Code    56  stm32f4xx_it.o(i.USART6_IRQHandler)
    UsageFault_Handler                       0x080051b9   Thumb Code     2  stm32f4xx_it.o(i.UsageFault_Handler)
    __0printf                                0x080051bd   Thumb Code    22  printfa.o(i.__0printf)
    __1printf                                0x080051bd   Thumb Code     0  printfa.o(i.__0printf)
    __2printf                                0x080051bd   Thumb Code     0  printfa.o(i.__0printf)
    __c89printf                              0x080051bd   Thumb Code     0  printfa.o(i.__0printf)
    printf                                   0x080051bd   Thumb Code     0  printfa.o(i.__0printf)
    __ARM_fpclassify                         0x080051dd   Thumb Code    48  fpclassify.o(i.__ARM_fpclassify)
    __hardfp_asin                            0x08005231   Thumb Code   770  asin.o(i.__hardfp_asin)
    __hardfp_atan                            0x08005591   Thumb Code   622  atan.o(i.__hardfp_atan)
    __hardfp_atan2                           0x08005869   Thumb Code   448  atan2.o(i.__hardfp_atan2)
    __hardfp_cos                             0x08005a69   Thumb Code   180  cos.o(i.__hardfp_cos)
    __hardfp_fabs                            0x08005b31   Thumb Code    20  fabs.o(i.__hardfp_fabs)
    __hardfp_fmod                            0x08005b45   Thumb Code   254  fmod.o(i.__hardfp_fmod)
    __hardfp_pow                             0x08005c49   Thumb Code  3072  pow.o(i.__hardfp_pow)
    __hardfp_sin                             0x08006899   Thumb Code   180  sin.o(i.__hardfp_sin)
    __hardfp_sqrt                            0x08006961   Thumb Code   122  sqrt.o(i.__hardfp_sqrt)
    __ieee754_rem_pio2                       0x080069e1   Thumb Code   938  rred.o(i.__ieee754_rem_pio2)
    __kernel_cos                             0x08006e19   Thumb Code   322  cos_i.o(i.__kernel_cos)
    __kernel_poly                            0x08006f89   Thumb Code   248  poly.o(i.__kernel_poly)
    __kernel_sin                             0x08007081   Thumb Code   280  sin_i.o(i.__kernel_sin)
    __mathlib_dbl_divzero                    0x080071b1   Thumb Code    28  dunder.o(i.__mathlib_dbl_divzero)
    __mathlib_dbl_infnan                     0x080071e1   Thumb Code    20  dunder.o(i.__mathlib_dbl_infnan)
    __mathlib_dbl_infnan2                    0x080071f5   Thumb Code    20  dunder.o(i.__mathlib_dbl_infnan2)
    __mathlib_dbl_invalid                    0x08007209   Thumb Code    24  dunder.o(i.__mathlib_dbl_invalid)
    __mathlib_dbl_overflow                   0x08007229   Thumb Code    24  dunder.o(i.__mathlib_dbl_overflow)
    __mathlib_dbl_underflow                  0x08007249   Thumb Code    24  dunder.o(i.__mathlib_dbl_underflow)
    __scatterload_copy                       0x08007269   Thumb Code    14  handlers.o(i.__scatterload_copy)
    __scatterload_null                       0x08007277   Thumb Code     2  handlers.o(i.__scatterload_null)
    __scatterload_zeroinit                   0x08007279   Thumb Code    14  handlers.o(i.__scatterload_zeroinit)
    __set_errno                              0x08007289   Thumb Code     6  errno.o(i.__set_errno)
    abs_limit                                0x08007b1f   Thumb Code    42  pid.o(i.abs_limit)
    atan                                     0x08007b49   Thumb Code    16  atan.o(i.atan)
    can_filter_recv_special                  0x08007b59   Thumb Code    78  bsp_can.o(i.can_filter_recv_special)
    dbus_uart_init                           0x08007ba9   Thumb Code    64  bsp_uart.o(i.dbus_uart_init)
    duo_lun_Dir_init                         0x08007bf1   Thumb Code   348  moter.o(i.duo_lun_Dir_init)
    duo_lun_speed_init                       0x08007d75   Thumb Code   308  moter.o(i.duo_lun_speed_init)
    fabs                                     0x08007ec1   Thumb Code    24  fabs.o(i.fabs)
    fputc                                    0x08007ed9   Thumb Code    20  usart.o(i.fputc)
    get_moto_measure                         0x08007ef1   Thumb Code    80  bsp_can.o(i.get_moto_measure)
    get_moto_offset                          0x08007f41   Thumb Code    10  bsp_can.o(i.get_moto_offset)
    imu_ahrs_update                          0x08007f4d   Thumb Code  1194  bsp_imu.o(i.imu_ahrs_update)
    imu_attitude_update                      0x080083f9   Thumb Code   374  bsp_imu.o(i.imu_attitude_update)
    init_quaternion                          0x0800858d   Thumb Code   360  bsp_imu.o(i.init_quaternion)
    inv_sqrt                                 0x08008759   Thumb Code    40  bsp_imu.o(i.inv_sqrt)
    ist8310_get_data                         0x08008785   Thumb Code    10  bsp_imu.o(i.ist8310_get_data)
    ist8310_init                             0x0800878f   Thumb Code   256  bsp_imu.o(i.ist8310_init)
    limit_speedd                             0x08008909   Thumb Code    42  moter.o(i.limit_speedd)
    main                                     0x08008935   Thumb Code   134  main.o(i.main)
    mpu_device_init                          0x080089d1   Thumb Code    88  bsp_imu.o(i.mpu_device_init)
    mpu_get_data                             0x08008a31   Thumb Code   284  bsp_imu.o(i.mpu_get_data)
    mpu_offset_call                          0x08008bfd   Thumb Code   160  bsp_imu.o(i.mpu_offset_call)
    mpu_read_byte                            0x08008ca1   Thumb Code    68  bsp_imu.o(i.mpu_read_byte)
    mpu_read_bytes                           0x08008cf1   Thumb Code    80  bsp_imu.o(i.mpu_read_bytes)
    mpu_set_accel_fsr                        0x08008d4d   Thumb Code    10  bsp_imu.o(i.mpu_set_accel_fsr)
    mpu_set_gyro_fsr                         0x08008d57   Thumb Code    10  bsp_imu.o(i.mpu_set_gyro_fsr)
    mpu_write_byte                           0x08008d61   Thumb Code    72  bsp_imu.o(i.mpu_write_byte)
    my_can_filter_init_recv_all              0x08008db5   Thumb Code    78  bsp_can.o(i.my_can_filter_init_recv_all)
    osDelay                                  0x08008e03   Thumb Code    14  cmsis_os.o(i.osDelay)
    osKernelStart                            0x08008e11   Thumb Code    10  cmsis_os.o(i.osKernelStart)
    osThreadCreate                           0x08008e1b   Thumb Code    84  cmsis_os.o(i.osThreadCreate)
    pid_calc                                 0x08008e71   Thumb Code   448  pid.o(i.pid_calc)
    pvPortMalloc                             0x08009391   Thumb Code   210  heap_4.o(i.pvPortMalloc)
    pxPortInitialiseStack                    0x08009469   Thumb Code    40  port.o(i.pxPortInitialiseStack)
    rc_callback_handler                      0x08009495   Thumb Code   140  bsp_uart.o(i.rc_callback_handler)
    send_com                                 0x08009521   Thumb Code    36  control.o(i.send_com)
    setMotor                                 0x08009545   Thumb Code   130  moter.o(i.setMotor)
    setMotor_dir                             0x080095d1   Thumb Code   134  moter.o(i.setMotor_dir)
    setSingleMotor                           0x08009665   Thumb Code   138  moter.o(i.setSingleMotor)
    setSingleMotor_jiaodu                    0x08009701   Thumb Code   256  moter.o(i.setSingleMotor_jiaodu)
    set_exp                                  0x08009825   Thumb Code    12  control.o(i.set_exp)
    set_moto2_current                        0x08009835   Thumb Code    68  bsp_can.o(i.set_moto2_current)
    set_moto_current                         0x08009879   Thumb Code    66  bsp_can.o(i.set_moto_current)
    sqrt                                     0x080098bb   Thumb Code   110  sqrt.o(i.sqrt)
    uart_receive_handler                     0x08009929   Thumb Code    86  bsp_uart.o(i.uart_receive_handler)
    uxListRemove                             0x08009989   Thumb Code    38  list.o(i.uxListRemove)
    vApplicationGetIdleTaskMemory            0x080099b1   Thumb Code    16  freertos.o(i.vApplicationGetIdleTaskMemory)
    vListInitialise                          0x080099c5   Thumb Code    22  list.o(i.vListInitialise)
    vListInitialiseItem                      0x080099db   Thumb Code     6  list.o(i.vListInitialiseItem)
    vListInsert                              0x080099e1   Thumb Code    48  list.o(i.vListInsert)
    vListInsertEnd                           0x08009a11   Thumb Code    24  list.o(i.vListInsertEnd)
    vPortEnterCritical                       0x08009a29   Thumb Code    54  port.o(i.vPortEnterCritical)
    vPortExitCritical                        0x08009a69   Thumb Code    34  port.o(i.vPortExitCritical)
    vPortFree                                0x08009a91   Thumb Code    88  heap_4.o(i.vPortFree)
    vPortSetupTimerInterrupt                 0x08009aed   Thumb Code    32  port.o(i.vPortSetupTimerInterrupt)
    vTaskDelay                               0x08009b11   Thumb Code    66  tasks.o(i.vTaskDelay)
    vTaskStartScheduler                      0x08009b5d   Thumb Code    90  tasks.o(i.vTaskStartScheduler)
    vTaskSuspendAll                          0x08009bc9   Thumb Code    10  tasks.o(i.vTaskSuspendAll)
    vTaskSwitchContext                       0x08009bd9   Thumb Code    82  tasks.o(i.vTaskSwitchContext)
    xPortStartScheduler                      0x08009c35   Thumb Code   224  port.o(i.xPortStartScheduler)
    xTaskCreate                              0x08009d29   Thumb Code    90  tasks.o(i.xTaskCreate)
    xTaskCreateStatic                        0x08009d83   Thumb Code    90  tasks.o(i.xTaskCreateStatic)
    xTaskIncrementTick                       0x08009ddd   Thumb Code   192  tasks.o(i.xTaskIncrementTick)
    xTaskResumeAll                           0x08009ea5   Thumb Code   182  tasks.o(i.xTaskResumeAll)
    AHBPrescTable                            0x08009f68   Data          16  system_stm32f4xx.o(.constdata)
    APBPrescTable                            0x08009f78   Data           8  system_stm32f4xx.o(.constdata)
    __mathlib_zero                           0x0800a1b0   Data           8  qnan.o(.constdata)
    Region$$Table$$Base                      0x0800a2d8   Number         0  anon$$obj.o(Region$$Table)
    Region$$Table$$Limit                     0x0800a2f8   Number         0  anon$$obj.o(Region$$Table)
    SystemCoreClock                          0x20000000   Data           4  system_stm32f4xx.o(.data)
    ABS_MAX                                  0x20000004   Data           2  moter.o(.data)
    speed                                    0x20000008   Data           4  moter.o(.data)
    L                                        0x2000000c   Data           4  moter.o(.data)
    val                                      0x20000010   Data           4  moter.o(.data)
    pos_out                                  0x20000014   Data           8  moter.o(.data)
    zero_thea                                0x2000001c   Data          16  moter.o(.data)
    flag                                     0x2000002c   Data           1  taks.o(.data)
    state_cnt                                0x20000030   Data           4  taks.o(.data)
    rx_len                                   0x20000034   Data           1  main.o(.data)
    rx_len2                                  0x20000035   Data           1  main.o(.data)
    recv_end_flag                            0x20000036   Data           1  main.o(.data)
    recv_end_flag2                           0x20000037   Data           1  main.o(.data)
    orignal_yaw                              0x20000038   Data           4  freertos.o(.data)
    ad1                                      0x2000003c   Data           4  freertos.o(.data)
    ad2                                      0x20000040   Data           4  freertos.o(.data)
    ad3                                      0x20000044   Data           4  freertos.o(.data)
    ad4                                      0x20000048   Data           4  freertos.o(.data)
    ad5                                      0x2000004c   Data           4  freertos.o(.data)
    ad6                                      0x20000050   Data           4  freertos.o(.data)
    defaultTaskHandle                        0x20000054   Data           4  freertos.o(.data)
    myTask02Handle                           0x20000058   Data           4  freertos.o(.data)
    myTask03Handle                           0x2000005c   Data           4  freertos.o(.data)
    myTask04Handle                           0x20000060   Data           4  freertos.o(.data)
    yaw                                      0x20000068   Data           4  stm32f4xx_it.o(.data)
    id                                       0x2000006e   Data           1  bsp_imu.o(.data)
    q0                                       0x20000070   Data           4  bsp_imu.o(.data)
    q1                                       0x20000074   Data           4  bsp_imu.o(.data)
    q2                                       0x20000078   Data           4  bsp_imu.o(.data)
    q3                                       0x2000007c   Data           4  bsp_imu.o(.data)
    exInt                                    0x20000080   Data           4  bsp_imu.o(.data)
    eyInt                                    0x20000084   Data           4  bsp_imu.o(.data)
    ezInt                                    0x20000088   Data           4  bsp_imu.o(.data)
    last_update                              0x200000b0   Data           4  bsp_imu.o(.data)
    now_update                               0x200000b4   Data           4  bsp_imu.o(.data)
    ist_buff                                 0x200000b8   Data           6  bsp_imu.o(.data)
    uwTickFreq                               0x200000cc   Data           1  stm32f4xx_hal.o(.data)
    uwTickPrio                               0x200000d0   Data           4  stm32f4xx_hal.o(.data)
    uwTick                                   0x200000d4   Data           4  stm32f4xx_hal.o(.data)
    pxCurrentTCB                             0x200000d8   Data           4  tasks.o(.data)
    __stdout                                 0x20000138   Data           4  stdout.o(.data)
    vec_w                                    0x20000140   Data          48  moter.o(.bss)
    tagart                                   0x20000170   Data          32  moter.o(.bss)
    D_Wheel                                  0x20000190   Data         960  moter.o(.bss)
    S_speed                                  0x20000550   Data         912  moter.o(.bss)
    kinematics                               0x200008e0   Data          76  moter.o(.bss)
    x1                                       0x2000092c   Data          16  moter.o(.bss)
    y1                                       0x2000093c   Data          16  moter.o(.bss)
    rx_buffer                                0x2000094c   Data         100  main.o(.bss)
    rx_buffer2                               0x200009b0   Data         100  main.o(.bss)
    tuolun_angle                             0x20000a14   Data          24  freertos.o(.bss)
    pre_angle                                0x20000a2c   Data          24  freertos.o(.bss)
    ADC_Value                                0x20000a44   Data         480  freertos.o(.bss)
    hadc1                                    0x20000e78   Data          72  adc.o(.bss)
    hdma_adc1                                0x20000ec0   Data          96  adc.o(.bss)
    hcan1                                    0x20000f20   Data          40  can.o(.bss)
    hcan2                                    0x20000f48   Data          40  can.o(.bss)
    hspi5                                    0x20000f70   Data          88  spi.o(.bss)
    htim4                                    0x20000fc8   Data          64  tim.o(.bss)
    htim5                                    0x20001008   Data          64  tim.o(.bss)
    htim7                                    0x20001048   Data          64  tim.o(.bss)
    htim9                                    0x20001088   Data          64  tim.o(.bss)
    huart1                                   0x200010c8   Data          64  usart.o(.bss)
    huart2                                   0x20001108   Data          64  usart.o(.bss)
    huart3                                   0x20001148   Data          64  usart.o(.bss)
    huart6                                   0x20001188   Data          64  usart.o(.bss)
    hdma_usart1_rx                           0x200011c8   Data          96  usart.o(.bss)
    hdma_usart2_rx                           0x20001228   Data          96  usart.o(.bss)
    hdma_usart2_tx                           0x20001288   Data          96  usart.o(.bss)
    hdma_usart6_rx                           0x200012e8   Data          96  usart.o(.bss)
    hdma_usart6_tx                           0x20001348   Data          96  usart.o(.bss)
    htim6                                    0x200013a8   Data          64  stm32f4xx_hal_timebase_tim.o(.bss)
    moto_chassis                             0x200013e8   Data         448  bsp_can.o(.bss)
    c2006_chassis                            0x200015a8   Data         448  bsp_can.o(.bss)
    jiguag_data1                             0x20001768   Data          16  bsp_can.o(.bss)
    PID_Position_X                           0x20001778   Data         108  pid.o(.bss)
    PID_Position_Y                           0x200017e4   Data         108  pid.o(.bss)
    yaw_pos                                  0x20001850   Data         108  pid.o(.bss)
    imu                                      0x200018bc   Data          52  bsp_imu.o(.bss)
    mpu_buff                                 0x200018f0   Data          14  bsp_imu.o(.bss)
    mpu_data                                 0x200018fe   Data          32  bsp_imu.o(.bss)
    c620_moter                               0x20001920   Data          20  control.o(.bss)
    c610                                     0x20001934   Data        1824  control.o(.bss)
    high                                     0x20002054   Data         108  control.o(.bss)
    duoji_jaidou                             0x200020c0   Data         108  control.o(.bss)
    dbus_buf                                 0x2000212c   Data          18  bsp_uart.o(.bss)
    rc                                       0x2000213e   Data          10  bsp_uart.o(.bss)
    __initial_sp                             0x20006238   Data           0  startup_stm32f427xx.o(STACK)



==============================================================================

Memory Map of the image

  Image Entry point : 0x080001ad

  Load Region LR_IROM1 (Base: 0x08000000, Size: 0x0000a438, Max: 0x00200000, ABSOLUTE, COMPRESSED[0x0000a32c])

    Execution Region ER_IROM1 (Exec base: 0x08000000, Load base: 0x08000000, Size: 0x0000a2f8, Max: 0x00200000, ABSOLUTE)

    Exec Addr    Load Addr    Size         Type   Attr      Idx    E Section Name        Object

    0x08000000   0x08000000   0x000001ac   Data   RO           11    RESET               startup_stm32f427xx.o
    0x080001ac   0x080001ac   0x00000000   Code   RO         1085  * .ARM.Collect$$$$00000000  mc_w.l(entry.o)
    0x080001ac   0x080001ac   0x00000004   Code   RO         1260    .ARM.Collect$$$$00000001  mc_w.l(entry2.o)
    0x080001b0   0x080001b0   0x00000004   Code   RO         1263    .ARM.Collect$$$$00000004  mc_w.l(entry5.o)
    0x080001b4   0x080001b4   0x00000000   Code   RO         1265    .ARM.Collect$$$$00000008  mc_w.l(entry7b.o)
    0x080001b4   0x080001b4   0x00000000   Code   RO         1267    .ARM.Collect$$$$0000000A  mc_w.l(entry8b.o)
    0x080001b4   0x080001b4   0x00000008   Code   RO         1268    .ARM.Collect$$$$0000000B  mc_w.l(entry9a.o)
    0x080001bc   0x080001bc   0x00000004   Code   RO         1275    .ARM.Collect$$$$0000000E  mc_w.l(entry12b.o)
    0x080001c0   0x080001c0   0x00000000   Code   RO         1270    .ARM.Collect$$$$0000000F  mc_w.l(entry10a.o)
    0x080001c0   0x080001c0   0x00000000   Code   RO         1272    .ARM.Collect$$$$00000011  mc_w.l(entry11a.o)
    0x080001c0   0x080001c0   0x00000004   Code   RO         1261    .ARM.Collect$$$$00002712  mc_w.l(entry2.o)
    0x080001c4   0x080001c4   0x000000be   Code   RO         1025    .emb_text           port.o
    0x08000282   0x08000282   0x00000002   PAD
    0x08000284   0x08000284   0x00000024   Code   RO           12    .text               startup_stm32f427xx.o
    0x080002a8   0x080002a8   0x00000062   Code   RO         1088    .text               mc_w.l(uldiv.o)
    0x0800030a   0x0800030a   0x00000024   Code   RO         1089    .text               mc_w.l(memcpya.o)
    0x0800032e   0x0800032e   0x00000024   Code   RO         1091    .text               mc_w.l(memseta.o)
    0x08000352   0x08000352   0x0000014e   Code   RO         1224    .text               mf_w.l(dadd.o)
    0x080004a0   0x080004a0   0x000000e4   Code   RO         1225    .text               mf_w.l(dmul.o)
    0x08000584   0x08000584   0x000000de   Code   RO         1226    .text               mf_w.l(ddiv.o)
    0x08000662   0x08000662   0x00000022   Code   RO         1228    .text               mf_w.l(dflti.o)
    0x08000684   0x08000684   0x00000026   Code   RO         1229    .text               mf_w.l(f2d.o)
    0x080006aa   0x080006aa   0x00000002   PAD
    0x080006ac   0x080006ac   0x00000030   Code   RO         1230    .text               mf_w.l(cdcmple.o)
    0x080006dc   0x080006dc   0x00000030   Code   RO         1231    .text               mf_w.l(cdrcmple.o)
    0x0800070c   0x0800070c   0x00000038   Code   RO         1232    .text               mf_w.l(d2f.o)
    0x08000744   0x08000744   0x0000002c   Code   RO         1277    .text               mc_w.l(uidiv.o)
    0x08000770   0x08000770   0x0000001e   Code   RO         1278    .text               mc_w.l(llshl.o)
    0x0800078e   0x0800078e   0x00000020   Code   RO         1279    .text               mc_w.l(llushr.o)
    0x080007ae   0x080007ae   0x00000024   Code   RO         1280    .text               mc_w.l(llsshr.o)
    0x080007d2   0x080007d2   0x00000000   Code   RO         1285    .text               mc_w.l(iusefp.o)
    0x080007d2   0x080007d2   0x0000006e   Code   RO         1286    .text               mf_w.l(fepilogue.o)
    0x08000840   0x08000840   0x000000ba   Code   RO         1287    .text               mf_w.l(depilogue.o)
    0x080008fa   0x080008fa   0x0000002e   Code   RO         1289    .text               mf_w.l(dscalb.o)
    0x08000928   0x08000928   0x000000a2   Code   RO         1290    .text               mf_w.l(dsqrt.o)
    0x080009ca   0x080009ca   0x00000086   Code   RO         1291    .text               mf_w.l(drem.o)
    0x08000a50   0x08000a50   0x00000030   Code   RO         1292    .text               mf_w.l(dfixul.o)
    0x08000a80   0x08000a80   0x00000024   Code   RO         1293    .text               mc_w.l(init.o)
    0x08000aa4   0x08000aa4   0x0000001a   Code   RO         1294    .text               mf_w.l(dfltui.o)
    0x08000abe   0x08000abe   0x0000003e   Code   RO         1295    .text               mf_w.l(dfixi.o)
    0x08000afc   0x08000afc   0x0000003a   Code   RO         1301    .text               mc_w.l(__dczerorl.o)
    0x08000b36   0x08000b36   0x0000006e   Code   RO          280    i.ADC_DMAConvCplt   stm32f4xx_hal_adc.o
    0x08000ba4   0x08000ba4   0x00000016   Code   RO          281    i.ADC_DMAError      stm32f4xx_hal_adc.o
    0x08000bba   0x08000bba   0x0000000a   Code   RO          282    i.ADC_DMAHalfConvCplt  stm32f4xx_hal_adc.o
    0x08000bc4   0x08000bc4   0x00000128   Code   RO          283    i.ADC_Init          stm32f4xx_hal_adc.o
    0x08000cec   0x08000cec   0x00000002   Code   RO          151    i.BusFault_Handler  stm32f4xx_it.o
    0x08000cee   0x08000cee   0x00000002   PAD
    0x08000cf0   0x08000cf0   0x000000d8   Code   RO          252    i.C610_init         control.o
    0x08000dc8   0x08000dc8   0x0000000c   Code   RO          152    i.CAN1_RX0_IRQHandler  stm32f4xx_it.o
    0x08000dd4   0x08000dd4   0x0000000c   Code   RO          153    i.CAN1_TX_IRQHandler  stm32f4xx_it.o
    0x08000de0   0x08000de0   0x0000000c   Code   RO          154    i.CAN2_RX0_IRQHandler  stm32f4xx_it.o
    0x08000dec   0x08000dec   0x0000000c   Code   RO          155    i.CAN2_TX_IRQHandler  stm32f4xx_it.o
    0x08000df8   0x08000df8   0x0000028c   Code   RO           16    i.Calculate         moter.o
    0x08001084   0x08001084   0x00000050   Code   RO          187    i.Can_TxMessage     bsp_can.o
    0x080010d4   0x080010d4   0x000000ac   Code   RO           55    i.Ctrl_Task         taks.o
    0x08001180   0x08001180   0x0000000c   Code   RO          156    i.DMA1_Stream5_IRQHandler  stm32f4xx_it.o
    0x0800118c   0x0800118c   0x0000000c   Code   RO          157    i.DMA1_Stream6_IRQHandler  stm32f4xx_it.o
    0x08001198   0x08001198   0x0000000c   Code   RO          158    i.DMA2_Stream0_IRQHandler  stm32f4xx_it.o
    0x080011a4   0x080011a4   0x0000000c   Code   RO          159    i.DMA2_Stream1_IRQHandler  stm32f4xx_it.o
    0x080011b0   0x080011b0   0x0000000c   Code   RO          160    i.DMA2_Stream2_IRQHandler  stm32f4xx_it.o
    0x080011bc   0x080011bc   0x0000000c   Code   RO          161    i.DMA2_Stream6_IRQHandler  stm32f4xx_it.o
    0x080011c8   0x080011c8   0x00000028   Code   RO          414    i.DMA_CalcBaseAndBitshift  stm32f4xx_hal_dma.o
    0x080011f0   0x080011f0   0x00000054   Code   RO          415    i.DMA_CheckFifoParam  stm32f4xx_hal_dma.o
    0x08001244   0x08001244   0x00000028   Code   RO          416    i.DMA_SetConfig     stm32f4xx_hal_dma.o
    0x0800126c   0x0800126c   0x00000002   Code   RO          162    i.DebugMon_Handler  stm32f4xx_it.o
    0x0800126e   0x0800126e   0x00000004   Code   RO           60    i.Error_Handler     main.o
    0x08001272   0x08001272   0x00000002   PAD
    0x08001274   0x08001274   0x000001b8   Code   RO           17    i.Exp_Speed_Cal     moter.o
    0x0800142c   0x0800142c   0x00000164   Code   RO          285    i.HAL_ADC_ConfigChannel  stm32f4xx_hal_adc.o
    0x08001590   0x08001590   0x00000002   Code   RO          286    i.HAL_ADC_ConvCpltCallback  stm32f4xx_hal_adc.o
    0x08001592   0x08001592   0x00000002   Code   RO          287    i.HAL_ADC_ConvHalfCpltCallback  stm32f4xx_hal_adc.o
    0x08001594   0x08001594   0x00000002   Code   RO          289    i.HAL_ADC_ErrorCallback  stm32f4xx_hal_adc.o
    0x08001596   0x08001596   0x00000054   Code   RO          294    i.HAL_ADC_Init      stm32f4xx_hal_adc.o
    0x080015ea   0x080015ea   0x00000002   PAD
    0x080015ec   0x080015ec   0x0000009c   Code   RO          101    i.HAL_ADC_MspInit   adc.o
    0x08001688   0x08001688   0x00000134   Code   RO          301    i.HAL_ADC_Start_DMA  stm32f4xx_hal_adc.o
    0x080017bc   0x080017bc   0x00000024   Code   RO          533    i.HAL_CAN_ActivateNotification  stm32f4xx_hal_can.o
    0x080017e0   0x080017e0   0x000000dc   Code   RO          534    i.HAL_CAN_AddTxMessage  stm32f4xx_hal_can.o
    0x080018bc   0x080018bc   0x0000010c   Code   RO          535    i.HAL_CAN_ConfigFilter  stm32f4xx_hal_can.o
    0x080019c8   0x080019c8   0x00000002   Code   RO          538    i.HAL_CAN_ErrorCallback  stm32f4xx_hal_can.o
    0x080019ca   0x080019ca   0x000000e8   Code   RO          541    i.HAL_CAN_GetRxMessage  stm32f4xx_hal_can.o
    0x08001ab2   0x08001ab2   0x0000002c   Code   RO          543    i.HAL_CAN_GetTxMailboxesFreeLevel  stm32f4xx_hal_can.o
    0x08001ade   0x08001ade   0x000001fc   Code   RO          545    i.HAL_CAN_IRQHandler  stm32f4xx_hal_can.o
    0x08001cda   0x08001cda   0x0000011a   Code   RO          546    i.HAL_CAN_Init      stm32f4xx_hal_can.o
    0x08001df4   0x08001df4   0x00000118   Code   RO          108    i.HAL_CAN_MspInit   can.o
    0x08001f0c   0x08001f0c   0x00000002   Code   RO          553    i.HAL_CAN_RxFifo0FullCallback  stm32f4xx_hal_can.o
    0x08001f0e   0x08001f0e   0x00000002   PAD
    0x08001f10   0x08001f10   0x00000130   Code   RO          188    i.HAL_CAN_RxFifo0MsgPendingCallback  bsp_can.o
    0x08002040   0x08002040   0x00000002   Code   RO          555    i.HAL_CAN_RxFifo1FullCallback  stm32f4xx_hal_can.o
    0x08002042   0x08002042   0x00000002   Code   RO          556    i.HAL_CAN_RxFifo1MsgPendingCallback  stm32f4xx_hal_can.o
    0x08002044   0x08002044   0x00000002   Code   RO          557    i.HAL_CAN_SleepCallback  stm32f4xx_hal_can.o
    0x08002046   0x08002046   0x00000056   Code   RO          558    i.HAL_CAN_Start     stm32f4xx_hal_can.o
    0x0800209c   0x0800209c   0x00000002   Code   RO          560    i.HAL_CAN_TxMailbox0AbortCallback  stm32f4xx_hal_can.o
    0x0800209e   0x0800209e   0x00000002   Code   RO          561    i.HAL_CAN_TxMailbox0CompleteCallback  stm32f4xx_hal_can.o
    0x080020a0   0x080020a0   0x00000002   Code   RO          562    i.HAL_CAN_TxMailbox1AbortCallback  stm32f4xx_hal_can.o
    0x080020a2   0x080020a2   0x00000002   Code   RO          563    i.HAL_CAN_TxMailbox1CompleteCallback  stm32f4xx_hal_can.o
    0x080020a4   0x080020a4   0x00000002   Code   RO          564    i.HAL_CAN_TxMailbox2AbortCallback  stm32f4xx_hal_can.o
    0x080020a6   0x080020a6   0x00000002   Code   RO          565    i.HAL_CAN_TxMailbox2CompleteCallback  stm32f4xx_hal_can.o
    0x080020a8   0x080020a8   0x00000002   Code   RO          567    i.HAL_CAN_WakeUpFromRxMsgCallback  stm32f4xx_hal_can.o
    0x080020aa   0x080020aa   0x0000008e   Code   RO          417    i.HAL_DMA_Abort     stm32f4xx_hal_dma.o
    0x08002138   0x08002138   0x00000024   Code   RO          418    i.HAL_DMA_Abort_IT  stm32f4xx_hal_dma.o
    0x0800215c   0x0800215c   0x000001a0   Code   RO          422    i.HAL_DMA_IRQHandler  stm32f4xx_hal_dma.o
    0x080022fc   0x080022fc   0x000000d4   Code   RO          423    i.HAL_DMA_Init      stm32f4xx_hal_dma.o
    0x080023d0   0x080023d0   0x00000046   Code   RO          426    i.HAL_DMA_Start     stm32f4xx_hal_dma.o
    0x08002416   0x08002416   0x0000006e   Code   RO          427    i.HAL_DMA_Start_IT  stm32f4xx_hal_dma.o
    0x08002484   0x08002484   0x00000024   Code   RO          494    i.HAL_Delay         stm32f4xx_hal.o
    0x080024a8   0x080024a8   0x000001d0   Code   RO          399    i.HAL_GPIO_Init     stm32f4xx_hal_gpio.o
    0x08002678   0x08002678   0x0000000a   Code   RO          403    i.HAL_GPIO_WritePin  stm32f4xx_hal_gpio.o
    0x08002682   0x08002682   0x00000002   PAD
    0x08002684   0x08002684   0x0000000c   Code   RO          502    i.HAL_GetTick       stm32f4xx_hal.o
    0x08002690   0x08002690   0x00000010   Code   RO          508    i.HAL_IncTick       stm32f4xx_hal.o
    0x080026a0   0x080026a0   0x00000034   Code   RO          509    i.HAL_Init          stm32f4xx_hal.o
    0x080026d4   0x080026d4   0x00000074   Code   RO          180    i.HAL_InitTick      stm32f4xx_hal_timebase_tim.o
    0x08002748   0x08002748   0x00000038   Code   RO          176    i.HAL_MspInit       stm32f4xx_hal_msp.o
    0x08002780   0x08002780   0x0000001a   Code   RO          470    i.HAL_NVIC_EnableIRQ  stm32f4xx_hal_cortex.o
    0x0800279a   0x0800279a   0x00000002   PAD
    0x0800279c   0x0800279c   0x00000040   Code   RO          476    i.HAL_NVIC_SetPriority  stm32f4xx_hal_cortex.o
    0x080027dc   0x080027dc   0x00000024   Code   RO          477    i.HAL_NVIC_SetPriorityGrouping  stm32f4xx_hal_cortex.o
    0x08002800   0x08002800   0x00000070   Code   RO          459    i.HAL_PWREx_EnableOverDrive  stm32f4xx_hal_pwr_ex.o
    0x08002870   0x08002870   0x00000134   Code   RO          328    i.HAL_RCC_ClockConfig  stm32f4xx_hal_rcc.o
    0x080029a4   0x080029a4   0x00000040   Code   RO          332    i.HAL_RCC_GetClockConfig  stm32f4xx_hal_rcc.o
    0x080029e4   0x080029e4   0x00000020   Code   RO          335    i.HAL_RCC_GetPCLK1Freq  stm32f4xx_hal_rcc.o
    0x08002a04   0x08002a04   0x00000020   Code   RO          336    i.HAL_RCC_GetPCLK2Freq  stm32f4xx_hal_rcc.o
    0x08002a24   0x08002a24   0x00000064   Code   RO          337    i.HAL_RCC_GetSysClockFreq  stm32f4xx_hal_rcc.o
    0x08002a88   0x08002a88   0x00000348   Code   RO          340    i.HAL_RCC_OscConfig  stm32f4xx_hal_rcc.o
    0x08002dd0   0x08002dd0   0x00000080   Code   RO          582    i.HAL_SPI_Init      stm32f4xx_hal_spi.o
    0x08002e50   0x08002e50   0x0000006c   Code   RO          121    i.HAL_SPI_MspInit   spi.o
    0x08002ebc   0x08002ebc   0x000001da   Code   RO          591    i.HAL_SPI_TransmitReceive  stm32f4xx_hal_spi.o
    0x08003096   0x08003096   0x00000002   Code   RO          744    i.HAL_TIMEx_BreakCallback  stm32f4xx_hal_tim_ex.o
    0x08003098   0x08003098   0x00000002   Code   RO          745    i.HAL_TIMEx_CommutCallback  stm32f4xx_hal_tim_ex.o
    0x0800309a   0x0800309a   0x00000002   PAD
    0x0800309c   0x0800309c   0x00000090   Code   RO          762    i.HAL_TIMEx_MasterConfigSynchronization  stm32f4xx_hal_tim_ex.o
    0x0800312c   0x0800312c   0x00000036   Code   RO          631    i.HAL_TIM_Base_Init  stm32f4xx_hal_tim.o
    0x08003162   0x08003162   0x00000002   PAD
    0x08003164   0x08003164   0x0000003c   Code   RO          128    i.HAL_TIM_Base_MspInit  tim.o
    0x080031a0   0x080031a0   0x00000022   Code   RO          636    i.HAL_TIM_Base_Start_IT  stm32f4xx_hal_tim.o
    0x080031c2   0x080031c2   0x00000002   Code   RO          660    i.HAL_TIM_IC_CaptureCallback  stm32f4xx_hal_tim.o
    0x080031c4   0x080031c4   0x00000166   Code   RO          674    i.HAL_TIM_IRQHandler  stm32f4xx_hal_tim.o
    0x0800332a   0x0800332a   0x00000002   PAD
    0x0800332c   0x0800332c   0x000000dc   Code   RO          129    i.HAL_TIM_MspPostInit  tim.o
    0x08003408   0x08003408   0x00000002   Code   RO          677    i.HAL_TIM_OC_DelayElapsedCallback  stm32f4xx_hal_tim.o
    0x0800340a   0x0800340a   0x000000d0   Code   RO          698    i.HAL_TIM_PWM_ConfigChannel  stm32f4xx_hal_tim.o
    0x080034da   0x080034da   0x00000036   Code   RO          701    i.HAL_TIM_PWM_Init  stm32f4xx_hal_tim.o
    0x08003510   0x08003510   0x00000060   Code   RO          131    i.HAL_TIM_PWM_MspInit  tim.o
    0x08003570   0x08003570   0x00000002   Code   RO          704    i.HAL_TIM_PWM_PulseFinishedCallback  stm32f4xx_hal_tim.o
    0x08003572   0x08003572   0x00000002   PAD
    0x08003574   0x08003574   0x00000044   Code   RO          706    i.HAL_TIM_PWM_Start  stm32f4xx_hal_tim.o
    0x080035b8   0x080035b8   0x00000134   Code   RO           61    i.HAL_TIM_PeriodElapsedCallback  main.o
    0x080036ec   0x080036ec   0x00000002   Code   RO          717    i.HAL_TIM_TriggerCallback  stm32f4xx_hal_tim.o
    0x080036ee   0x080036ee   0x00000058   Code   RO          805    i.HAL_UART_DMAStop  stm32f4xx_hal_uart.o
    0x08003746   0x08003746   0x00000002   Code   RO          807    i.HAL_UART_ErrorCallback  stm32f4xx_hal_uart.o
    0x08003748   0x08003748   0x00000114   Code   RO          810    i.HAL_UART_IRQHandler  stm32f4xx_hal_uart.o
    0x0800385c   0x0800385c   0x00000062   Code   RO          811    i.HAL_UART_Init     stm32f4xx_hal_uart.o
    0x080038be   0x080038be   0x00000002   PAD
    0x080038c0   0x080038c0   0x000002bc   Code   RO          141    i.HAL_UART_MspInit  usart.o
    0x08003b7c   0x08003b7c   0x00000098   Code   RO          815    i.HAL_UART_Receive_DMA  stm32f4xx_hal_uart.o
    0x08003c14   0x08003c14   0x00000002   Code   RO           62    i.HAL_UART_RxCpltCallback  main.o
    0x08003c16   0x08003c16   0x00000002   Code   RO          818    i.HAL_UART_RxHalfCpltCallback  stm32f4xx_hal_uart.o
    0x08003c18   0x08003c18   0x000000ba   Code   RO          819    i.HAL_UART_Transmit  stm32f4xx_hal_uart.o
    0x08003cd2   0x08003cd2   0x00000002   PAD
    0x08003cd4   0x08003cd4   0x00000080   Code   RO          820    i.HAL_UART_Transmit_DMA  stm32f4xx_hal_uart.o
    0x08003d54   0x08003d54   0x00000002   Code   RO          822    i.HAL_UART_TxCpltCallback  stm32f4xx_hal_uart.o
    0x08003d56   0x08003d56   0x00000002   Code   RO          823    i.HAL_UART_TxHalfCpltCallback  stm32f4xx_hal_uart.o
    0x08003d58   0x08003d58   0x00000002   Code   RO          163    i.HardFault_Handler  stm32f4xx_it.o
    0x08003d5a   0x08003d5a   0x00000002   PAD
    0x08003d5c   0x08003d5c   0x00000050   Code   RO           18    i.Kinematics_Init   moter.o
    0x08003dac   0x08003dac   0x000000d4   Code   RO          102    i.MX_ADC1_Init      adc.o
    0x08003e80   0x08003e80   0x00000044   Code   RO          109    i.MX_CAN1_Init      can.o
    0x08003ec4   0x08003ec4   0x00000044   Code   RO          110    i.MX_CAN2_Init      can.o
    0x08003f08   0x08003f08   0x0000008c   Code   RO          116    i.MX_DMA_Init       dma.o
    0x08003f94   0x08003f94   0x00000068   Code   RO           82    i.MX_FREERTOS_Init  freertos.o
    0x08003ffc   0x08003ffc   0x000001cc   Code   RO           78    i.MX_GPIO_Init      gpio.o
    0x080041c8   0x080041c8   0x00000048   Code   RO          122    i.MX_SPI5_Init      spi.o
    0x08004210   0x08004210   0x000000a0   Code   RO          132    i.MX_TIM4_Init      tim.o
    0x080042b0   0x080042b0   0x000000a0   Code   RO          133    i.MX_TIM5_Init      tim.o
    0x08004350   0x08004350   0x00000044   Code   RO          134    i.MX_TIM7_Init      tim.o
    0x08004394   0x08004394   0x0000006c   Code   RO          135    i.MX_TIM9_Init      tim.o
    0x08004400   0x08004400   0x00000040   Code   RO          142    i.MX_USART1_UART_Init  usart.o
    0x08004440   0x08004440   0x00000038   Code   RO          143    i.MX_USART2_UART_Init  usart.o
    0x08004478   0x08004478   0x00000038   Code   RO          144    i.MX_USART3_UART_Init  usart.o
    0x080044b0   0x080044b0   0x00000038   Code   RO          145    i.MX_USART6_UART_Init  usart.o
    0x080044e8   0x080044e8   0x00000002   Code   RO          164    i.MemManage_Handler  stm32f4xx_it.o
    0x080044ea   0x080044ea   0x00000002   Code   RO          165    i.NMI_Handler       stm32f4xx_it.o
    0x080044ec   0x080044ec   0x00000018   Code   RO          212    i.PID_struct_init   pid.o
    0x08004504   0x08004504   0x00000058   Code   RO          620    i.SPI_EndRxTxTransaction  stm32f4xx_hal_spi.o
    0x0800455c   0x0800455c   0x00000094   Code   RO          625    i.SPI_WaitFlagStateUntilTimeout  stm32f4xx_hal_spi.o
    0x080045f0   0x080045f0   0x0000000c   Code   RO           19    i.Set_Vel           moter.o
    0x080045fc   0x080045fc   0x00000188   Code   RO           83    i.StartDefaultTask  freertos.o
    0x08004784   0x08004784   0x000001c0   Code   RO           84    i.StartTask02       freertos.o
    0x08004944   0x08004944   0x0000007c   Code   RO           85    i.StartTask03       freertos.o
    0x080049c0   0x080049c0   0x00000012   Code   RO           86    i.StartTask04       freertos.o
    0x080049d2   0x080049d2   0x00000002   PAD
    0x080049d4   0x080049d4   0x0000002c   Code   RO         1026    i.SysTick_Handler   port.o
    0x08004a00   0x08004a00   0x000000a0   Code   RO           63    i.SystemClock_Config  main.o
    0x08004aa0   0x08004aa0   0x0000001c   Code   RO            5    i.SystemInit        system_stm32f4xx.o
    0x08004abc   0x08004abc   0x0000000c   Code   RO          166    i.TIM6_DAC_IRQHandler  stm32f4xx_it.o
    0x08004ac8   0x08004ac8   0x0000000c   Code   RO          167    i.TIM7_IRQHandler   stm32f4xx_it.o
    0x08004ad4   0x08004ad4   0x000000c8   Code   RO          719    i.TIM_Base_SetConfig  stm32f4xx_hal_tim.o
    0x08004b9c   0x08004b9c   0x0000001a   Code   RO          720    i.TIM_CCxChannelCmd  stm32f4xx_hal_tim.o
    0x08004bb6   0x08004bb6   0x00000002   PAD
    0x08004bb8   0x08004bb8   0x00000060   Code   RO          732    i.TIM_OC1_SetConfig  stm32f4xx_hal_tim.o
    0x08004c18   0x08004c18   0x0000006c   Code   RO          733    i.TIM_OC2_SetConfig  stm32f4xx_hal_tim.o
    0x08004c84   0x08004c84   0x00000068   Code   RO          734    i.TIM_OC3_SetConfig  stm32f4xx_hal_tim.o
    0x08004cec   0x08004cec   0x00000050   Code   RO          735    i.TIM_OC4_SetConfig  stm32f4xx_hal_tim.o
    0x08004d3c   0x08004d3c   0x00000010   Code   RO          824    i.UART_DMAAbortOnError  stm32f4xx_hal_uart.o
    0x08004d4c   0x08004d4c   0x0000004a   Code   RO          825    i.UART_DMAError     stm32f4xx_hal_uart.o
    0x08004d96   0x08004d96   0x0000003c   Code   RO          826    i.UART_DMAReceiveCplt  stm32f4xx_hal_uart.o
    0x08004dd2   0x08004dd2   0x0000000a   Code   RO          828    i.UART_DMARxHalfCplt  stm32f4xx_hal_uart.o
    0x08004ddc   0x08004ddc   0x0000002e   Code   RO          830    i.UART_DMATransmitCplt  stm32f4xx_hal_uart.o
    0x08004e0a   0x08004e0a   0x0000000a   Code   RO          832    i.UART_DMATxHalfCplt  stm32f4xx_hal_uart.o
    0x08004e14   0x08004e14   0x0000001c   Code   RO          834    i.UART_EndRxTransfer  stm32f4xx_hal_uart.o
    0x08004e30   0x08004e30   0x00000012   Code   RO          835    i.UART_EndTxTransfer  stm32f4xx_hal_uart.o
    0x08004e42   0x08004e42   0x00000096   Code   RO          836    i.UART_Receive_IT   stm32f4xx_hal_uart.o
    0x08004ed8   0x08004ed8   0x00000128   Code   RO          837    i.UART_SetConfig    stm32f4xx_hal_uart.o
    0x08005000   0x08005000   0x00000062   Code   RO          838    i.UART_Transmit_IT  stm32f4xx_hal_uart.o
    0x08005062   0x08005062   0x00000062   Code   RO          839    i.UART_WaitOnFlagUntilTimeout  stm32f4xx_hal_uart.o
    0x080050c4   0x080050c4   0x00000018   Code   RO          168    i.USART1_IRQHandler  stm32f4xx_it.o
    0x080050dc   0x080050dc   0x00000094   Code   RO          169    i.USART2_IRQHandler  stm32f4xx_it.o
    0x08005170   0x08005170   0x00000048   Code   RO          170    i.USART6_IRQHandler  stm32f4xx_it.o
    0x080051b8   0x080051b8   0x00000002   Code   RO          171    i.UsageFault_Handler  stm32f4xx_it.o
    0x080051ba   0x080051ba   0x00000002   PAD
    0x080051bc   0x080051bc   0x00000020   Code   RO         1210    i.__0printf         mc_w.l(printfa.o)
    0x080051dc   0x080051dc   0x00000030   Code   RO         1250    i.__ARM_fpclassify  m_wm.l(fpclassify.o)
    0x0800520c   0x0800520c   0x00000020   Code   RO          483    i.__NVIC_SetPriority  stm32f4xx_hal_cortex.o
    0x0800522c   0x0800522c   0x00000004   PAD
    0x08005230   0x08005230   0x00000360   Code   RO         1036    i.__hardfp_asin     m_wm.l(asin.o)
    0x08005590   0x08005590   0x000002d8   Code   RO         1233    i.__hardfp_atan     m_wm.l(atan.o)
    0x08005868   0x08005868   0x00000200   Code   RO         1044    i.__hardfp_atan2    m_wm.l(atan2.o)
    0x08005a68   0x08005a68   0x000000c8   Code   RO         1050    i.__hardfp_cos      m_wm.l(cos.o)
    0x08005b30   0x08005b30   0x00000014   Code   RO         1056    i.__hardfp_fabs     m_wm.l(fabs.o)
    0x08005b44   0x08005b44   0x00000104   Code   RO         1059    i.__hardfp_fmod     m_wm.l(fmod.o)
    0x08005c48   0x08005c48   0x00000c50   Code   RO         1065    i.__hardfp_pow      m_wm.l(pow.o)
    0x08006898   0x08006898   0x000000c8   Code   RO         1073    i.__hardfp_sin      m_wm.l(sin.o)
    0x08006960   0x08006960   0x0000007a   Code   RO         1079    i.__hardfp_sqrt     m_wm.l(sqrt.o)
    0x080069da   0x080069da   0x00000006   PAD
    0x080069e0   0x080069e0   0x00000438   Code   RO         1253    i.__ieee754_rem_pio2  m_wm.l(rred.o)
    0x08006e18   0x08006e18   0x00000170   Code   RO         1241    i.__kernel_cos      m_wm.l(cos_i.o)
    0x08006f88   0x08006f88   0x000000f8   Code   RO         1251    i.__kernel_poly     m_wm.l(poly.o)
    0x08007080   0x08007080   0x00000130   Code   RO         1256    i.__kernel_sin      m_wm.l(sin_i.o)
    0x080071b0   0x080071b0   0x00000030   Code   RO         1243    i.__mathlib_dbl_divzero  m_wm.l(dunder.o)
    0x080071e0   0x080071e0   0x00000014   Code   RO         1244    i.__mathlib_dbl_infnan  m_wm.l(dunder.o)
    0x080071f4   0x080071f4   0x00000014   Code   RO         1245    i.__mathlib_dbl_infnan2  m_wm.l(dunder.o)
    0x08007208   0x08007208   0x00000020   Code   RO         1246    i.__mathlib_dbl_invalid  m_wm.l(dunder.o)
    0x08007228   0x08007228   0x00000020   Code   RO         1247    i.__mathlib_dbl_overflow  m_wm.l(dunder.o)
    0x08007248   0x08007248   0x00000020   Code   RO         1249    i.__mathlib_dbl_underflow  m_wm.l(dunder.o)
    0x08007268   0x08007268   0x0000000e   Code   RO         1298    i.__scatterload_copy  mc_w.l(handlers.o)
    0x08007276   0x08007276   0x00000002   Code   RO         1299    i.__scatterload_null  mc_w.l(handlers.o)
    0x08007278   0x08007278   0x0000000e   Code   RO         1300    i.__scatterload_zeroinit  mc_w.l(handlers.o)
    0x08007286   0x08007286   0x00000002   PAD
    0x08007288   0x08007288   0x0000000c   Code   RO         1283    i.__set_errno       mc_w.l(errno.o)
    0x08007294   0x08007294   0x00000184   Code   RO         1217    i._fp_digits        mc_w.l(printfa.o)
    0x08007418   0x08007418   0x000006b4   Code   RO         1218    i._printf_core      mc_w.l(printfa.o)
    0x08007acc   0x08007acc   0x00000024   Code   RO         1219    i._printf_post_padding  mc_w.l(printfa.o)
    0x08007af0   0x08007af0   0x0000002e   Code   RO         1220    i._printf_pre_padding  mc_w.l(printfa.o)
    0x08007b1e   0x08007b1e   0x0000002a   Code   RO          213    i.abs_limit         pid.o
    0x08007b48   0x08007b48   0x00000010   Code   RO         1235    i.atan              m_wm.l(atan.o)
    0x08007b58   0x08007b58   0x0000004e   Code   RO          189    i.can_filter_recv_special  bsp_can.o
    0x08007ba6   0x08007ba6   0x00000002   PAD
    0x08007ba8   0x08007ba8   0x00000048   Code   RO          272    i.dbus_uart_init    bsp_uart.o
    0x08007bf0   0x08007bf0   0x00000184   Code   RO           22    i.duo_lun_Dir_init  moter.o
    0x08007d74   0x08007d74   0x0000014c   Code   RO           23    i.duo_lun_speed_init  moter.o
    0x08007ec0   0x08007ec0   0x00000018   Code   RO         1058    i.fabs              m_wm.l(fabs.o)
    0x08007ed8   0x08007ed8   0x00000018   Code   RO          146    i.fputc             usart.o
    0x08007ef0   0x08007ef0   0x00000050   Code   RO          192    i.get_moto_measure  bsp_can.o
    0x08007f40   0x08007f40   0x0000000a   Code   RO          193    i.get_moto_offset   bsp_can.o
    0x08007f4a   0x08007f4a   0x00000002   PAD
    0x08007f4c   0x08007f4c   0x000004aa   Code   RO          228    i.imu_ahrs_update   bsp_imu.o
    0x080083f6   0x080083f6   0x00000002   PAD
    0x080083f8   0x080083f8   0x00000194   Code   RO          229    i.imu_attitude_update  bsp_imu.o
    0x0800858c   0x0800858c   0x000001cc   Code   RO          230    i.init_quaternion   bsp_imu.o
    0x08008758   0x08008758   0x0000002c   Code   RO          231    i.inv_sqrt          bsp_imu.o
    0x08008784   0x08008784   0x0000000a   Code   RO          232    i.ist8310_get_data  bsp_imu.o
    0x0800878e   0x0800878e   0x00000100   Code   RO          233    i.ist8310_init      bsp_imu.o
    0x0800888e   0x0800888e   0x00000038   Code   RO          234    i.ist_reg_read_by_mpu  bsp_imu.o
    0x080088c6   0x080088c6   0x00000042   Code   RO          235    i.ist_reg_write_by_mpu  bsp_imu.o
    0x08008908   0x08008908   0x0000002a   Code   RO           24    i.limit_speedd      moter.o
    0x08008932   0x08008932   0x00000002   PAD
    0x08008934   0x08008934   0x00000090   Code   RO           64    i.main              main.o
    0x080089c4   0x080089c4   0x0000000c   Code   RO          962    i.makeFreeRtosPriority  cmsis_os.o
    0x080089d0   0x080089d0   0x00000060   Code   RO          236    i.mpu_device_init   bsp_imu.o
    0x08008a30   0x08008a30   0x0000013c   Code   RO          237    i.mpu_get_data      bsp_imu.o
    0x08008b6c   0x08008b6c   0x0000008e   Code   RO          238    i.mpu_master_i2c_auto_read_config  bsp_imu.o
    0x08008bfa   0x08008bfa   0x00000002   PAD
    0x08008bfc   0x08008bfc   0x000000a4   Code   RO          239    i.mpu_offset_call   bsp_imu.o
    0x08008ca0   0x08008ca0   0x00000050   Code   RO          240    i.mpu_read_byte     bsp_imu.o
    0x08008cf0   0x08008cf0   0x0000005c   Code   RO          241    i.mpu_read_bytes    bsp_imu.o
    0x08008d4c   0x08008d4c   0x0000000a   Code   RO          242    i.mpu_set_accel_fsr  bsp_imu.o
    0x08008d56   0x08008d56   0x0000000a   Code   RO          243    i.mpu_set_gyro_fsr  bsp_imu.o
    0x08008d60   0x08008d60   0x00000054   Code   RO          244    i.mpu_write_byte    bsp_imu.o
    0x08008db4   0x08008db4   0x0000004e   Code   RO          195    i.my_can_filter_init_recv_all  bsp_can.o
    0x08008e02   0x08008e02   0x0000000e   Code   RO          964    i.osDelay           cmsis_os.o
    0x08008e10   0x08008e10   0x0000000a   Code   RO          967    i.osKernelStart     cmsis_os.o
    0x08008e1a   0x08008e1a   0x00000054   Code   RO         1001    i.osThreadCreate    cmsis_os.o
    0x08008e6e   0x08008e6e   0x00000002   PAD
    0x08008e70   0x08008e70   0x000001c4   Code   RO          214    i.pid_calc          pid.o
    0x08009034   0x08009034   0x0000000e   Code   RO          215    i.pid_param_init    pid.o
    0x08009042   0x08009042   0x00000006   Code   RO          216    i.pid_reset         pid.o
    0x08009048   0x08009048   0x00000070   Code   RO          908    i.prvAddCurrentTaskToDelayedList  tasks.o
    0x080090b8   0x080090b8   0x000000d0   Code   RO          909    i.prvAddNewTaskToReadyList  tasks.o
    0x08009188   0x08009188   0x00000034   Code   RO          910    i.prvDeleteTCB      tasks.o
    0x080091bc   0x080091bc   0x0000004c   Code   RO         1016    i.prvHeapInit       heap_4.o
    0x08009208   0x08009208   0x0000005c   Code   RO          911    i.prvIdleTask       tasks.o
    0x08009264   0x08009264   0x00000098   Code   RO          912    i.prvInitialiseNewTask  tasks.o
    0x080092fc   0x080092fc   0x0000004c   Code   RO         1017    i.prvInsertBlockIntoFreeList  heap_4.o
    0x08009348   0x08009348   0x00000020   Code   RO          913    i.prvResetNextTaskUnblockTime  tasks.o
    0x08009368   0x08009368   0x00000028   Code   RO         1027    i.prvTaskExitError  port.o
    0x08009390   0x08009390   0x000000d8   Code   RO         1018    i.pvPortMalloc      heap_4.o
    0x08009468   0x08009468   0x0000002c   Code   RO         1028    i.pxPortInitialiseStack  port.o
    0x08009494   0x08009494   0x0000008c   Code   RO          274    i.rc_callback_handler  bsp_uart.o
    0x08009520   0x08009520   0x00000024   Code   RO          256    i.send_com          control.o
    0x08009544   0x08009544   0x0000008c   Code   RO           25    i.setMotor          moter.o
    0x080095d0   0x080095d0   0x00000094   Code   RO           26    i.setMotor_dir      moter.o
    0x08009664   0x08009664   0x0000009c   Code   RO           27    i.setSingleMotor    moter.o
    0x08009700   0x08009700   0x00000124   Code   RO           28    i.setSingleMotor_jiaodu  moter.o
    0x08009824   0x08009824   0x00000010   Code   RO          261    i.set_exp           control.o
    0x08009834   0x08009834   0x00000044   Code   RO          196    i.set_moto2_current  bsp_can.o
    0x08009878   0x08009878   0x00000042   Code   RO          197    i.set_moto_current  bsp_can.o
    0x080098ba   0x080098ba   0x0000006e   Code   RO         1081    i.sqrt              m_wm.l(sqrt.o)
    0x08009928   0x08009928   0x00000060   Code   RO          275    i.uart_receive_handler  bsp_uart.o
    0x08009988   0x08009988   0x00000026   Code   RO          851    i.uxListRemove      list.o
    0x080099ae   0x080099ae   0x00000002   PAD
    0x080099b0   0x080099b0   0x00000014   Code   RO           87    i.vApplicationGetIdleTaskMemory  freertos.o
    0x080099c4   0x080099c4   0x00000016   Code   RO          852    i.vListInitialise   list.o
    0x080099da   0x080099da   0x00000006   Code   RO          853    i.vListInitialiseItem  list.o
    0x080099e0   0x080099e0   0x00000030   Code   RO          854    i.vListInsert       list.o
    0x08009a10   0x08009a10   0x00000018   Code   RO          855    i.vListInsertEnd    list.o
    0x08009a28   0x08009a28   0x00000040   Code   RO         1030    i.vPortEnterCritical  port.o
    0x08009a68   0x08009a68   0x00000028   Code   RO         1031    i.vPortExitCritical  port.o
    0x08009a90   0x08009a90   0x0000005c   Code   RO         1019    i.vPortFree         heap_4.o
    0x08009aec   0x08009aec   0x00000024   Code   RO         1032    i.vPortSetupTimerInterrupt  port.o
    0x08009b10   0x08009b10   0x0000004c   Code   RO          921    i.vTaskDelay        tasks.o
    0x08009b5c   0x08009b5c   0x0000006c   Code   RO          934    i.vTaskStartScheduler  tasks.o
    0x08009bc8   0x08009bc8   0x00000010   Code   RO          936    i.vTaskSuspendAll   tasks.o
    0x08009bd8   0x08009bd8   0x0000005c   Code   RO          937    i.vTaskSwitchContext  tasks.o
    0x08009c34   0x08009c34   0x000000f4   Code   RO         1034    i.xPortStartScheduler  port.o
    0x08009d28   0x08009d28   0x0000005a   Code   RO          939    i.xTaskCreate       tasks.o
    0x08009d82   0x08009d82   0x0000005a   Code   RO          940    i.xTaskCreateStatic  tasks.o
    0x08009ddc   0x08009ddc   0x000000c8   Code   RO          947    i.xTaskIncrementTick  tasks.o
    0x08009ea4   0x08009ea4   0x000000c4   Code   RO          953    i.xTaskResumeAll    tasks.o
    0x08009f68   0x08009f68   0x00000010   Data   RO            6    .constdata          system_stm32f4xx.o
    0x08009f78   0x08009f78   0x00000008   Data   RO            7    .constdata          system_stm32f4xx.o
    0x08009f80   0x08009f80   0x00000070   Data   RO           90    .constdata          freertos.o
    0x08009ff0   0x08009ff0   0x00000014   Data   RO          246    .constdata          bsp_imu.o
    0x0800a004   0x0800a004   0x00000008   Data   RO          429    .constdata          stm32f4xx_hal_dma.o
    0x0800a00c   0x0800a00c   0x00000004   PAD
    0x0800a010   0x0800a010   0x00000050   Data   RO         1039    .constdata          m_wm.l(asin.o)
    0x0800a060   0x0800a060   0x00000088   Data   RO         1068    .constdata          m_wm.l(pow.o)
    0x0800a0e8   0x0800a0e8   0x00000098   Data   RO         1236    .constdata          m_wm.l(atan.o)
    0x0800a180   0x0800a180   0x00000030   Data   RO         1242    .constdata          m_wm.l(cos_i.o)
    0x0800a1b0   0x0800a1b0   0x00000008   Data   RO         1252    .constdata          m_wm.l(qnan.o)
    0x0800a1b8   0x0800a1b8   0x000000c8   Data   RO         1255    .constdata          m_wm.l(rred.o)
    0x0800a280   0x0800a280   0x00000028   Data   RO         1257    .constdata          m_wm.l(sin_i.o)
    0x0800a2a8   0x0800a2a8   0x00000030   Data   RO           91    .conststring        freertos.o
    0x0800a2d8   0x0800a2d8   0x00000020   Data   RO         1296    Region$$Table       anon$$obj.o


    Execution Region RW_IRAM1 (Exec base: 0x20000000, Load base: 0x0800a2f8, Size: 0x00006238, Max: 0x00030000, ABSOLUTE, COMPRESSED[0x00000034])

    Exec Addr    Load Addr    Size         Type   Attr      Idx    E Section Name        Object

    0x20000000   COMPRESSED   0x00000004   Data   RW            8    .data               system_stm32f4xx.o
    0x20000004   COMPRESSED   0x00000028   Data   RW           40    .data               moter.o
    0x2000002c   COMPRESSED   0x00000008   Data   RW           56    .data               taks.o
    0x20000034   COMPRESSED   0x00000001   Data   RW           68    .data               main.o
    0x20000035   COMPRESSED   0x00000001   Data   RW           69    .data               main.o
    0x20000036   COMPRESSED   0x00000001   Data   RW           71    .data               main.o
    0x20000037   COMPRESSED   0x00000001   Data   RW           72    .data               main.o
    0x20000038   COMPRESSED   0x0000002c   Data   RW           93    .data               freertos.o
    0x20000064   COMPRESSED   0x00000004   Data   RW          112    .data               can.o
    0x20000068   COMPRESSED   0x00000004   Data   RW          172    .data               stm32f4xx_it.o
    0x2000006c   COMPRESSED   0x00000060   Data   RW          247    .data               bsp_imu.o
    0x200000cc   COMPRESSED   0x0000000c   Data   RW          516    .data               stm32f4xx_hal.o
    0x200000d8   COMPRESSED   0x0000003c   Data   RW          956    .data               tasks.o
    0x20000114   COMPRESSED   0x00000018   Data   RW         1024    .data               heap_4.o
    0x2000012c   COMPRESSED   0x0000000c   Data   RW         1035    .data               port.o
    0x20000138   COMPRESSED   0x00000004   Data   RW         1276    .data               mc_w.l(stdout.o)
    0x2000013c   COMPRESSED   0x00000004   Data   RW         1284    .data               mc_w.l(errno.o)
    0x20000140        -       0x0000080c   Zero   RW           34    .bss                moter.o
    0x2000094c        -       0x00000064   Zero   RW           65    .bss                main.o
    0x200009b0        -       0x00000064   Zero   RW           66    .bss                main.o
    0x20000a14        -       0x00000464   Zero   RW           88    .bss                freertos.o
    0x20000e78        -       0x000000a8   Zero   RW          103    .bss                adc.o
    0x20000f20        -       0x00000050   Zero   RW          111    .bss                can.o
    0x20000f70        -       0x00000058   Zero   RW          123    .bss                spi.o
    0x20000fc8        -       0x00000100   Zero   RW          136    .bss                tim.o
    0x200010c8        -       0x000002e0   Zero   RW          147    .bss                usart.o
    0x200013a8        -       0x00000040   Zero   RW          183    .bss                stm32f4xx_hal_timebase_tim.o
    0x200013e8        -       0x00000390   Zero   RW          198    .bss                bsp_can.o
    0x20001778        -       0x0000006c   Zero   RW          222    .bss                pid.o
    0x200017e4        -       0x0000006c   Zero   RW          223    .bss                pid.o
    0x20001850        -       0x0000006c   Zero   RW          224    .bss                pid.o
    0x200018bc        -       0x00000062   Zero   RW          245    .bss                bsp_imu.o
    0x2000191e   COMPRESSED   0x00000002   PAD
    0x20001920        -       0x0000080c   Zero   RW          264    .bss                control.o
    0x2000212c        -       0x0000001c   Zero   RW          276    .bss                bsp_uart.o
    0x20002148        -       0x000000f0   Zero   RW          955    .bss                tasks.o
    0x20002238        -       0x00003c00   Zero   RW         1023    .bss                heap_4.o
    0x20005e38        -       0x00000400   Zero   RW            9    STACK               startup_stm32f427xx.o


==============================================================================

Image component sizes


      Code (inc. data)   RO Data    RW Data    ZI Data      Debug   Object Name

       368         36          0          0        168          0   adc.o
       764         32          0          0        912          0   bsp_can.o
      3484        232         20         96         98          0   bsp_imu.o
       308         18          0          0         28          0   bsp_uart.o
       416         40          0          4         80          0   can.o
       120          0          0          0          0          0   cmsis_os.o
       268         50          0          0       2060          0   control.o
       140          4          0          0          0          0   dma.o
      1106        162        160         44       1124          0   freertos.o
       460         34          0          0          0          0   gpio.o
       460         24          0         24      15360          0   heap_4.o
       138          0          0          0          0          0   list.o
       618         52          0          4        200          0   main.o
      2682        268          0         40       2060          0   moter.o
       538         12          0          0        324          0   pid.o
       702         70          0         12          0          0   port.o
       180         24          0          0         88          0   spi.o
        36          8        428          0       1024          0   startup_stm32f427xx.o
       116         18          0         12          0          0   stm32f4xx_hal.o
      1192         72          0          0          0          0   stm32f4xx_hal_adc.o
      1700          6          0          0          0          0   stm32f4xx_hal_can.o
       158         14          0          0          0          0   stm32f4xx_hal_cortex.o
      1150         16          8          0          0          0   stm32f4xx_hal_dma.o
       474         54          0          0          0          0   stm32f4xx_hal_gpio.o
        56          4          0          0          0          0   stm32f4xx_hal_msp.o
       112         12          0          0          0          0   stm32f4xx_hal_pwr_ex.o
      1376         86          0          0          0          0   stm32f4xx_hal_rcc.o
       838          8          0          0          0          0   stm32f4xx_hal_spi.o
      1398         90          0          0          0          0   stm32f4xx_hal_tim.o
       148         28          0          0          0          0   stm32f4xx_hal_tim_ex.o
       116         16          0          0         64          0   stm32f4xx_hal_timebase_tim.o
      1840         40          0          0          0          0   stm32f4xx_hal_uart.o
       400        124          0          4          0          0   stm32f4xx_it.o
        28          6         24          4          0          0   system_stm32f4xx.o
       172          8          0          8          0          0   taks.o
      1516        108          0         60        240          0   tasks.o
       872         96          0          0        256          0   tim.o
       956         90          0          0        736          0   usart.o

    ----------------------------------------------------------------------
     27458       1962        676        312      24824          0   Object Totals
         0          0         32          0          0          0   (incl. Generated)
        52          0          4          0          2          0   (incl. Padding)

    ----------------------------------------------------------------------

      Code (inc. data)   RO Data    RW Data    ZI Data      Debug   Library Member Name

       864         94         80          0          0          0   asin.o
       744        106        152          0          0          0   atan.o
       512         64          0          0          0          0   atan2.o
       200         20          0          0          0          0   cos.o
       368         46         48          0          0          0   cos_i.o
       184         44          0          0          0          0   dunder.o
        44          0          0          0          0          0   fabs.o
       260          6          0          0          0          0   fmod.o
        48          0          0          0          0          0   fpclassify.o
       248          0          0          0          0          0   poly.o
      3152        296        136          0          0          0   pow.o
         0          0          8          0          0          0   qnan.o
      1080        142        200          0          0          0   rred.o
       200         20          0          0          0          0   sin.o
       304         24         40          0          0          0   sin_i.o
       232          0          0          0          0          0   sqrt.o
        58          0          0          0          0          0   __dczerorl.o
         0          0          0          0          0          0   entry.o
         0          0          0          0          0          0   entry10a.o
         0          0          0          0          0          0   entry11a.o
         4          0          0          0          0          0   entry12b.o
         8          4          0          0          0          0   entry2.o
         4          0          0          0          0          0   entry5.o
         0          0          0          0          0          0   entry7b.o
         0          0          0          0          0          0   entry8b.o
         8          4          0          0          0          0   entry9a.o
        12          6          0          4          0          0   errno.o
        30          0          0          0          0          0   handlers.o
        36          8          0          0          0          0   init.o
         0          0          0          0          0          0   iusefp.o
        30          0          0          0          0          0   llshl.o
        36          0          0          0          0          0   llsshr.o
        32          0          0          0          0          0   llushr.o
        36          0          0          0          0          0   memcpya.o
        36          0          0          0          0          0   memseta.o
      2218         90          0          0          0          0   printfa.o
         0          0          0          4          0          0   stdout.o
        44          0          0          0          0          0   uidiv.o
        98          0          0          0          0          0   uldiv.o
        48          0          0          0          0          0   cdcmple.o
        48          0          0          0          0          0   cdrcmple.o
        56          0          0          0          0          0   d2f.o
       334          0          0          0          0          0   dadd.o
       222          0          0          0          0          0   ddiv.o
       186          0          0          0          0          0   depilogue.o
        62          0          0          0          0          0   dfixi.o
        48          0          0          0          0          0   dfixul.o
        34          0          0          0          0          0   dflti.o
        26          0          0          0          0          0   dfltui.o
       228          0          0          0          0          0   dmul.o
       134          0          0          0          0          0   drem.o
        46          0          0          0          0          0   dscalb.o
       162          0          0          0          0          0   dsqrt.o
        38          0          0          0          0          0   f2d.o
       110          0          0          0          0          0   fepilogue.o

    ----------------------------------------------------------------------
     12922        974        664          8          0          0   Library Totals
        10          0          0          0          0          0   (incl. Padding)

    ----------------------------------------------------------------------

      Code (inc. data)   RO Data    RW Data    ZI Data      Debug   Library Name

      8440        862        664          0          0          0   m_wm.l
      2690        112          0          8          0          0   mc_w.l
      1782          0          0          0          0          0   mf_w.l

    ----------------------------------------------------------------------
     12922        974        664          8          0          0   Library Totals

    ----------------------------------------------------------------------

==============================================================================


      Code (inc. data)   RO Data    RW Data    ZI Data      Debug   

     40380       2936       1340        320      24824          0   Grand Totals
     40380       2936       1340         52      24824          0   ELF Image Totals (compressed)
     40380       2936       1340         52          0          0   ROM Totals

==============================================================================

    Total RO  Size (Code + RO Data)                41720 (  40.74kB)
    Total RW  Size (RW Data + ZI Data)             25144 (  24.55kB)
    Total ROM Size (Code + RO Data + RW Data)      41772 (  40.79kB)

==============================================================================

