Component: ARM Compiler 5.06 update 7 (build 960) Tool: armlink [4d3601]

==============================================================================

Section Cross References

    system_stm32f4xx.o(i.SystemCoreClockUpdate) refers to system_stm32f4xx.o(.data) for .data
    system_stm32f4xx.o(i.SystemCoreClockUpdate) refers to system_stm32f4xx.o(.constdata) for .constdata
    startup_stm32f427xx.o(RESET) refers to startup_stm32f427xx.o(STACK) for __initial_sp
    startup_stm32f427xx.o(RESET) refers to startup_stm32f427xx.o(.text) for Reset_Handler
    startup_stm32f427xx.o(RESET) refers to stm32f4xx_it.o(i.NMI_Handler) for NMI_Handler
    startup_stm32f427xx.o(RESET) refers to stm32f4xx_it.o(i.HardFault_Handler) for HardFault_Handler
    startup_stm32f427xx.o(RESET) refers to stm32f4xx_it.o(i.MemManage_Handler) for MemManage_Handler
    startup_stm32f427xx.o(RESET) refers to stm32f4xx_it.o(i.BusFault_Handler) for BusFault_Handler
    startup_stm32f427xx.o(RESET) refers to stm32f4xx_it.o(i.UsageFault_Handler) for UsageFault_Handler
    startup_stm32f427xx.o(RESET) refers to port.o(.emb_text) for SVC_Handler
    startup_stm32f427xx.o(RESET) refers to stm32f4xx_it.o(i.DebugMon_Handler) for DebugMon_Handler
    startup_stm32f427xx.o(RESET) refers to port.o(i.SysTick_Handler) for SysTick_Handler
    startup_stm32f427xx.o(RESET) refers to stm32f4xx_it.o(i.DMA1_Stream5_IRQHandler) for DMA1_Stream5_IRQHandler
    startup_stm32f427xx.o(RESET) refers to stm32f4xx_it.o(i.DMA1_Stream6_IRQHandler) for DMA1_Stream6_IRQHandler
    startup_stm32f427xx.o(RESET) refers to stm32f4xx_it.o(i.CAN1_TX_IRQHandler) for CAN1_TX_IRQHandler
    startup_stm32f427xx.o(RESET) refers to stm32f4xx_it.o(i.CAN1_RX0_IRQHandler) for CAN1_RX0_IRQHandler
    startup_stm32f427xx.o(RESET) refers to stm32f4xx_it.o(i.USART1_IRQHandler) for USART1_IRQHandler
    startup_stm32f427xx.o(RESET) refers to stm32f4xx_it.o(i.USART2_IRQHandler) for USART2_IRQHandler
    startup_stm32f427xx.o(RESET) refers to stm32f4xx_it.o(i.TIM6_DAC_IRQHandler) for TIM6_DAC_IRQHandler
    startup_stm32f427xx.o(RESET) refers to stm32f4xx_it.o(i.TIM7_IRQHandler) for TIM7_IRQHandler
    startup_stm32f427xx.o(RESET) refers to stm32f4xx_it.o(i.DMA2_Stream0_IRQHandler) for DMA2_Stream0_IRQHandler
    startup_stm32f427xx.o(RESET) refers to stm32f4xx_it.o(i.DMA2_Stream1_IRQHandler) for DMA2_Stream1_IRQHandler
    startup_stm32f427xx.o(RESET) refers to stm32f4xx_it.o(i.DMA2_Stream2_IRQHandler) for DMA2_Stream2_IRQHandler
    startup_stm32f427xx.o(RESET) refers to stm32f4xx_it.o(i.CAN2_TX_IRQHandler) for CAN2_TX_IRQHandler
    startup_stm32f427xx.o(RESET) refers to stm32f4xx_it.o(i.CAN2_RX0_IRQHandler) for CAN2_RX0_IRQHandler
    startup_stm32f427xx.o(RESET) refers to stm32f4xx_it.o(i.DMA2_Stream6_IRQHandler) for DMA2_Stream6_IRQHandler
    startup_stm32f427xx.o(RESET) refers to stm32f4xx_it.o(i.USART6_IRQHandler) for USART6_IRQHandler
    startup_stm32f427xx.o(RESET) refers to stm32f4xx_it.o(i.UART8_IRQHandler) for UART8_IRQHandler
    startup_stm32f427xx.o(.text) refers to system_stm32f4xx.o(i.SystemInit) for SystemInit
    startup_stm32f427xx.o(.text) refers to entry.o(.ARM.Collect$$$$00000000) for __main
    moter.o(i.Kinematics_Init) refers to moter.o(.bss) for .bss
    moter.o(i.Speed_Cal) refers to pid.o(i.pid_calc) for pid_calc
    moter.o(i.Speed_Cal) refers to moter.o(.bss) for .bss
    moter.o(i.Speed_Cal) refers to bsp_imu.o(.bss) for imu
    moter.o(i.Speed_Cal) refers to pid.o(.bss) for yaw_pos
    moter.o(i.dir_safe) refers to bsp_can.o(.bss) for moto_chassis
    moter.o(i.dir_safe) refers to moter.o(.bss) for .bss
    moter.o(i.duo_lun_Dir_init) refers to pid.o(i.PID_struct_init) for PID_struct_init
    moter.o(i.duo_lun_Dir_init) refers to moter.o(.bss) for .bss
    moter.o(i.duo_lun_speed_init) refers to pid.o(i.PID_struct_init) for PID_struct_init
    moter.o(i.duo_lun_speed_init) refers to moter.o(.bss) for .bss
    moter.o(i.setMotor) refers to moter.o(i.setSingleMotor) for setSingleMotor
    moter.o(i.setMotor) refers to bsp_can.o(i.set_moto_current) for set_moto_current
    moter.o(i.setMotor) refers to moter.o(.bss) for .bss
    moter.o(i.setMotor) refers to can.o(.bss) for hcan1
    moter.o(i.setMotor_dir) refers to moter.o(i.setSingleMotor_jiaodu) for setSingleMotor_jiaodu
    moter.o(i.setMotor_dir) refers to bsp_can.o(i.set_moto2_current) for set_moto2_current
    moter.o(i.setMotor_dir) refers to moter.o(.bss) for .bss
    moter.o(i.setMotor_dir) refers to can.o(.bss) for hcan1
    moter.o(i.setSingleMotor) refers to moter.o(i.limit_speedd) for limit_speedd
    moter.o(i.setSingleMotor) refers to pid.o(i.pid_calc) for pid_calc
    moter.o(i.setSingleMotor) refers to moter.o(.data) for .data
    moter.o(i.setSingleMotor) refers to bsp_can.o(.bss) for moto_chassis
    moter.o(i.setSingleMotor) refers to moter.o(.bss) for .bss
    moter.o(i.setSingleMotor_jiaodu) refers to f2d.o(.text) for __aeabi_f2d
[...]
    CAN1_RX1_IRQHandler                      0x0800029f   Thumb Code     0  startup_stm32f427xx.o(.text)
    CAN1_SCE_IRQHandler                      0x0800029f   Thumb Code     0  startup_stm32f427xx.o(.text)
    CAN2_RX1_IRQHandler                      0x0800029f   Thumb Code     0  startup_stm32f427xx.o(.text)
    CAN2_SCE_IRQHandler                      0x0800029f   Thumb Code     0  startup_stm32f427xx.o(.text)
    DCMI_IRQHandler                          0x0800029f   Thumb Code     0  startup_stm32f427xx.o(.text)
    DMA1_Stream0_IRQHandler                  0x0800029f   Thumb Code     0  startup_stm32f427xx.o(.text)
    DMA1_Stream1_IRQHandler                  0x0800029f   Thumb Code     0  startup_stm32f427xx.o(.text)
    DMA1_Stream2_IRQHandler                  0x0800029f   Thumb Code     0  startup_stm32f427xx.o(.text)
    DMA1_Stream3_IRQHandler                  0x0800029f   Thumb Code     0  startup_stm32f427xx.o(.text)
    DMA1_Stream4_IRQHandler                  0x0800029f   Thumb Code     0  startup_stm32f427xx.o(.text)
    DMA1_Stream7_IRQHandler                  0x0800029f   Thumb Code     0  startup_stm32f427xx.o(.text)
    DMA2D_IRQHandler                         0x0800029f   Thumb Code     0  startup_stm32f427xx.o(.text)
    DMA2_Stream3_IRQHandler                  0x0800029f   Thumb Code     0  startup_stm32f427xx.o(.text)
    DMA2_Stream4_IRQHandler                  0x0800029f   Thumb Code     0  startup_stm32f427xx.o(.text)
    DMA2_Stream5_IRQHandler                  0x0800029f   Thumb Code     0  startup_stm32f427xx.o(.text)
    DMA2_Stream7_IRQHandler                  0x0800029f   Thumb Code     0  startup_stm32f427xx.o(.text)
    ETH_IRQHandler                           0x0800029f   Thumb Code     0  startup_stm32f427xx.o(.text)
    ETH_WKUP_IRQHandler                      0x0800029f   Thumb Code     0  startup_stm32f427xx.o(.text)
    EXTI0_IRQHandler                         0x0800029f   Thumb Code     0  startup_stm32f427xx.o(.text)
    EXTI15_10_IRQHandler                     0x0800029f   Thumb Code     0  startup_stm32f427xx.o(.text)
    EXTI1_IRQHandler                         0x0800029f   Thumb Code     0  startup_stm32f427xx.o(.text)
    EXTI2_IRQHandler                         0x0800029f   Thumb Code     0  startup_stm32f427xx.o(.text)
    EXTI3_IRQHandler                         0x0800029f   Thumb Code     0  startup_stm32f427xx.o(.text)
    EXTI4_IRQHandler                         0x0800029f   Thumb Code     0  startup_stm32f427xx.o(.text)
    EXTI9_5_IRQHandler                       0x0800029f   Thumb Code     0  startup_stm32f427xx.o(.text)
    FLASH_IRQHandler                         0x0800029f   Thumb Code     0  startup_stm32f427xx.o(.text)
    FMC_IRQHandler                           0x0800029f   Thumb Code     0  startup_stm32f427xx.o(.text)
    FPU_IRQHandler                           0x0800029f   Thumb Code     0  startup_stm32f427xx.o(.text)
    HASH_RNG_IRQHandler                      0x0800029f   Thumb Code     0  startup_stm32f427xx.o(.text)
    I2C1_ER_IRQHandler                       0x0800029f   Thumb Code     0  startup_stm32f427xx.o(.text)
    I2C1_EV_IRQHandler                       0x0800029f   Thumb Code     0  startup_stm32f427xx.o(.text)
    I2C2_ER_IRQHandler                       0x0800029f   Thumb Code     0  startup_stm32f427xx.o(.text)
    I2C2_EV_IRQHandler                       0x0800029f   Thumb Code     0  startup_stm32f427xx.o(.text)
    I2C3_ER_IRQHandler                       0x0800029f   Thumb Code     0  startup_stm32f427xx.o(.text)
    I2C3_EV_IRQHandler                       0x0800029f   Thumb Code     0  startup_stm32f427xx.o(.text)
    OTG_FS_IRQHandler                        0x0800029f   Thumb Code     0  startup_stm32f427xx.o(.text)
    OTG_FS_WKUP_IRQHandler                   0x0800029f   Thumb Code     0  startup_stm32f427xx.o(.text)
    OTG_HS_EP1_IN_IRQHandler                 0x0800029f   Thumb Code     0  startup_stm32f427xx.o(.text)
    OTG_HS_EP1_OUT_IRQHandler                0x0800029f   Thumb Code     0  startup_stm32f427xx.o(.text)
    OTG_HS_IRQHandler                        0x0800029f   Thumb Code     0  startup_stm32f427xx.o(.text)
    OTG_HS_WKUP_IRQHandler                   0x0800029f   Thumb Code     0  startup_stm32f427xx.o(.text)
    PVD_IRQHandler                           0x0800029f   Thumb Code     0  startup_stm32f427xx.o(.text)
    RCC_IRQHandler                           0x0800029f   Thumb Code     0  startup_stm32f427xx.o(.text)
    RTC_Alarm_IRQHandler                     0x0800029f   Thumb Code     0  startup_stm32f427xx.o(.text)
    RTC_WKUP_IRQHandler                      0x0800029f   Thumb Code     0  startup_stm32f427xx.o(.text)
    SAI1_IRQHandler                          0x0800029f   Thumb Code     0  startup_stm32f427xx.o(.text)
    SDIO_IRQHandler                          0x0800029f   Thumb Code     0  startup_stm32f427xx.o(.text)
    SPI1_IRQHandler                          0x0800029f   Thumb Code     0  startup_stm32f427xx.o(.text)
    SPI2_IRQHandler                          0x0800029f   Thumb Code     0  startup_stm32f427xx.o(.text)
    SPI3_IRQHandler                          0x0800029f   Thumb Code     0  startup_stm32f427xx.o(.text)
    SPI4_IRQHandler                          0x0800029f   Thumb Code     0  startup_stm32f427xx.o(.text)
    SPI5_IRQHandler                          0x0800029f   Thumb Code     0  startup_stm32f427xx.o(.text)
    SPI6_IRQHandler                          0x0800029f   Thumb Code     0  startup_stm32f427xx.o(.text)
    TAMP_STAMP_IRQHandler                    0x0800029f   Thumb Code     0  startup_stm32f427xx.o(.text)
    TIM1_BRK_TIM9_IRQHandler                 0x0800029f   Thumb Code     0  startup_stm32f427xx.o(.text)
    TIM1_CC_IRQHandler                       0x0800029f   Thumb Code     0  startup_stm32f427xx.o(.text)
    TIM1_TRG_COM_TIM11_IRQHandler            0x0800029f   Thumb Code     0  startup_stm32f427xx.o(.text)
    TIM1_UP_TIM10_IRQHandler                 0x0800029f   Thumb Code     0  startup_stm32f427xx.o(.text)
    TIM2_IRQHandler                          0x0800029f   Thumb Code     0  startup_stm32f427xx.o(.text)
    TIM3_IRQHandler                          0x0800029f   Thumb Code     0  startup_stm32f427xx.o(.text)
    TIM4_IRQHandler                          0x0800029f   Thumb Code     0  startup_stm32f427xx.o(.text)
    TIM5_IRQHandler                          0x0800029f   Thumb Code     0  startup_stm32f427xx.o(.text)
    TIM8_BRK_TIM12_IRQHandler                0x0800029f   Thumb Code     0  startup_stm32f427xx.o(.text)
    TIM8_CC_IRQHandler                       0x0800029f   Thumb Code     0  startup_stm32f427xx.o(.text)
    TIM8_TRG_COM_TIM14_IRQHandler            0x0800029f   Thumb Code     0  startup_stm32f427xx.o(.text)
    TIM8_UP_TIM13_IRQHandler                 0x0800029f   Thumb Code     0  startup_stm32f427xx.o(.text)
    UART4_IRQHandler                         0x0800029f   Thumb Code     0  startup_stm32f427xx.o(.text)
    UART5_IRQHandler                         0x0800029f   Thumb Code     0  startup_stm32f427xx.o(.text)
    UART7_IRQHandler                         0x0800029f   Thumb Code     0  startup_stm32f427xx.o(.text)
    USART3_IRQHandler                        0x0800029f   Thumb Code     0  startup_stm32f427xx.o(.text)
    WWDG_IRQHandler                          0x0800029f   Thumb Code     0  startup_stm32f427xx.o(.text)
    __aeabi_uldivmod                         0x080002a9   Thumb Code    98  uldiv.o(.text)
    __aeabi_memcpy                           0x0800030b   Thumb Code    36  memcpya.o(.text)
    __aeabi_memcpy4                          0x0800030b   Thumb Code     0  memcpya.o(.text)
    __aeabi_memcpy8                          0x0800030b   Thumb Code     0  memcpya.o(.text)
    __aeabi_memset                           0x0800032f   Thumb Code    14  memseta.o(.text)
    __aeabi_memset4                          0x0800032f   Thumb Code     0  memseta.o(.text)
    __aeabi_memset8                          0x0800032f   Thumb Code     0  memseta.o(.text)
    __aeabi_memclr                           0x0800033d   Thumb Code     4  memseta.o(.text)
    __aeabi_memclr4                          0x0800033d   Thumb Code     0  memseta.o(.text)
    __aeabi_memclr8                          0x0800033d   Thumb Code     0  memseta.o(.text)
    memset                                   0x08000341   Thumb Code    18  memseta.o(.text)
    __aeabi_dadd                             0x08000353   Thumb Code   322  dadd.o(.text)
    __aeabi_dsub                             0x08000495   Thumb Code     6  dadd.o(.text)
    __aeabi_drsub                            0x0800049b   Thumb Code     6  dadd.o(.text)
    __aeabi_dmul                             0x080004a1   Thumb Code   228  dmul.o(.text)
    __aeabi_ddiv                             0x08000585   Thumb Code   222  ddiv.o(.text)
    __aeabi_i2d                              0x08000663   Thumb Code    34  dflti.o(.text)
    __aeabi_ui2d                             0x08000685   Thumb Code    26  dfltui.o(.text)
    __aeabi_d2uiz                            0x0800069f   Thumb Code    50  dfixui.o(.text)
    __aeabi_f2d                              0x080006d1   Thumb Code    38  f2d.o(.text)
    __aeabi_cdcmpeq                          0x080006f9   Thumb Code     0  cdcmple.o(.text)
    __aeabi_cdcmple                          0x080006f9   Thumb Code    48  cdcmple.o(.text)
    __aeabi_cdrcmple                         0x08000729   Thumb Code    48  cdrcmple.o(.text)
    __aeabi_d2f                              0x08000759   Thumb Code    56  d2f.o(.text)
    __aeabi_uidiv                            0x08000791   Thumb Code     0  uidiv.o(.text)
    __aeabi_uidivmod                         0x08000791   Thumb Code    44  uidiv.o(.text)
    __aeabi_llsl                             0x080007bd   Thumb Code    30  llshl.o(.text)
    _ll_shift_l                              0x080007bd   Thumb Code     0  llshl.o(.text)
    __aeabi_llsr                             0x080007db   Thumb Code    32  llushr.o(.text)
    _ll_ushift_r                             0x080007db   Thumb Code     0  llushr.o(.text)
    __aeabi_lasr                             0x080007fb   Thumb Code    36  llsshr.o(.text)
    _ll_sshift_r                             0x080007fb   Thumb Code     0  llsshr.o(.text)
    __I$use$fp                               0x0800081f   Thumb Code     0  iusefp.o(.text)
    _float_round                             0x0800081f   Thumb Code    18  fepilogue.o(.text)
    _float_epilogue                          0x08000831   Thumb Code    92  fepilogue.o(.text)
    _double_round                            0x0800088d   Thumb Code    30  depilogue.o(.text)
    _double_epilogue                         0x080008ab   Thumb Code   156  depilogue.o(.text)
    _dsqrt                                   0x08000947   Thumb Code   162  dsqrt.o(.text)
    __aeabi_d2ulz                            0x080009e9   Thumb Code    48  dfixul.o(.text)
    __scatterload                            0x08000a19   Thumb Code    28  init.o(.text)
    __scatterload_rt2                        0x08000a19   Thumb Code     0  init.o(.text)
    BusFault_Handler                         0x08000bf5   Thumb Code     2  stm32f4xx_it.o(i.BusFault_Handler)
    C610_init                                0x08000bf9   Thumb Code   170  control.o(i.C610_init)
    CAN1_RX0_IRQHandler                      0x08000cd1   Thumb Code     6  stm32f4xx_it.o(i.CAN1_RX0_IRQHandler)
    CAN1_TX_IRQHandler                       0x08000cdd   Thumb Code     6  stm32f4xx_it.o(i.CAN1_TX_IRQHandler)
    CAN2_RX0_IRQHandler                      0x08000ce9   Thumb Code     6  stm32f4xx_it.o(i.CAN2_RX0_IRQHandler)
    CAN2_TX_IRQHandler                       0x08000cf5   Thumb Code     6  stm32f4xx_it.o(i.CAN2_TX_IRQHandler)
    Can_TxMessage                            0x08000d01   Thumb Code    80  bsp_can.o(i.Can_TxMessage)
    DMA1_Stream5_IRQHandler                  0x08000d51   Thumb Code     6  stm32f4xx_it.o(i.DMA1_Stream5_IRQHandler)
    DMA1_Stream6_IRQHandler                  0x08000d5d   Thumb Code     6  stm32f4xx_it.o(i.DMA1_Stream6_IRQHandler)
    DMA2_Stream0_IRQHandler                  0x08000d69   Thumb Code     6  stm32f4xx_it.o(i.DMA2_Stream0_IRQHandler)
    DMA2_Stream1_IRQHandler                  0x08000d75   Thumb Code     6  stm32f4xx_it.o(i.DMA2_Stream1_IRQHandler)
    DMA2_Stream2_IRQHandler                  0x08000d81   Thumb Code     6  stm32f4xx_it.o(i.DMA2_Stream2_IRQHandler)
    DMA2_Stream6_IRQHandler                  0x08000d8d   Thumb Code     6  stm32f4xx_it.o(i.DMA2_Stream6_IRQHandler)
    DebugMon_Handler                         0x08000e3d   Thumb Code     2  stm32f4xx_it.o(i.DebugMon_Handler)
    Error_Handler                            0x08000e3f   Thumb Code     4  main.o(i.Error_Handler)
    HAL_ADC_ConfigChannel                    0x08000e45   Thumb Code   334  stm32f4xx_hal_adc.o(i.HAL_ADC_ConfigChannel)
    HAL_ADC_ConvCpltCallback                 0x08000fa9   Thumb Code     2  stm32f4xx_hal_adc.o(i.HAL_ADC_ConvCpltCallback)
    HAL_ADC_ConvHalfCpltCallback             0x08000fab   Thumb Code     2  stm32f4xx_hal_adc.o(i.HAL_ADC_ConvHalfCpltCallback)
    HAL_ADC_ErrorCallback                    0x08000fad   Thumb Code     2  stm32f4xx_hal_adc.o(i.HAL_ADC_ErrorCallback)
    HAL_ADC_Init                             0x08000faf   Thumb Code    84  stm32f4xx_hal_adc.o(i.HAL_ADC_Init)
    HAL_ADC_MspInit                          0x08001005   Thumb Code   132  adc.o(i.HAL_ADC_MspInit)
    HAL_ADC_Start_DMA                        0x0800109d   Thumb Code   270  stm32f4xx_hal_adc.o(i.HAL_ADC_Start_DMA)
    HAL_CAN_ActivateNotification             0x080011d1   Thumb Code    36  stm32f4xx_hal_can.o(i.HAL_CAN_ActivateNotification)
    HAL_CAN_AddTxMessage                     0x080011f5   Thumb Code   220  stm32f4xx_hal_can.o(i.HAL_CAN_AddTxMessage)
    HAL_CAN_ConfigFilter                     0x080012d1   Thumb Code   262  stm32f4xx_hal_can.o(i.HAL_CAN_ConfigFilter)
    HAL_CAN_ErrorCallback                    0x080013dd   Thumb Code     2  stm32f4xx_hal_can.o(i.HAL_CAN_ErrorCallback)
    HAL_CAN_GetRxMessage                     0x080013df   Thumb Code   232  stm32f4xx_hal_can.o(i.HAL_CAN_GetRxMessage)
    HAL_CAN_GetTxMailboxesFreeLevel          0x080014c7   Thumb Code    44  stm32f4xx_hal_can.o(i.HAL_CAN_GetTxMailboxesFreeLevel)
    HAL_CAN_IRQHandler                       0x080014f3   Thumb Code   508  stm32f4xx_hal_can.o(i.HAL_CAN_IRQHandler)
    HAL_CAN_Init                             0x080016ef   Thumb Code   282  stm32f4xx_hal_can.o(i.HAL_CAN_Init)
    HAL_CAN_MspInit                          0x08001809   Thumb Code   256  can.o(i.HAL_CAN_MspInit)
    HAL_CAN_RxFifo0FullCallback              0x08001921   Thumb Code     2  stm32f4xx_hal_can.o(i.HAL_CAN_RxFifo0FullCallback)
    HAL_CAN_RxFifo0MsgPendingCallback        0x08001925   Thumb Code   290  bsp_can.o(i.HAL_CAN_RxFifo0MsgPendingCallback)
    HAL_CAN_RxFifo1FullCallback              0x08001a59   Thumb Code     2  stm32f4xx_hal_can.o(i.HAL_CAN_RxFifo1FullCallback)
    HAL_CAN_RxFifo1MsgPendingCallback        0x08001a5b   Thumb Code     2  stm32f4xx_hal_can.o(i.HAL_CAN_RxFifo1MsgPendingCallback)
    HAL_CAN_SleepCallback                    0x08001a5d   Thumb Code     2  stm32f4xx_hal_can.o(i.HAL_CAN_SleepCallback)
    HAL_CAN_Start                            0x08001a5f   Thumb Code    86  stm32f4xx_hal_can.o(i.HAL_CAN_Start)
    HAL_CAN_TxMailbox0AbortCallback          0x08001ab5   Thumb Code     2  stm32f4xx_hal_can.o(i.HAL_CAN_TxMailbox0AbortCallback)
    HAL_CAN_TxMailbox0CompleteCallback       0x08001ab7   Thumb Code     2  stm32f4xx_hal_can.o(i.HAL_CAN_TxMailbox0CompleteCallback)
    HAL_CAN_TxMailbox1AbortCallback          0x08001ab9   Thumb Code     2  stm32f4xx_hal_can.o(i.HAL_CAN_TxMailbox1AbortCallback)
    HAL_CAN_TxMailbox1CompleteCallback       0x08001abb   Thumb Code     2  stm32f4xx_hal_can.o(i.HAL_CAN_TxMailbox1CompleteCallback)
    HAL_CAN_TxMailbox2AbortCallback          0x08001abd   Thumb Code     2  stm32f4xx_hal_can.o(i.HAL_CAN_TxMailbox2AbortCallback)
    HAL_CAN_TxMailbox2CompleteCallback       0x08001abf   Thumb Code     2  stm32f4xx_hal_can.o(i.HAL_CAN_TxMailbox2CompleteCallback)
    HAL_CAN_WakeUpFromRxMsgCallback          0x08001ac1   Thumb Code     2  stm32f4xx_hal_can.o(i.HAL_CAN_WakeUpFromRxMsgCallback)
    HAL_DMA_Abort                            0x08001ac3   Thumb Code   142  stm32f4xx_hal_dma.o(i.HAL_DMA_Abort)
    HAL_DMA_Abort_IT                         0x08001b51   Thumb Code    36  stm32f4xx_hal_dma.o(i.HAL_DMA_Abort_IT)
    HAL_DMA_IRQHandler                       0x08001b75   Thumb Code   412  stm32f4xx_hal_dma.o(i.HAL_DMA_IRQHandler)
    HAL_DMA_Init                             0x08001d15   Thumb Code   206  stm32f4xx_hal_dma.o(i.HAL_DMA_Init)
    HAL_DMA_Start                            0x08001de9   Thumb Code    70  stm32f4xx_hal_dma.o(i.HAL_DMA_Start)
    HAL_DMA_Start_IT                         0x08001e2f   Thumb Code   110  stm32f4xx_hal_dma.o(i.HAL_DMA_Start_IT)
    HAL_Delay                                0x08001e9d   Thumb Code    32  stm32f4xx_hal.o(i.HAL_Delay)
    HAL_GPIO_Init                            0x08001ec1   Thumb Code   410  stm32f4xx_hal_gpio.o(i.HAL_GPIO_Init)
    HAL_GPIO_WritePin                        0x08002091   Thumb Code    10  stm32f4xx_hal_gpio.o(i.HAL_GPIO_WritePin)
    HAL_GetTick                              0x0800209d   Thumb Code     6  stm32f4xx_hal.o(i.HAL_GetTick)
    HAL_I2CEx_ConfigAnalogFilter             0x080020a9   Thumb Code    66  stm32f4xx_hal_i2c_ex.o(i.HAL_I2CEx_ConfigAnalogFilter)
    HAL_I2CEx_ConfigDigitalFilter            0x080020eb   Thumb Code    62  stm32f4xx_hal_i2c_ex.o(i.HAL_I2CEx_ConfigDigitalFilter)
    HAL_I2C_Init                             0x08002129   Thumb Code   376  stm32f4xx_hal_i2c.o(i.HAL_I2C_Init)
    HAL_I2C_Master_Receive                   0x080022b1   Thumb Code   468  stm32f4xx_hal_i2c.o(i.HAL_I2C_Master_Receive)
    HAL_I2C_Master_Transmit                  0x08002491   Thumb Code   290  stm32f4xx_hal_i2c.o(i.HAL_I2C_Master_Transmit)
    HAL_I2C_MspInit                          0x080025bd   Thumb Code    90  i2c.o(i.HAL_I2C_MspInit)
    HAL_IncTick                              0x08002625   Thumb Code    12  stm32f4xx_hal.o(i.HAL_IncTick)
    HAL_Init                                 0x08002635   Thumb Code    48  stm32f4xx_hal.o(i.HAL_Init)
    HAL_InitTick                             0x08002669   Thumb Code   100  stm32f4xx_hal_timebase_tim.o(i.HAL_InitTick)
    HAL_MspInit                              0x080026dd   Thumb Code    52  stm32f4xx_hal_msp.o(i.HAL_MspInit)
    HAL_NVIC_EnableIRQ                       0x08002715   Thumb Code    26  stm32f4xx_hal_cortex.o(i.HAL_NVIC_EnableIRQ)
    HAL_NVIC_SetPriority                     0x08002731   Thumb Code    60  stm32f4xx_hal_cortex.o(i.HAL_NVIC_SetPriority)
    HAL_NVIC_SetPriorityGrouping             0x08002771   Thumb Code    26  stm32f4xx_hal_cortex.o(i.HAL_NVIC_SetPriorityGrouping)
    HAL_PWREx_EnableOverDrive                0x08002795   Thumb Code   100  stm32f4xx_hal_pwr_ex.o(i.HAL_PWREx_EnableOverDrive)
    HAL_RCC_ClockConfig                      0x08002805   Thumb Code   288  stm32f4xx_hal_rcc.o(i.HAL_RCC_ClockConfig)
    HAL_RCC_GetClockConfig                   0x08002939   Thumb Code    54  stm32f4xx_hal_rcc.o(i.HAL_RCC_GetClockConfig)
    HAL_RCC_GetPCLK1Freq                     0x08002979   Thumb Code    20  stm32f4xx_hal_rcc.o(i.HAL_RCC_GetPCLK1Freq)
    HAL_RCC_GetPCLK2Freq                     0x08002999   Thumb Code    20  stm32f4xx_hal_rcc.o(i.HAL_RCC_GetPCLK2Freq)
    HAL_RCC_GetSysClockFreq                  0x080029b9   Thumb Code    88  stm32f4xx_hal_rcc.o(i.HAL_RCC_GetSysClockFreq)
    HAL_RCC_OscConfig                        0x08002a1d   Thumb Code   820  stm32f4xx_hal_rcc.o(i.HAL_RCC_OscConfig)
    HAL_SPI_Init                             0x08002d65   Thumb Code   128  stm32f4xx_hal_spi.o(i.HAL_SPI_Init)
    HAL_SPI_MspInit                          0x08002de5   Thumb Code    94  spi.o(i.HAL_SPI_MspInit)
    HAL_SPI_TransmitReceive                  0x08002e51   Thumb Code   474  stm32f4xx_hal_spi.o(i.HAL_SPI_TransmitReceive)
    HAL_TIMEx_BreakCallback                  0x0800302b   Thumb Code     2  stm32f4xx_hal_tim_ex.o(i.HAL_TIMEx_BreakCallback)
    HAL_TIMEx_CommutCallback                 0x0800302d   Thumb Code     2  stm32f4xx_hal_tim_ex.o(i.HAL_TIMEx_CommutCallback)
    HAL_TIMEx_MasterConfigSynchronization    0x08003031   Thumb Code   116  stm32f4xx_hal_tim_ex.o(i.HAL_TIMEx_MasterConfigSynchronization)
    HAL_TIM_Base_Init                        0x080030c1   Thumb Code    54  stm32f4xx_hal_tim.o(i.HAL_TIM_Base_Init)
    HAL_TIM_Base_MspInit                     0x080030f9   Thumb Code    50  tim.o(i.HAL_TIM_Base_MspInit)
    HAL_TIM_Base_Start_IT                    0x08003135   Thumb Code    34  stm32f4xx_hal_tim.o(i.HAL_TIM_Base_Start_IT)
    HAL_TIM_IC_CaptureCallback               0x08003157   Thumb Code     2  stm32f4xx_hal_tim.o(i.HAL_TIM_IC_CaptureCallback)
    HAL_TIM_IRQHandler                       0x08003159   Thumb Code   358  stm32f4xx_hal_tim.o(i.HAL_TIM_IRQHandler)
    HAL_TIM_MspPostInit                      0x080032c1   Thumb Code   186  tim.o(i.HAL_TIM_MspPostInit)
    HAL_TIM_OC_DelayElapsedCallback          0x0800339d   Thumb Code     2  stm32f4xx_hal_tim.o(i.HAL_TIM_OC_DelayElapsedCallback)
    HAL_TIM_PWM_ConfigChannel                0x0800339f   Thumb Code   208  stm32f4xx_hal_tim.o(i.HAL_TIM_PWM_ConfigChannel)
    HAL_TIM_PWM_Init                         0x0800346f   Thumb Code    54  stm32f4xx_hal_tim.o(i.HAL_TIM_PWM_Init)
    HAL_TIM_PWM_MspInit                      0x080034a5   Thumb Code    78  tim.o(i.HAL_TIM_PWM_MspInit)
    HAL_TIM_PWM_PulseFinishedCallback        0x08003505   Thumb Code     2  stm32f4xx_hal_tim.o(i.HAL_TIM_PWM_PulseFinishedCallback)
    HAL_TIM_PWM_Start                        0x08003509   Thumb Code    58  stm32f4xx_hal_tim.o(i.HAL_TIM_PWM_Start)
    HAL_TIM_PeriodElapsedCallback            0x0800354d   Thumb Code   206  main.o(i.HAL_TIM_PeriodElapsedCallback)
    HAL_TIM_TriggerCallback                  0x08003641   Thumb Code     2  stm32f4xx_hal_tim.o(i.HAL_TIM_TriggerCallback)
    HAL_UART_DMAStop                         0x08003643   Thumb Code    88  stm32f4xx_hal_uart.o(i.HAL_UART_DMAStop)
    HAL_UART_ErrorCallback                   0x0800369b   Thumb Code     2  stm32f4xx_hal_uart.o(i.HAL_UART_ErrorCallback)
    HAL_UART_IRQHandler                      0x0800369d   Thumb Code   270  stm32f4xx_hal_uart.o(i.HAL_UART_IRQHandler)
    HAL_UART_Init                            0x080037b1   Thumb Code    98  stm32f4xx_hal_uart.o(i.HAL_UART_Init)
    HAL_UART_MspInit                         0x08003815   Thumb Code   726  usart.o(i.HAL_UART_MspInit)
    HAL_UART_Receive_DMA                     0x08003b25   Thumb Code   138  stm32f4xx_hal_uart.o(i.HAL_UART_Receive_DMA)
    HAL_UART_RxCpltCallback                  0x08003bbd   Thumb Code     2  main.o(i.HAL_UART_RxCpltCallback)
    HAL_UART_RxHalfCpltCallback              0x08003bbf   Thumb Code     2  stm32f4xx_hal_uart.o(i.HAL_UART_RxHalfCpltCallback)
    HAL_UART_Transmit                        0x08003bc1   Thumb Code   186  stm32f4xx_hal_uart.o(i.HAL_UART_Transmit)
    HAL_UART_Transmit_DMA                    0x08003c7d   Thumb Code   116  stm32f4xx_hal_uart.o(i.HAL_UART_Transmit_DMA)
    HAL_UART_TxCpltCallback                  0x08003cfd   Thumb Code     2  stm32f4xx_hal_uart.o(i.HAL_UART_TxCpltCallback)
    HAL_UART_TxHalfCpltCallback              0x08003cff   Thumb Code     2  stm32f4xx_hal_uart.o(i.HAL_UART_TxHalfCpltCallback)
    HardFault_Handler                        0x08003d01   Thumb Code     2  stm32f4xx_it.o(i.HardFault_Handler)
    Kinematics_Init                          0x080040bd   Thumb Code    46  moter.o(i.Kinematics_Init)
    MX_ADC1_Init                             0x08004101   Thumb Code   110  adc.o(i.MX_ADC1_Init)
    MX_CAN1_Init                             0x0800417d   Thumb Code    60  can.o(i.MX_CAN1_Init)
    MX_CAN2_Init                             0x080041c1   Thumb Code    60  can.o(i.MX_CAN2_Init)
    MX_DMA_Init                              0x08004205   Thumb Code   136  dma.o(i.MX_DMA_Init)
    MX_FREERTOS_Init                         0x08004291   Thumb Code    96  freertos.o(i.MX_FREERTOS_Init)
    MX_GPIO_Init                             0x080042f9   Thumb Code   464  gpio.o(i.MX_GPIO_Init)
    MX_I2C2_Init                             0x080044f1   Thumb Code    78  i2c.o(i.MX_I2C2_Init)
    MX_SPI5_Init                             0x0800454d   Thumb Code    62  spi.o(i.MX_SPI5_Init)
    MX_TIM4_Init                             0x08004595   Thumb Code   152  tim.o(i.MX_TIM4_Init)
    MX_TIM5_Init                             0x08004635   Thumb Code   152  tim.o(i.MX_TIM5_Init)
    MX_TIM7_Init                             0x080046d5   Thumb Code    60  tim.o(i.MX_TIM7_Init)
    MX_TIM9_Init                             0x08004719   Thumb Code    98  tim.o(i.MX_TIM9_Init)
    MX_UART8_Init                            0x08004785   Thumb Code    48  usart.o(i.MX_UART8_Init)
    MX_USART1_UART_Init                      0x080047bd   Thumb Code    50  usart.o(i.MX_USART1_UART_Init)
    MX_USART2_UART_Init                      0x080047fd   Thumb Code    48  usart.o(i.MX_USART2_UART_Init)
    MX_USART3_UART_Init                      0x08004835   Thumb Code    48  usart.o(i.MX_USART3_UART_Init)
    MX_USART6_UART_Init                      0x0800486d   Thumb Code    48  usart.o(i.MX_USART6_UART_Init)
    MemManage_Handler                        0x080048a5   Thumb Code     2  stm32f4xx_it.o(i.MemManage_Handler)
    NMI_Handler                              0x080048a7   Thumb Code     2  stm32f4xx_it.o(i.NMI_Handler)
    PCA_MG9XX_Init                           0x080048a9   Thumb Code   240  stm32_pca9685.o(i.PCA_MG9XX_Init)
    PID_struct_init                          0x080049a9   Thumb Code    16  pid.o(i.PID_struct_init)
    Speed_Cal                                0x08004aad   Thumb Code   142  moter.o(i.Speed_Cal)
    StartDefaultTask                         0x08004b4d   Thumb Code   332  freertos.o(i.StartDefaultTask)
    StartTask02                              0x08004cf1   Thumb Code   178  freertos.o(i.StartTask02)
    StartTask03                              0x08004dbd   Thumb Code    92  freertos.o(i.StartTask03)
    StartTask04                              0x08004e39   Thumb Code    22  freertos.o(i.StartTask04)
    SysTick_Handler                          0x08004e55   Thumb Code    38  port.o(i.SysTick_Handler)
    SystemClock_Config                       0x08004e81   Thumb Code   150  main.o(i.SystemClock_Config)
    SystemInit                               0x08004f21   Thumb Code    22  system_stm32f4xx.o(i.SystemInit)
    TIM6_DAC_IRQHandler                      0x08004f3d   Thumb Code     6  stm32f4xx_it.o(i.TIM6_DAC_IRQHandler)
    TIM7_IRQHandler                          0x08004f49   Thumb Code     6  stm32f4xx_it.o(i.TIM7_IRQHandler)
    TIM_Base_SetConfig                       0x08004f55   Thumb Code   156  stm32f4xx_hal_tim.o(i.TIM_Base_SetConfig)
    TIM_CCxChannelCmd                        0x0800501d   Thumb Code    26  stm32f4xx_hal_tim.o(i.TIM_CCxChannelCmd)
    TIM_OC2_SetConfig                        0x08005099   Thumb Code    98  stm32f4xx_hal_tim.o(i.TIM_OC2_SetConfig)
    UART8_IRQHandler                         0x080051bd   Thumb Code     6  stm32f4xx_it.o(i.UART8_IRQHandler)
    USART1_IRQHandler                        0x08005551   Thumb Code    18  stm32f4xx_it.o(i.USART1_IRQHandler)
    USART2_IRQHandler                        0x08005569   Thumb Code   118  stm32f4xx_it.o(i.USART2_IRQHandler)
    USART6_IRQHandler                        0x080055fd   Thumb Code    56  stm32f4xx_it.o(i.USART6_IRQHandler)
    UsageFault_Handler                       0x08005645   Thumb Code     2  stm32f4xx_it.o(i.UsageFault_Handler)
    __0printf                                0x08005649   Thumb Code    22  printfa.o(i.__0printf)
    __1printf                                0x08005649   Thumb Code     0  printfa.o(i.__0printf)
    __2printf                                0x08005649   Thumb Code     0  printfa.o(i.__0printf)
    __c89printf                              0x08005649   Thumb Code     0  printfa.o(i.__0printf)
    printf                                   0x08005649   Thumb Code     0  printfa.o(i.__0printf)
    __ARM_fpclassify                         0x08005669   Thumb Code    48  fpclassify.o(i.__ARM_fpclassify)
    __hardfp_asin                            0x080056b9   Thumb Code   770  asin.o(i.__hardfp_asin)
    __hardfp_atan                            0x08005a19   Thumb Code   622  atan.o(i.__hardfp_atan)
    __hardfp_atan2                           0x08005cf1   Thumb Code   448  atan2.o(i.__hardfp_atan2)
    __hardfp_fabs                            0x08005ef1   Thumb Code    20  fabs.o(i.__hardfp_fabs)
    __hardfp_floor                           0x08005f09   Thumb Code   252  floor.o(i.__hardfp_floor)
    __hardfp_sqrt                            0x08006021   Thumb Code   122  sqrt.o(i.__hardfp_sqrt)
    __kernel_poly                            0x0800609b   Thumb Code   248  poly.o(i.__kernel_poly)
    __mathlib_dbl_infnan                     0x08006193   Thumb Code    20  dunder.o(i.__mathlib_dbl_infnan)
    __mathlib_dbl_infnan2                    0x080061a7   Thumb Code    20  dunder.o(i.__mathlib_dbl_infnan2)
    __mathlib_dbl_invalid                    0x080061c1   Thumb Code    24  dunder.o(i.__mathlib_dbl_invalid)
    __mathlib_dbl_underflow                  0x080061e1   Thumb Code    24  dunder.o(i.__mathlib_dbl_underflow)
    __scatterload_copy                       0x08006201   Thumb Code    14  handlers.o(i.__scatterload_copy)
    __scatterload_null                       0x0800620f   Thumb Code     2  handlers.o(i.__scatterload_null)
    __scatterload_zeroinit                   0x08006211   Thumb Code    14  handlers.o(i.__scatterload_zeroinit)
    __set_errno                              0x08006221   Thumb Code     6  errno.o(i.__set_errno)
    abs_limit                                0x08006ab7   Thumb Code    42  pid.o(i.abs_limit)
    atan                                     0x08006ae1   Thumb Code    16  atan.o(i.atan)
    can_filter_recv_special                  0x08006af1   Thumb Code    78  bsp_can.o(i.can_filter_recv_special)
    dbus_uart_init                           0x08006b41   Thumb Code    64  bsp_uart.o(i.dbus_uart_init)
    duo_lun_speed_init                       0x08006b89   Thumb Code   310  moter.o(i.duo_lun_speed_init)
    fabs                                     0x08006cd9   Thumb Code    24  fabs.o(i.fabs)
    fputc                                    0x08006cf1   Thumb Code    20  usart.o(i.fputc)
    get_moto_measure                         0x08006d09   Thumb Code    76  bsp_can.o(i.get_moto_measure)
    get_moto_offset                          0x08006d55   Thumb Code    10  bsp_can.o(i.get_moto_offset)
    imu_ahrs_update                          0x08006d61   Thumb Code  1194  bsp_imu.o(i.imu_ahrs_update)
    imu_attitude_update                      0x0800720d   Thumb Code   374  bsp_imu.o(i.imu_attitude_update)
    init_quaternion                          0x080073a1   Thumb Code   360  bsp_imu.o(i.init_quaternion)
    inv_sqrt                                 0x0800756d   Thumb Code    40  bsp_imu.o(i.inv_sqrt)
    ist8310_get_data                         0x08007599   Thumb Code    10  bsp_imu.o(i.ist8310_get_data)
    ist8310_init                             0x080075a3   Thumb Code   256  bsp_imu.o(i.ist8310_init)
    limit_speedd                             0x0800771d   Thumb Code    42  moter.o(i.limit_speedd)
    main                                     0x08007749   Thumb Code   142  main.o(i.main)
    mpu_device_init                          0x080077ed   Thumb Code    88  bsp_imu.o(i.mpu_device_init)
    mpu_get_data                             0x0800784d   Thumb Code   284  bsp_imu.o(i.mpu_get_data)
    mpu_offset_call                          0x08007a19   Thumb Code   160  bsp_imu.o(i.mpu_offset_call)
    mpu_read_byte                            0x08007abd   Thumb Code    68  bsp_imu.o(i.mpu_read_byte)
    mpu_read_bytes                           0x08007b0d   Thumb Code    80  bsp_imu.o(i.mpu_read_bytes)
    mpu_set_accel_fsr                        0x08007b69   Thumb Code    10  bsp_imu.o(i.mpu_set_accel_fsr)
    mpu_set_gyro_fsr                         0x08007b73   Thumb Code    10  bsp_imu.o(i.mpu_set_gyro_fsr)
    mpu_write_byte                           0x08007b7d   Thumb Code    72  bsp_imu.o(i.mpu_write_byte)
    my_can_filter_init_recv_all              0x08007bd1   Thumb Code    78  bsp_can.o(i.my_can_filter_init_recv_all)
    osDelay                                  0x08007c1f   Thumb Code    14  cmsis_os.o(i.osDelay)
    osKernelStart                            0x08007c2d   Thumb Code    10  cmsis_os.o(i.osKernelStart)
    osThreadCreate                           0x08007c37   Thumb Code    84  cmsis_os.o(i.osThreadCreate)
    pca_read                                 0x08007c8d   Thumb Code    44  stm32_pca9685.o(i.pca_read)
    pca_setfreq                              0x08007cbd   Thumb Code   158  stm32_pca9685.o(i.pca_setfreq)
    pca_setpwm                               0x08007d7d   Thumb Code    72  stm32_pca9685.o(i.pca_setpwm)
    pca_write                                0x08007dc5   Thumb Code    30  stm32_pca9685.o(i.pca_write)
    pid_calc                                 0x08007de9   Thumb Code   448  pid.o(i.pid_calc)
    pvPortMalloc                             0x08008309   Thumb Code   210  heap_4.o(i.pvPortMalloc)
    pxPortInitialiseStack                    0x080083e1   Thumb Code    40  port.o(i.pxPortInitialiseStack)
    rc_callback_handler                      0x0800840d   Thumb Code   140  bsp_uart.o(i.rc_callback_handler)
    send_com                                 0x08008499   Thumb Code    36  control.o(i.send_com)
    setMotor                                 0x080084bd   Thumb Code   130  moter.o(i.setMotor)
    setSingleMotor                           0x08008549   Thumb Code   138  moter.o(i.setSingleMotor)
    setSingleMotor2                          0x080085e5   Thumb Code   196  control.o(i.setSingleMotor2)
    setSingleMotor2_juli                     0x080086bd   Thumb Code   326  control.o(i.setSingleMotor2_juli)
    set_c620moter                            0x08008821   Thumb Code   144  control.o(i.set_c620moter)
    set_moto2_current                        0x080088b9   Thumb Code    68  bsp_can.o(i.set_moto2_current)
    set_moto_current                         0x080088fd   Thumb Code    66  bsp_can.o(i.set_moto_current)
    sqrt                                     0x0800893f   Thumb Code   110  sqrt.o(i.sqrt)
    uart_receive_handler                     0x080089ad   Thumb Code    86  bsp_uart.o(i.uart_receive_handler)
    uxListRemove                             0x08008a0d   Thumb Code    38  list.o(i.uxListRemove)
    vApplicationGetIdleTaskMemory            0x08008a35   Thumb Code    16  freertos.o(i.vApplicationGetIdleTaskMemory)
    vListInitialise                          0x08008a49   Thumb Code    22  list.o(i.vListInitialise)
    vListInitialiseItem                      0x08008a5f   Thumb Code     6  list.o(i.vListInitialiseItem)
    vListInsert                              0x08008a65   Thumb Code    48  list.o(i.vListInsert)
    vListInsertEnd                           0x08008a95   Thumb Code    24  list.o(i.vListInsertEnd)
    vPortEnterCritical                       0x08008aad   Thumb Code    54  port.o(i.vPortEnterCritical)
    vPortExitCritical                        0x08008aed   Thumb Code    34  port.o(i.vPortExitCritical)
    vPortFree                                0x08008b15   Thumb Code    88  heap_4.o(i.vPortFree)
    vPortSetupTimerInterrupt                 0x08008b71   Thumb Code    32  port.o(i.vPortSetupTimerInterrupt)
    vTaskDelay                               0x08008b95   Thumb Code    66  tasks.o(i.vTaskDelay)
    vTaskStartScheduler                      0x08008be1   Thumb Code    90  tasks.o(i.vTaskStartScheduler)
    vTaskSuspendAll                          0x08008c4d   Thumb Code    10  tasks.o(i.vTaskSuspendAll)
    vTaskSwitchContext                       0x08008c5d   Thumb Code    82  tasks.o(i.vTaskSwitchContext)
    xPortStartScheduler                      0x08008cb9   Thumb Code   224  port.o(i.xPortStartScheduler)
    xTaskCreate                              0x08008dad   Thumb Code    90  tasks.o(i.xTaskCreate)
    xTaskCreateStatic                        0x08008e07   Thumb Code    90  tasks.o(i.xTaskCreateStatic)
    xTaskIncrementTick                       0x08008e61   Thumb Code   192  tasks.o(i.xTaskIncrementTick)
    xTaskResumeAll                           0x08008f29   Thumb Code   182  tasks.o(i.xTaskResumeAll)
    AHBPrescTable                            0x08008fec   Data          16  system_stm32f4xx.o(.constdata)
    APBPrescTable                            0x08008ffc   Data           8  system_stm32f4xx.o(.constdata)
    __mathlib_zero                           0x08009178   Data           8  qnan.o(.constdata)
    Region$$Table$$Base                      0x080091b0   Number         0  anon$$obj.o(Region$$Table)
    Region$$Table$$Limit                     0x080091d0   Number         0  anon$$obj.o(Region$$Table)
    SystemCoreClock                          0x20000000   Data           4  system_stm32f4xx.o(.data)
    ABS_MAX                                  0x20000004   Data           2  moter.o(.data)
    speed                                    0x20000008   Data           4  moter.o(.data)
    pos_out                                  0x2000000c   Data           8  moter.o(.data)
    rx_len                                   0x20000014   Data           1  main.o(.data)
    rx_len2                                  0x20000015   Data           1  main.o(.data)
    recv_end_flag                            0x20000016   Data           1  main.o(.data)
    recv_end_flag2                           0x20000017   Data           1  main.o(.data)
    orignal_yaw                              0x20000018   Data           4  freertos.o(.data)
    ad1                                      0x2000001c   Data           4  freertos.o(.data)
    ad2                                      0x20000020   Data           4  freertos.o(.data)
    defaultTaskHandle                        0x20000024   Data           4  freertos.o(.data)
    myTask02Handle                           0x20000028   Data           4  freertos.o(.data)
    myTask03Handle                           0x2000002c   Data           4  freertos.o(.data)
    myTask04Handle                           0x20000030   Data           4  freertos.o(.data)
    tuolun_angle                             0x20000034   Data           8  freertos.o(.data)
    pre_angle                                0x2000003c   Data           8  freertos.o(.data)
    yaw                                      0x20000048   Data           4  stm32f4xx_it.o(.data)
    id                                       0x2000004e   Data           1  bsp_imu.o(.data)
    q0                                       0x20000050   Data           4  bsp_imu.o(.data)
    q1                                       0x20000054   Data           4  bsp_imu.o(.data)
    q2                                       0x20000058   Data           4  bsp_imu.o(.data)
    q3                                       0x2000005c   Data           4  bsp_imu.o(.data)
    exInt                                    0x20000060   Data           4  bsp_imu.o(.data)
    eyInt                                    0x20000064   Data           4  bsp_imu.o(.data)
    ezInt                                    0x20000068   Data           4  bsp_imu.o(.data)
    last_update                              0x20000090   Data           4  bsp_imu.o(.data)
    now_update                               0x20000094   Data           4  bsp_imu.o(.data)
    ist_buff                                 0x20000098   Data           6  bsp_imu.o(.data)
    vec_limt                                 0x200000ac   Data           4  control.o(.data)
    uwTickFreq                               0x200000b0   Data           1  stm32f4xx_hal.o(.data)
    uwTickPrio                               0x200000b4   Data           4  stm32f4xx_hal.o(.data)
    uwTick                                   0x200000b8   Data           4  stm32f4xx_hal.o(.data)
    pxCurrentTCB                             0x200000bc   Data           4  tasks.o(.data)
    __stdout                                 0x2000011c   Data           4  stdout.o(.data)
    D_Wheel                                  0x20000124   Data         960  moter.o(.bss)
    S_speed                                  0x200004e4   Data         912  moter.o(.bss)
    kinematics                               0x20000874   Data          76  moter.o(.bss)
    rx_buffer                                0x200008c0   Data         100  main.o(.bss)
    rx_buffer2                               0x20000924   Data         100  main.o(.bss)
    ADC_Value                                0x20000988   Data         120  freertos.o(.bss)
    hadc1                                    0x20000c54   Data          72  adc.o(.bss)
    hdma_adc1                                0x20000c9c   Data          96  adc.o(.bss)
    hcan1                                    0x20000cfc   Data          40  can.o(.bss)
    hcan2                                    0x20000d24   Data          40  can.o(.bss)
    hi2c2                                    0x20000d4c   Data          84  i2c.o(.bss)
    hspi5                                    0x20000da0   Data          88  spi.o(.bss)
    htim4                                    0x20000df8   Data          64  tim.o(.bss)
    htim5                                    0x20000e38   Data          64  tim.o(.bss)
    htim7                                    0x20000e78   Data          64  tim.o(.bss)
    htim9                                    0x20000eb8   Data          64  tim.o(.bss)
    huart8                                   0x20000ef8   Data          64  usart.o(.bss)
    huart1                                   0x20000f38   Data          64  usart.o(.bss)
    huart2                                   0x20000f78   Data          64  usart.o(.bss)
    huart3                                   0x20000fb8   Data          64  usart.o(.bss)
    huart6                                   0x20000ff8   Data          64  usart.o(.bss)
    hdma_usart1_rx                           0x20001038   Data          96  usart.o(.bss)
    hdma_usart2_rx                           0x20001098   Data          96  usart.o(.bss)
    hdma_usart2_tx                           0x200010f8   Data          96  usart.o(.bss)
    hdma_usart6_rx                           0x20001158   Data          96  usart.o(.bss)
    hdma_usart6_tx                           0x200011b8   Data          96  usart.o(.bss)
    htim6                                    0x20001218   Data          64  stm32f4xx_hal_timebase_tim.o(.bss)
    moto_chassis                             0x20001258   Data         352  bsp_can.o(.bss)
    c2006_chassis                            0x200013b8   Data         352  bsp_can.o(.bss)
    jiguag_data1                             0x20001518   Data          16  bsp_can.o(.bss)
    PID_Position_X                           0x20001528   Data         108  pid.o(.bss)
    PID_Position_Y                           0x20001594   Data         108  pid.o(.bss)
    yaw_pos                                  0x20001600   Data         108  pid.o(.bss)
    imu                                      0x2000166c   Data          52  bsp_imu.o(.bss)
    mpu_buff                                 0x200016a0   Data          14  bsp_imu.o(.bss)
    mpu_data                                 0x200016ae   Data          32  bsp_imu.o(.bss)
    c620_moter                               0x200016d0   Data          20  control.o(.bss)
    c610                                     0x200016e4   Data        1824  control.o(.bss)
    high                                     0x20001e04   Data         108  control.o(.bss)
    duoji_jaidou                             0x20001e70   Data         108  control.o(.bss)
    dbus_buf                                 0x20001edc   Data          18  bsp_uart.o(.bss)
    rc                                       0x20001eee   Data          10  bsp_uart.o(.bss)
    __initial_sp                             0x20005fe8   Data           0  startup_stm32f427xx.o(STACK)



==============================================================================

Memory Map of the image

  Image Entry point : 0x080001ad

  Load Region LR_IROM1 (Base: 0x08000000, Size: 0x000092f4, Max: 0x00200000, ABSOLUTE)

    Execution Region ER_IROM1 (Exec base: 0x08000000, Load base: 0x08000000, Size: 0x000091d0, Max: 0x00200000, ABSOLUTE)

    Exec Addr    Load Addr    Size         Type   Attr      Idx    E Section Name        Object

    0x08000000   0x08000000   0x000001ac   Data   RO           11    RESET               startup_stm32f427xx.o
    0x080001ac   0x080001ac   0x00000000   Code   RO         1170  * .ARM.Collect$$$$00000000  mc_w.l(entry.o)
    0x080001ac   0x080001ac   0x00000004   Code   RO         1337    .ARM.Collect$$$$00000001  mc_w.l(entry2.o)
    0x080001b0   0x080001b0   0x00000004   Code   RO         1340    .ARM.Collect$$$$00000004  mc_w.l(entry5.o)
    0x080001b4   0x080001b4   0x00000000   Code   RO         1342    .ARM.Collect$$$$00000008  mc_w.l(entry7b.o)
    0x080001b4   0x080001b4   0x00000000   Code   RO         1344    .ARM.Collect$$$$0000000A  mc_w.l(entry8b.o)
    0x080001b4   0x080001b4   0x00000008   Code   RO         1345    .ARM.Collect$$$$0000000B  mc_w.l(entry9a.o)
    0x080001bc   0x080001bc   0x00000004   Code   RO         1352    .ARM.Collect$$$$0000000E  mc_w.l(entry12b.o)
    0x080001c0   0x080001c0   0x00000000   Code   RO         1347    .ARM.Collect$$$$0000000F  mc_w.l(entry10a.o)
    0x080001c0   0x080001c0   0x00000000   Code   RO         1349    .ARM.Collect$$$$00000011  mc_w.l(entry11a.o)
    0x080001c0   0x080001c0   0x00000004   Code   RO         1338    .ARM.Collect$$$$00002712  mc_w.l(entry2.o)
    0x080001c4   0x080001c4   0x000000be   Code   RO         1127    .emb_text           port.o
    0x08000282   0x08000282   0x00000002   PAD
    0x08000284   0x08000284   0x00000024   Code   RO           12    .text               startup_stm32f427xx.o
    0x080002a8   0x080002a8   0x00000062   Code   RO         1173    .text               mc_w.l(uldiv.o)
    0x0800030a   0x0800030a   0x00000024   Code   RO         1174    .text               mc_w.l(memcpya.o)
    0x0800032e   0x0800032e   0x00000024   Code   RO         1176    .text               mc_w.l(memseta.o)
    0x08000352   0x08000352   0x0000014e   Code   RO         1309    .text               mf_w.l(dadd.o)
    0x080004a0   0x080004a0   0x000000e4   Code   RO         1310    .text               mf_w.l(dmul.o)
    0x08000584   0x08000584   0x000000de   Code   RO         1311    .text               mf_w.l(ddiv.o)
    0x08000662   0x08000662   0x00000022   Code   RO         1312    .text               mf_w.l(dflti.o)
    0x08000684   0x08000684   0x0000001a   Code   RO         1313    .text               mf_w.l(dfltui.o)
    0x0800069e   0x0800069e   0x00000032   Code   RO         1314    .text               mf_w.l(dfixui.o)
    0x080006d0   0x080006d0   0x00000026   Code   RO         1315    .text               mf_w.l(f2d.o)
    0x080006f6   0x080006f6   0x00000002   PAD
    0x080006f8   0x080006f8   0x00000030   Code   RO         1316    .text               mf_w.l(cdcmple.o)
    0x08000728   0x08000728   0x00000030   Code   RO         1317    .text               mf_w.l(cdrcmple.o)
    0x08000758   0x08000758   0x00000038   Code   RO         1318    .text               mf_w.l(d2f.o)
    0x08000790   0x08000790   0x0000002c   Code   RO         1354    .text               mc_w.l(uidiv.o)
    0x080007bc   0x080007bc   0x0000001e   Code   RO         1355    .text               mc_w.l(llshl.o)
    0x080007da   0x080007da   0x00000020   Code   RO         1356    .text               mc_w.l(llushr.o)
    0x080007fa   0x080007fa   0x00000024   Code   RO         1357    .text               mc_w.l(llsshr.o)
    0x0800081e   0x0800081e   0x00000000   Code   RO         1362    .text               mc_w.l(iusefp.o)
    0x0800081e   0x0800081e   0x0000006e   Code   RO         1363    .text               mf_w.l(fepilogue.o)
    0x0800088c   0x0800088c   0x000000ba   Code   RO         1364    .text               mf_w.l(depilogue.o)
    0x08000946   0x08000946   0x000000a2   Code   RO         1366    .text               mf_w.l(dsqrt.o)
    0x080009e8   0x080009e8   0x00000030   Code   RO         1368    .text               mf_w.l(dfixul.o)
    0x08000a18   0x08000a18   0x00000024   Code   RO         1369    .text               mc_w.l(init.o)
    0x08000a3c   0x08000a3c   0x0000006e   Code   RO          302    i.ADC_DMAConvCplt   stm32f4xx_hal_adc.o
    0x08000aaa   0x08000aaa   0x00000016   Code   RO          303    i.ADC_DMAError      stm32f4xx_hal_adc.o
    0x08000ac0   0x08000ac0   0x0000000a   Code   RO          304    i.ADC_DMAHalfConvCplt  stm32f4xx_hal_adc.o
    0x08000aca   0x08000aca   0x00000002   PAD
    0x08000acc   0x08000acc   0x00000128   Code   RO          305    i.ADC_Init          stm32f4xx_hal_adc.o
    0x08000bf4   0x08000bf4   0x00000002   Code   RO          173    i.BusFault_Handler  stm32f4xx_it.o
    0x08000bf6   0x08000bf6   0x00000002   PAD
    0x08000bf8   0x08000bf8   0x000000d8   Code   RO          275    i.C610_init         control.o
    0x08000cd0   0x08000cd0   0x0000000c   Code   RO          174    i.CAN1_RX0_IRQHandler  stm32f4xx_it.o
    0x08000cdc   0x08000cdc   0x0000000c   Code   RO          175    i.CAN1_TX_IRQHandler  stm32f4xx_it.o
    0x08000ce8   0x08000ce8   0x0000000c   Code   RO          176    i.CAN2_RX0_IRQHandler  stm32f4xx_it.o
    0x08000cf4   0x08000cf4   0x0000000c   Code   RO          177    i.CAN2_TX_IRQHandler  stm32f4xx_it.o
    0x08000d00   0x08000d00   0x00000050   Code   RO          210    i.Can_TxMessage     bsp_can.o
    0x08000d50   0x08000d50   0x0000000c   Code   RO          178    i.DMA1_Stream5_IRQHandler  stm32f4xx_it.o
    0x08000d5c   0x08000d5c   0x0000000c   Code   RO          179    i.DMA1_Stream6_IRQHandler  stm32f4xx_it.o
    0x08000d68   0x08000d68   0x0000000c   Code   RO          180    i.DMA2_Stream0_IRQHandler  stm32f4xx_it.o
    0x08000d74   0x08000d74   0x0000000c   Code   RO          181    i.DMA2_Stream1_IRQHandler  stm32f4xx_it.o
    0x08000d80   0x08000d80   0x0000000c   Code   RO          182    i.DMA2_Stream2_IRQHandler  stm32f4xx_it.o
    0x08000d8c   0x08000d8c   0x0000000c   Code   RO          183    i.DMA2_Stream6_IRQHandler  stm32f4xx_it.o
    0x08000d98   0x08000d98   0x00000028   Code   RO          436    i.DMA_CalcBaseAndBitshift  stm32f4xx_hal_dma.o
    0x08000dc0   0x08000dc0   0x00000054   Code   RO          437    i.DMA_CheckFifoParam  stm32f4xx_hal_dma.o
    0x08000e14   0x08000e14   0x00000028   Code   RO          438    i.DMA_SetConfig     stm32f4xx_hal_dma.o
    0x08000e3c   0x08000e3c   0x00000002   Code   RO          184    i.DebugMon_Handler  stm32f4xx_it.o
    0x08000e3e   0x08000e3e   0x00000004   Code   RO           76    i.Error_Handler     main.o
    0x08000e42   0x08000e42   0x00000002   PAD
    0x08000e44   0x08000e44   0x00000164   Code   RO          307    i.HAL_ADC_ConfigChannel  stm32f4xx_hal_adc.o
    0x08000fa8   0x08000fa8   0x00000002   Code   RO          308    i.HAL_ADC_ConvCpltCallback  stm32f4xx_hal_adc.o
    0x08000faa   0x08000faa   0x00000002   Code   RO          309    i.HAL_ADC_ConvHalfCpltCallback  stm32f4xx_hal_adc.o
    0x08000fac   0x08000fac   0x00000002   Code   RO          311    i.HAL_ADC_ErrorCallback  stm32f4xx_hal_adc.o
    0x08000fae   0x08000fae   0x00000054   Code   RO          316    i.HAL_ADC_Init      stm32f4xx_hal_adc.o
    0x08001002   0x08001002   0x00000002   PAD
    0x08001004   0x08001004   0x00000098   Code   RO          115    i.HAL_ADC_MspInit   adc.o
    0x0800109c   0x0800109c   0x00000134   Code   RO          323    i.HAL_ADC_Start_DMA  stm32f4xx_hal_adc.o
    0x080011d0   0x080011d0   0x00000024   Code   RO          555    i.HAL_CAN_ActivateNotification  stm32f4xx_hal_can.o
    0x080011f4   0x080011f4   0x000000dc   Code   RO          556    i.HAL_CAN_AddTxMessage  stm32f4xx_hal_can.o
    0x080012d0   0x080012d0   0x0000010c   Code   RO          557    i.HAL_CAN_ConfigFilter  stm32f4xx_hal_can.o
    0x080013dc   0x080013dc   0x00000002   Code   RO          560    i.HAL_CAN_ErrorCallback  stm32f4xx_hal_can.o
    0x080013de   0x080013de   0x000000e8   Code   RO          563    i.HAL_CAN_GetRxMessage  stm32f4xx_hal_can.o
    0x080014c6   0x080014c6   0x0000002c   Code   RO          565    i.HAL_CAN_GetTxMailboxesFreeLevel  stm32f4xx_hal_can.o
    0x080014f2   0x080014f2   0x000001fc   Code   RO          567    i.HAL_CAN_IRQHandler  stm32f4xx_hal_can.o
    0x080016ee   0x080016ee   0x0000011a   Code   RO          568    i.HAL_CAN_Init      stm32f4xx_hal_can.o
    0x08001808   0x08001808   0x00000118   Code   RO          122    i.HAL_CAN_MspInit   can.o
    0x08001920   0x08001920   0x00000002   Code   RO          575    i.HAL_CAN_RxFifo0FullCallback  stm32f4xx_hal_can.o
    0x08001922   0x08001922   0x00000002   PAD
    0x08001924   0x08001924   0x00000134   Code   RO          211    i.HAL_CAN_RxFifo0MsgPendingCallback  bsp_can.o
    0x08001a58   0x08001a58   0x00000002   Code   RO          577    i.HAL_CAN_RxFifo1FullCallback  stm32f4xx_hal_can.o
    0x08001a5a   0x08001a5a   0x00000002   Code   RO          578    i.HAL_CAN_RxFifo1MsgPendingCallback  stm32f4xx_hal_can.o
    0x08001a5c   0x08001a5c   0x00000002   Code   RO          579    i.HAL_CAN_SleepCallback  stm32f4xx_hal_can.o
    0x08001a5e   0x08001a5e   0x00000056   Code   RO          580    i.HAL_CAN_Start     stm32f4xx_hal_can.o
    0x08001ab4   0x08001ab4   0x00000002   Code   RO          582    i.HAL_CAN_TxMailbox0AbortCallback  stm32f4xx_hal_can.o
    0x08001ab6   0x08001ab6   0x00000002   Code   RO          583    i.HAL_CAN_TxMailbox0CompleteCallback  stm32f4xx_hal_can.o
    0x08001ab8   0x08001ab8   0x00000002   Code   RO          584    i.HAL_CAN_TxMailbox1AbortCallback  stm32f4xx_hal_can.o
    0x08001aba   0x08001aba   0x00000002   Code   RO          585    i.HAL_CAN_TxMailbox1CompleteCallback  stm32f4xx_hal_can.o
    0x08001abc   0x08001abc   0x00000002   Code   RO          586    i.HAL_CAN_TxMailbox2AbortCallback  stm32f4xx_hal_can.o
    0x08001abe   0x08001abe   0x00000002   Code   RO          587    i.HAL_CAN_TxMailbox2CompleteCallback  stm32f4xx_hal_can.o
    0x08001ac0   0x08001ac0   0x00000002   Code   RO          589    i.HAL_CAN_WakeUpFromRxMsgCallback  stm32f4xx_hal_can.o
    0x08001ac2   0x08001ac2   0x0000008e   Code   RO          439    i.HAL_DMA_Abort     stm32f4xx_hal_dma.o
    0x08001b50   0x08001b50   0x00000024   Code   RO          440    i.HAL_DMA_Abort_IT  stm32f4xx_hal_dma.o
    0x08001b74   0x08001b74   0x000001a0   Code   RO          444    i.HAL_DMA_IRQHandler  stm32f4xx_hal_dma.o
    0x08001d14   0x08001d14   0x000000d4   Code   RO          445    i.HAL_DMA_Init      stm32f4xx_hal_dma.o
    0x08001de8   0x08001de8   0x00000046   Code   RO          448    i.HAL_DMA_Start     stm32f4xx_hal_dma.o
    0x08001e2e   0x08001e2e   0x0000006e   Code   RO          449    i.HAL_DMA_Start_IT  stm32f4xx_hal_dma.o
    0x08001e9c   0x08001e9c   0x00000024   Code   RO          516    i.HAL_Delay         stm32f4xx_hal.o
    0x08001ec0   0x08001ec0   0x000001d0   Code   RO          421    i.HAL_GPIO_Init     stm32f4xx_hal_gpio.o
    0x08002090   0x08002090   0x0000000a   Code   RO          425    i.HAL_GPIO_WritePin  stm32f4xx_hal_gpio.o
    0x0800209a   0x0800209a   0x00000002   PAD
    0x0800209c   0x0800209c   0x0000000c   Code   RO          524    i.HAL_GetTick       stm32f4xx_hal.o
    0x080020a8   0x080020a8   0x00000042   Code   RO          668    i.HAL_I2CEx_ConfigAnalogFilter  stm32f4xx_hal_i2c_ex.o
    0x080020ea   0x080020ea   0x0000003e   Code   RO          669    i.HAL_I2CEx_ConfigDigitalFilter  stm32f4xx_hal_i2c_ex.o
    0x08002128   0x08002128   0x00000188   Code   RO          604    i.HAL_I2C_Init      stm32f4xx_hal_i2c.o
    0x080022b0   0x080022b0   0x000001e0   Code   RO          610    i.HAL_I2C_Master_Receive  stm32f4xx_hal_i2c.o
    0x08002490   0x08002490   0x0000012c   Code   RO          617    i.HAL_I2C_Master_Transmit  stm32f4xx_hal_i2c.o
    0x080025bc   0x080025bc   0x00000068   Code   RO          135    i.HAL_I2C_MspInit   i2c.o
    0x08002624   0x08002624   0x00000010   Code   RO          530    i.HAL_IncTick       stm32f4xx_hal.o
    0x08002634   0x08002634   0x00000034   Code   RO          531    i.HAL_Init          stm32f4xx_hal.o
    0x08002668   0x08002668   0x00000074   Code   RO          203    i.HAL_InitTick      stm32f4xx_hal_timebase_tim.o
    0x080026dc   0x080026dc   0x00000038   Code   RO          199    i.HAL_MspInit       stm32f4xx_hal_msp.o
    0x08002714   0x08002714   0x0000001a   Code   RO          492    i.HAL_NVIC_EnableIRQ  stm32f4xx_hal_cortex.o
    0x0800272e   0x0800272e   0x00000002   PAD
    0x08002730   0x08002730   0x00000040   Code   RO          498    i.HAL_NVIC_SetPriority  stm32f4xx_hal_cortex.o
    0x08002770   0x08002770   0x00000024   Code   RO          499    i.HAL_NVIC_SetPriorityGrouping  stm32f4xx_hal_cortex.o
    0x08002794   0x08002794   0x00000070   Code   RO          481    i.HAL_PWREx_EnableOverDrive  stm32f4xx_hal_pwr_ex.o
    0x08002804   0x08002804   0x00000134   Code   RO          350    i.HAL_RCC_ClockConfig  stm32f4xx_hal_rcc.o
    0x08002938   0x08002938   0x00000040   Code   RO          354    i.HAL_RCC_GetClockConfig  stm32f4xx_hal_rcc.o
    0x08002978   0x08002978   0x00000020   Code   RO          357    i.HAL_RCC_GetPCLK1Freq  stm32f4xx_hal_rcc.o
    0x08002998   0x08002998   0x00000020   Code   RO          358    i.HAL_RCC_GetPCLK2Freq  stm32f4xx_hal_rcc.o
    0x080029b8   0x080029b8   0x00000064   Code   RO          359    i.HAL_RCC_GetSysClockFreq  stm32f4xx_hal_rcc.o
    0x08002a1c   0x08002a1c   0x00000348   Code   RO          362    i.HAL_RCC_OscConfig  stm32f4xx_hal_rcc.o
    0x08002d64   0x08002d64   0x00000080   Code   RO          684    i.HAL_SPI_Init      stm32f4xx_hal_spi.o
    0x08002de4   0x08002de4   0x0000006c   Code   RO          142    i.HAL_SPI_MspInit   spi.o
    0x08002e50   0x08002e50   0x000001da   Code   RO          693    i.HAL_SPI_TransmitReceive  stm32f4xx_hal_spi.o
    0x0800302a   0x0800302a   0x00000002   Code   RO          846    i.HAL_TIMEx_BreakCallback  stm32f4xx_hal_tim_ex.o
    0x0800302c   0x0800302c   0x00000002   Code   RO          847    i.HAL_TIMEx_CommutCallback  stm32f4xx_hal_tim_ex.o
    0x0800302e   0x0800302e   0x00000002   PAD
    0x08003030   0x08003030   0x00000090   Code   RO          864    i.HAL_TIMEx_MasterConfigSynchronization  stm32f4xx_hal_tim_ex.o
    0x080030c0   0x080030c0   0x00000036   Code   RO          733    i.HAL_TIM_Base_Init  stm32f4xx_hal_tim.o
    0x080030f6   0x080030f6   0x00000002   PAD
    0x080030f8   0x080030f8   0x0000003c   Code   RO          149    i.HAL_TIM_Base_MspInit  tim.o
    0x08003134   0x08003134   0x00000022   Code   RO          738    i.HAL_TIM_Base_Start_IT  stm32f4xx_hal_tim.o
    0x08003156   0x08003156   0x00000002   Code   RO          762    i.HAL_TIM_IC_CaptureCallback  stm32f4xx_hal_tim.o
    0x08003158   0x08003158   0x00000166   Code   RO          776    i.HAL_TIM_IRQHandler  stm32f4xx_hal_tim.o
    0x080032be   0x080032be   0x00000002   PAD
    0x080032c0   0x080032c0   0x000000dc   Code   RO          150    i.HAL_TIM_MspPostInit  tim.o
    0x0800339c   0x0800339c   0x00000002   Code   RO          779    i.HAL_TIM_OC_DelayElapsedCallback  stm32f4xx_hal_tim.o
    0x0800339e   0x0800339e   0x000000d0   Code   RO          800    i.HAL_TIM_PWM_ConfigChannel  stm32f4xx_hal_tim.o
    0x0800346e   0x0800346e   0x00000036   Code   RO          803    i.HAL_TIM_PWM_Init  stm32f4xx_hal_tim.o
    0x080034a4   0x080034a4   0x00000060   Code   RO          152    i.HAL_TIM_PWM_MspInit  tim.o
    0x08003504   0x08003504   0x00000002   Code   RO          806    i.HAL_TIM_PWM_PulseFinishedCallback  stm32f4xx_hal_tim.o
    0x08003506   0x08003506   0x00000002   PAD
    0x08003508   0x08003508   0x00000044   Code   RO          808    i.HAL_TIM_PWM_Start  stm32f4xx_hal_tim.o
    0x0800354c   0x0800354c   0x000000f4   Code   RO           77    i.HAL_TIM_PeriodElapsedCallback  main.o
    0x08003640   0x08003640   0x00000002   Code   RO          819    i.HAL_TIM_TriggerCallback  stm32f4xx_hal_tim.o
    0x08003642   0x08003642   0x00000058   Code   RO          907    i.HAL_UART_DMAStop  stm32f4xx_hal_uart.o
    0x0800369a   0x0800369a   0x00000002   Code   RO          909    i.HAL_UART_ErrorCallback  stm32f4xx_hal_uart.o
    0x0800369c   0x0800369c   0x00000114   Code   RO          912    i.HAL_UART_IRQHandler  stm32f4xx_hal_uart.o
    0x080037b0   0x080037b0   0x00000062   Code   RO          913    i.HAL_UART_Init     stm32f4xx_hal_uart.o
    0x08003812   0x08003812   0x00000002   PAD
    0x08003814   0x08003814   0x00000310   Code   RO          162    i.HAL_UART_MspInit  usart.o
    0x08003b24   0x08003b24   0x00000098   Code   RO          917    i.HAL_UART_Receive_DMA  stm32f4xx_hal_uart.o
    0x08003bbc   0x08003bbc   0x00000002   Code   RO           78    i.HAL_UART_RxCpltCallback  main.o
    0x08003bbe   0x08003bbe   0x00000002   Code   RO          920    i.HAL_UART_RxHalfCpltCallback  stm32f4xx_hal_uart.o
    0x08003bc0   0x08003bc0   0x000000ba   Code   RO          921    i.HAL_UART_Transmit  stm32f4xx_hal_uart.o
    0x08003c7a   0x08003c7a   0x00000002   PAD
    0x08003c7c   0x08003c7c   0x00000080   Code   RO          922    i.HAL_UART_Transmit_DMA  stm32f4xx_hal_uart.o
    0x08003cfc   0x08003cfc   0x00000002   Code   RO          924    i.HAL_UART_TxCpltCallback  stm32f4xx_hal_uart.o
    0x08003cfe   0x08003cfe   0x00000002   Code   RO          925    i.HAL_UART_TxHalfCpltCallback  stm32f4xx_hal_uart.o
    0x08003d00   0x08003d00   0x00000002   Code   RO          185    i.HardFault_Handler  stm32f4xx_it.o
    0x08003d02   0x08003d02   0x0000002e   Code   RO          646    i.I2C_IsAcknowledgeFailed  stm32f4xx_hal_i2c.o
    0x08003d30   0x08003d30   0x000000ec   Code   RO          649    i.I2C_MasterRequestRead  stm32f4xx_hal_i2c.o
    0x08003e1c   0x08003e1c   0x0000009c   Code   RO          650    i.I2C_MasterRequestWrite  stm32f4xx_hal_i2c.o
    0x08003eb8   0x08003eb8   0x0000004c   Code   RO          660    i.I2C_WaitOnBTFFlagUntilTimeout  stm32f4xx_hal_i2c.o
    0x08003f04   0x08003f04   0x00000068   Code   RO          661    i.I2C_WaitOnFlagUntilTimeout  stm32f4xx_hal_i2c.o
    0x08003f6c   0x08003f6c   0x00000098   Code   RO          662    i.I2C_WaitOnMasterAddressFlagUntilTimeout  stm32f4xx_hal_i2c.o
    0x08004004   0x08004004   0x0000006a   Code   RO          663    i.I2C_WaitOnRXNEFlagUntilTimeout  stm32f4xx_hal_i2c.o
    0x0800406e   0x0800406e   0x0000004c   Code   RO          664    i.I2C_WaitOnTXEFlagUntilTimeout  stm32f4xx_hal_i2c.o
    0x080040ba   0x080040ba   0x00000002   PAD
    0x080040bc   0x080040bc   0x00000044   Code   RO           16    i.Kinematics_Init   moter.o
    0x08004100   0x08004100   0x0000007c   Code   RO          116    i.MX_ADC1_Init      adc.o
    0x0800417c   0x0800417c   0x00000044   Code   RO          123    i.MX_CAN1_Init      can.o
    0x080041c0   0x080041c0   0x00000044   Code   RO          124    i.MX_CAN2_Init      can.o
    0x08004204   0x08004204   0x0000008c   Code   RO          130    i.MX_DMA_Init       dma.o
    0x08004290   0x08004290   0x00000068   Code   RO           98    i.MX_FREERTOS_Init  freertos.o
    0x080042f8   0x080042f8   0x000001f8   Code   RO           94    i.MX_GPIO_Init      gpio.o
    0x080044f0   0x080044f0   0x0000005c   Code   RO          136    i.MX_I2C2_Init      i2c.o
    0x0800454c   0x0800454c   0x00000048   Code   RO          143    i.MX_SPI5_Init      spi.o
    0x08004594   0x08004594   0x000000a0   Code   RO          153    i.MX_TIM4_Init      tim.o
    0x08004634   0x08004634   0x000000a0   Code   RO          154    i.MX_TIM5_Init      tim.o
    0x080046d4   0x080046d4   0x00000044   Code   RO          155    i.MX_TIM7_Init      tim.o
    0x08004718   0x08004718   0x0000006c   Code   RO          156    i.MX_TIM9_Init      tim.o
    0x08004784   0x08004784   0x00000038   Code   RO          163    i.MX_UART8_Init     usart.o
    0x080047bc   0x080047bc   0x00000040   Code   RO          164    i.MX_USART1_UART_Init  usart.o
    0x080047fc   0x080047fc   0x00000038   Code   RO          165    i.MX_USART2_UART_Init  usart.o
    0x08004834   0x08004834   0x00000038   Code   RO          166    i.MX_USART3_UART_Init  usart.o
    0x0800486c   0x0800486c   0x00000038   Code   RO          167    i.MX_USART6_UART_Init  usart.o
    0x080048a4   0x080048a4   0x00000002   Code   RO          186    i.MemManage_Handler  stm32f4xx_it.o
    0x080048a6   0x080048a6   0x00000002   Code   RO          187    i.NMI_Handler       stm32f4xx_it.o
    0x080048a8   0x080048a8   0x00000100   Code   RO           61    i.PCA_MG9XX_Init    stm32_pca9685.o
    0x080049a8   0x080049a8   0x00000018   Code   RO          235    i.PID_struct_init   pid.o
    0x080049c0   0x080049c0   0x00000058   Code   RO          722    i.SPI_EndRxTxTransaction  stm32f4xx_hal_spi.o
    0x08004a18   0x08004a18   0x00000094   Code   RO          727    i.SPI_WaitFlagStateUntilTimeout  stm32f4xx_hal_spi.o
    0x08004aac   0x08004aac   0x000000a0   Code   RO           17    i.Speed_Cal         moter.o
    0x08004b4c   0x08004b4c   0x000001a4   Code   RO           99    i.StartDefaultTask  freertos.o
    0x08004cf0   0x08004cf0   0x000000cc   Code   RO          100    i.StartTask02       freertos.o
    0x08004dbc   0x08004dbc   0x0000007c   Code   RO          101    i.StartTask03       freertos.o
    0x08004e38   0x08004e38   0x0000001c   Code   RO          102    i.StartTask04       freertos.o
    0x08004e54   0x08004e54   0x0000002c   Code   RO         1128    i.SysTick_Handler   port.o
    0x08004e80   0x08004e80   0x000000a0   Code   RO           79    i.SystemClock_Config  main.o
    0x08004f20   0x08004f20   0x0000001c   Code   RO            5    i.SystemInit        system_stm32f4xx.o
    0x08004f3c   0x08004f3c   0x0000000c   Code   RO          188    i.TIM6_DAC_IRQHandler  stm32f4xx_it.o
    0x08004f48   0x08004f48   0x0000000c   Code   RO          189    i.TIM7_IRQHandler   stm32f4xx_it.o
    0x08004f54   0x08004f54   0x000000c8   Code   RO          821    i.TIM_Base_SetConfig  stm32f4xx_hal_tim.o
    0x0800501c   0x0800501c   0x0000001a   Code   RO          822    i.TIM_CCxChannelCmd  stm32f4xx_hal_tim.o
    0x08005036   0x08005036   0x00000002   PAD
    0x08005038   0x08005038   0x00000060   Code   RO          834    i.TIM_OC1_SetConfig  stm32f4xx_hal_tim.o
    0x08005098   0x08005098   0x0000006c   Code   RO          835    i.TIM_OC2_SetConfig  stm32f4xx_hal_tim.o
    0x08005104   0x08005104   0x00000068   Code   RO          836    i.TIM_OC3_SetConfig  stm32f4xx_hal_tim.o
    0x0800516c   0x0800516c   0x00000050   Code   RO          837    i.TIM_OC4_SetConfig  stm32f4xx_hal_tim.o
    0x080051bc   0x080051bc   0x0000000c   Code   RO          190    i.UART8_IRQHandler  stm32f4xx_it.o
    0x080051c8   0x080051c8   0x00000010   Code   RO          926    i.UART_DMAAbortOnError  stm32f4xx_hal_uart.o
    0x080051d8   0x080051d8   0x0000004a   Code   RO          927    i.UART_DMAError     stm32f4xx_hal_uart.o
    0x08005222   0x08005222   0x0000003c   Code   RO          928    i.UART_DMAReceiveCplt  stm32f4xx_hal_uart.o
    0x0800525e   0x0800525e   0x0000000a   Code   RO          930    i.UART_DMARxHalfCplt  stm32f4xx_hal_uart.o
    0x08005268   0x08005268   0x0000002e   Code   RO          932    i.UART_DMATransmitCplt  stm32f4xx_hal_uart.o
    0x08005296   0x08005296   0x0000000a   Code   RO          934    i.UART_DMATxHalfCplt  stm32f4xx_hal_uart.o
    0x080052a0   0x080052a0   0x0000001c   Code   RO          936    i.UART_EndRxTransfer  stm32f4xx_hal_uart.o
    0x080052bc   0x080052bc   0x00000012   Code   RO          937    i.UART_EndTxTransfer  stm32f4xx_hal_uart.o
    0x080052ce   0x080052ce   0x00000096   Code   RO          938    i.UART_Receive_IT   stm32f4xx_hal_uart.o
    0x08005364   0x08005364   0x00000128   Code   RO          939    i.UART_SetConfig    stm32f4xx_hal_uart.o
    0x0800548c   0x0800548c   0x00000062   Code   RO          940    i.UART_Transmit_IT  stm32f4xx_hal_uart.o
    0x080054ee   0x080054ee   0x00000062   Code   RO          941    i.UART_WaitOnFlagUntilTimeout  stm32f4xx_hal_uart.o
    0x08005550   0x08005550   0x00000018   Code   RO          191    i.USART1_IRQHandler  stm32f4xx_it.o
    0x08005568   0x08005568   0x00000094   Code   RO          192    i.USART2_IRQHandler  stm32f4xx_it.o
    0x080055fc   0x080055fc   0x00000048   Code   RO          193    i.USART6_IRQHandler  stm32f4xx_it.o
    0x08005644   0x08005644   0x00000002   Code   RO          194    i.UsageFault_Handler  stm32f4xx_it.o
    0x08005646   0x08005646   0x00000002   PAD
    0x08005648   0x08005648   0x00000020   Code   RO         1295    i.__0printf         mc_w.l(printfa.o)
    0x08005668   0x08005668   0x00000030   Code   RO         1334    i.__ARM_fpclassify  m_wm.l(fpclassify.o)
    0x08005698   0x08005698   0x00000020   Code   RO          505    i.__NVIC_SetPriority  stm32f4xx_hal_cortex.o
    0x080056b8   0x080056b8   0x00000360   Code   RO         1138    i.__hardfp_asin     m_wm.l(asin.o)
    0x08005a18   0x08005a18   0x000002d8   Code   RO         1319    i.__hardfp_atan     m_wm.l(atan.o)
    0x08005cf0   0x08005cf0   0x00000200   Code   RO         1146    i.__hardfp_atan2    m_wm.l(atan2.o)
    0x08005ef0   0x08005ef0   0x00000014   Code   RO         1152    i.__hardfp_fabs     m_wm.l(fabs.o)
    0x08005f04   0x08005f04   0x00000004   PAD
    0x08005f08   0x08005f08   0x00000118   Code   RO         1155    i.__hardfp_floor    m_wm.l(floor.o)
    0x08006020   0x08006020   0x0000007a   Code   RO         1164    i.__hardfp_sqrt     m_wm.l(sqrt.o)
    0x0800609a   0x0800609a   0x000000f8   Code   RO         1335    i.__kernel_poly     m_wm.l(poly.o)
    0x08006192   0x08006192   0x00000014   Code   RO         1328    i.__mathlib_dbl_infnan  m_wm.l(dunder.o)
    0x080061a6   0x080061a6   0x00000014   Code   RO         1329    i.__mathlib_dbl_infnan2  m_wm.l(dunder.o)
    0x080061ba   0x080061ba   0x00000006   PAD
    0x080061c0   0x080061c0   0x00000020   Code   RO         1330    i.__mathlib_dbl_invalid  m_wm.l(dunder.o)
    0x080061e0   0x080061e0   0x00000020   Code   RO         1333    i.__mathlib_dbl_underflow  m_wm.l(dunder.o)
    0x08006200   0x08006200   0x0000000e   Code   RO         1372    i.__scatterload_copy  mc_w.l(handlers.o)
    0x0800620e   0x0800620e   0x00000002   Code   RO         1373    i.__scatterload_null  mc_w.l(handlers.o)
    0x08006210   0x08006210   0x0000000e   Code   RO         1374    i.__scatterload_zeroinit  mc_w.l(handlers.o)
    0x0800621e   0x0800621e   0x00000002   PAD
    0x08006220   0x08006220   0x0000000c   Code   RO         1360    i.__set_errno       mc_w.l(errno.o)
    0x0800622c   0x0800622c   0x00000184   Code   RO         1302    i._fp_digits        mc_w.l(printfa.o)
    0x080063b0   0x080063b0   0x000006b4   Code   RO         1303    i._printf_core      mc_w.l(printfa.o)
    0x08006a64   0x08006a64   0x00000024   Code   RO         1304    i._printf_post_padding  mc_w.l(printfa.o)
    0x08006a88   0x08006a88   0x0000002e   Code   RO         1305    i._printf_pre_padding  mc_w.l(printfa.o)
    0x08006ab6   0x08006ab6   0x0000002a   Code   RO          236    i.abs_limit         pid.o
    0x08006ae0   0x08006ae0   0x00000010   Code   RO         1321    i.atan              m_wm.l(atan.o)
    0x08006af0   0x08006af0   0x0000004e   Code   RO          212    i.can_filter_recv_special  bsp_can.o
    0x08006b3e   0x08006b3e   0x00000002   PAD
    0x08006b40   0x08006b40   0x00000048   Code   RO          294    i.dbus_uart_init    bsp_uart.o
    0x08006b88   0x08006b88   0x00000150   Code   RO           20    i.duo_lun_speed_init  moter.o
    0x08006cd8   0x08006cd8   0x00000018   Code   RO         1154    i.fabs              m_wm.l(fabs.o)
    0x08006cf0   0x08006cf0   0x00000018   Code   RO          168    i.fputc             usart.o
    0x08006d08   0x08006d08   0x0000004c   Code   RO          215    i.get_moto_measure  bsp_can.o
    0x08006d54   0x08006d54   0x0000000a   Code   RO          216    i.get_moto_offset   bsp_can.o
    0x08006d5e   0x08006d5e   0x00000002   PAD
    0x08006d60   0x08006d60   0x000004aa   Code   RO          251    i.imu_ahrs_update   bsp_imu.o
    0x0800720a   0x0800720a   0x00000002   PAD
    0x0800720c   0x0800720c   0x00000194   Code   RO          252    i.imu_attitude_update  bsp_imu.o
    0x080073a0   0x080073a0   0x000001cc   Code   RO          253    i.init_quaternion   bsp_imu.o
    0x0800756c   0x0800756c   0x0000002c   Code   RO          254    i.inv_sqrt          bsp_imu.o
    0x08007598   0x08007598   0x0000000a   Code   RO          255    i.ist8310_get_data  bsp_imu.o
    0x080075a2   0x080075a2   0x00000100   Code   RO          256    i.ist8310_init      bsp_imu.o
    0x080076a2   0x080076a2   0x00000038   Code   RO          257    i.ist_reg_read_by_mpu  bsp_imu.o
    0x080076da   0x080076da   0x00000042   Code   RO          258    i.ist_reg_write_by_mpu  bsp_imu.o
    0x0800771c   0x0800771c   0x0000002a   Code   RO           21    i.limit_speedd      moter.o
    0x08007746   0x08007746   0x00000002   PAD
    0x08007748   0x08007748   0x00000098   Code   RO           80    i.main              main.o
    0x080077e0   0x080077e0   0x0000000c   Code   RO         1064    i.makeFreeRtosPriority  cmsis_os.o
    0x080077ec   0x080077ec   0x00000060   Code   RO          259    i.mpu_device_init   bsp_imu.o
    0x0800784c   0x0800784c   0x0000013c   Code   RO          260    i.mpu_get_data      bsp_imu.o
    0x08007988   0x08007988   0x0000008e   Code   RO          261    i.mpu_master_i2c_auto_read_config  bsp_imu.o
    0x08007a16   0x08007a16   0x00000002   PAD
    0x08007a18   0x08007a18   0x000000a4   Code   RO          262    i.mpu_offset_call   bsp_imu.o
    0x08007abc   0x08007abc   0x00000050   Code   RO          263    i.mpu_read_byte     bsp_imu.o
    0x08007b0c   0x08007b0c   0x0000005c   Code   RO          264    i.mpu_read_bytes    bsp_imu.o
    0x08007b68   0x08007b68   0x0000000a   Code   RO          265    i.mpu_set_accel_fsr  bsp_imu.o
    0x08007b72   0x08007b72   0x0000000a   Code   RO          266    i.mpu_set_gyro_fsr  bsp_imu.o
    0x08007b7c   0x08007b7c   0x00000054   Code   RO          267    i.mpu_write_byte    bsp_imu.o
    0x08007bd0   0x08007bd0   0x0000004e   Code   RO          218    i.my_can_filter_init_recv_all  bsp_can.o
    0x08007c1e   0x08007c1e   0x0000000e   Code   RO         1066    i.osDelay           cmsis_os.o
    0x08007c2c   0x08007c2c   0x0000000a   Code   RO         1069    i.osKernelStart     cmsis_os.o
    0x08007c36   0x08007c36   0x00000054   Code   RO         1103    i.osThreadCreate    cmsis_os.o
    0x08007c8a   0x08007c8a   0x00000002   PAD
    0x08007c8c   0x08007c8c   0x00000030   Code   RO           62    i.pca_read          stm32_pca9685.o
    0x08007cbc   0x08007cbc   0x000000c0   Code   RO           63    i.pca_setfreq       stm32_pca9685.o
    0x08007d7c   0x08007d7c   0x00000048   Code   RO           64    i.pca_setpwm        stm32_pca9685.o
    0x08007dc4   0x08007dc4   0x00000024   Code   RO           65    i.pca_write         stm32_pca9685.o
    0x08007de8   0x08007de8   0x000001c4   Code   RO          237    i.pid_calc          pid.o
    0x08007fac   0x08007fac   0x0000000e   Code   RO          238    i.pid_param_init    pid.o
    0x08007fba   0x08007fba   0x00000006   Code   RO          239    i.pid_reset         pid.o
    0x08007fc0   0x08007fc0   0x00000070   Code   RO         1010    i.prvAddCurrentTaskToDelayedList  tasks.o
    0x08008030   0x08008030   0x000000d0   Code   RO         1011    i.prvAddNewTaskToReadyList  tasks.o
    0x08008100   0x08008100   0x00000034   Code   RO         1012    i.prvDeleteTCB      tasks.o
    0x08008134   0x08008134   0x0000004c   Code   RO         1118    i.prvHeapInit       heap_4.o
    0x08008180   0x08008180   0x0000005c   Code   RO         1013    i.prvIdleTask       tasks.o
    0x080081dc   0x080081dc   0x00000098   Code   RO         1014    i.prvInitialiseNewTask  tasks.o
    0x08008274   0x08008274   0x0000004c   Code   RO         1119    i.prvInsertBlockIntoFreeList  heap_4.o
    0x080082c0   0x080082c0   0x00000020   Code   RO         1015    i.prvResetNextTaskUnblockTime  tasks.o
    0x080082e0   0x080082e0   0x00000028   Code   RO         1129    i.prvTaskExitError  port.o
    0x08008308   0x08008308   0x000000d8   Code   RO         1120    i.pvPortMalloc      heap_4.o
    0x080083e0   0x080083e0   0x0000002c   Code   RO         1130    i.pxPortInitialiseStack  port.o
    0x0800840c   0x0800840c   0x0000008c   Code   RO          296    i.rc_callback_handler  bsp_uart.o
    0x08008498   0x08008498   0x00000024   Code   RO          279    i.send_com          control.o
    0x080084bc   0x080084bc   0x0000008c   Code   RO           22    i.setMotor          moter.o
    0x08008548   0x08008548   0x0000009c   Code   RO           24    i.setSingleMotor    moter.o
    0x080085e4   0x080085e4   0x000000d8   Code   RO          280    i.setSingleMotor2   control.o
    0x080086bc   0x080086bc   0x00000164   Code   RO          281    i.setSingleMotor2_juli  control.o
    0x08008820   0x08008820   0x00000098   Code   RO          282    i.set_c620moter     control.o
    0x080088b8   0x080088b8   0x00000044   Code   RO          219    i.set_moto2_current  bsp_can.o
    0x080088fc   0x080088fc   0x00000042   Code   RO          220    i.set_moto_current  bsp_can.o
    0x0800893e   0x0800893e   0x0000006e   Code   RO         1166    i.sqrt              m_wm.l(sqrt.o)
    0x080089ac   0x080089ac   0x00000060   Code   RO          297    i.uart_receive_handler  bsp_uart.o
    0x08008a0c   0x08008a0c   0x00000026   Code   RO          953    i.uxListRemove      list.o
    0x08008a32   0x08008a32   0x00000002   PAD
    0x08008a34   0x08008a34   0x00000014   Code   RO          103    i.vApplicationGetIdleTaskMemory  freertos.o
    0x08008a48   0x08008a48   0x00000016   Code   RO          954    i.vListInitialise   list.o
    0x08008a5e   0x08008a5e   0x00000006   Code   RO          955    i.vListInitialiseItem  list.o
    0x08008a64   0x08008a64   0x00000030   Code   RO          956    i.vListInsert       list.o
    0x08008a94   0x08008a94   0x00000018   Code   RO          957    i.vListInsertEnd    list.o
    0x08008aac   0x08008aac   0x00000040   Code   RO         1132    i.vPortEnterCritical  port.o
    0x08008aec   0x08008aec   0x00000028   Code   RO         1133    i.vPortExitCritical  port.o
    0x08008b14   0x08008b14   0x0000005c   Code   RO         1121    i.vPortFree         heap_4.o
    0x08008b70   0x08008b70   0x00000024   Code   RO         1134    i.vPortSetupTimerInterrupt  port.o
    0x08008b94   0x08008b94   0x0000004c   Code   RO         1023    i.vTaskDelay        tasks.o
    0x08008be0   0x08008be0   0x0000006c   Code   RO         1036    i.vTaskStartScheduler  tasks.o
    0x08008c4c   0x08008c4c   0x00000010   Code   RO         1038    i.vTaskSuspendAll   tasks.o
    0x08008c5c   0x08008c5c   0x0000005c   Code   RO         1039    i.vTaskSwitchContext  tasks.o
    0x08008cb8   0x08008cb8   0x000000f4   Code   RO         1136    i.xPortStartScheduler  port.o
    0x08008dac   0x08008dac   0x0000005a   Code   RO         1041    i.xTaskCreate       tasks.o
    0x08008e06   0x08008e06   0x0000005a   Code   RO         1042    i.xTaskCreateStatic  tasks.o
    0x08008e60   0x08008e60   0x000000c8   Code   RO         1049    i.xTaskIncrementTick  tasks.o
    0x08008f28   0x08008f28   0x000000c4   Code   RO         1055    i.xTaskResumeAll    tasks.o
    0x08008fec   0x08008fec   0x00000010   Data   RO            6    .constdata          system_stm32f4xx.o
    0x08008ffc   0x08008ffc   0x00000008   Data   RO            7    .constdata          system_stm32f4xx.o
    0x08009004   0x08009004   0x00000070   Data   RO          105    .constdata          freertos.o
    0x08009074   0x08009074   0x00000014   Data   RO          269    .constdata          bsp_imu.o
    0x08009088   0x08009088   0x00000008   Data   RO          451    .constdata          stm32f4xx_hal_dma.o
    0x08009090   0x08009090   0x00000050   Data   RO         1141    .constdata          m_wm.l(asin.o)
    0x080090e0   0x080090e0   0x00000098   Data   RO         1322    .constdata          m_wm.l(atan.o)
    0x08009178   0x08009178   0x00000008   Data   RO         1336    .constdata          m_wm.l(qnan.o)
    0x08009180   0x08009180   0x00000030   Data   RO          106    .conststring        freertos.o
    0x080091b0   0x080091b0   0x00000020   Data   RO         1370    Region$$Table       anon$$obj.o


    Execution Region RW_IRAM1 (Exec base: 0x20000000, Load base: 0x080091d0, Size: 0x00005fe8, Max: 0x00030000, ABSOLUTE)

    Exec Addr    Load Addr    Size         Type   Attr      Idx    E Section Name        Object

    0x20000000   0x080091d0   0x00000004   Data   RW            8    .data               system_stm32f4xx.o
    0x20000004   0x080091d4   0x00000010   Data   RW           41    .data               moter.o
    0x20000014   0x080091e4   0x00000001   Data   RW           84    .data               main.o
    0x20000015   0x080091e5   0x00000001   Data   RW           85    .data               main.o
    0x20000016   0x080091e6   0x00000001   Data   RW           87    .data               main.o
    0x20000017   0x080091e7   0x00000001   Data   RW           88    .data               main.o
    0x20000018   0x080091e8   0x0000002c   Data   RW          107    .data               freertos.o
    0x20000044   0x08009214   0x00000004   Data   RW          126    .data               can.o
    0x20000048   0x08009218   0x00000004   Data   RW          195    .data               stm32f4xx_it.o
    0x2000004c   0x0800921c   0x00000060   Data   RW          270    .data               bsp_imu.o
    0x200000ac   0x0800927c   0x00000004   Data   RW          287    .data               control.o
    0x200000b0   0x08009280   0x0000000c   Data   RW          538    .data               stm32f4xx_hal.o
    0x200000bc   0x0800928c   0x0000003c   Data   RW         1058    .data               tasks.o
    0x200000f8   0x080092c8   0x00000018   Data   RW         1126    .data               heap_4.o
    0x20000110   0x080092e0   0x0000000c   Data   RW         1137    .data               port.o
    0x2000011c   0x080092ec   0x00000004   Data   RW         1353    .data               mc_w.l(stdout.o)
    0x20000120   0x080092f0   0x00000004   Data   RW         1361    .data               mc_w.l(errno.o)
    0x20000124        -       0x0000079c   Zero   RW           33    .bss                moter.o
    0x200008c0        -       0x00000064   Zero   RW           81    .bss                main.o
    0x20000924        -       0x00000064   Zero   RW           82    .bss                main.o
    0x20000988        -       0x000002cc   Zero   RW          104    .bss                freertos.o
    0x20000c54        -       0x000000a8   Zero   RW          117    .bss                adc.o
    0x20000cfc        -       0x00000050   Zero   RW          125    .bss                can.o
    0x20000d4c        -       0x00000054   Zero   RW          137    .bss                i2c.o
    0x20000da0        -       0x00000058   Zero   RW          144    .bss                spi.o
    0x20000df8        -       0x00000100   Zero   RW          157    .bss                tim.o
    0x20000ef8        -       0x00000320   Zero   RW          169    .bss                usart.o
    0x20001218        -       0x00000040   Zero   RW          206    .bss                stm32f4xx_hal_timebase_tim.o
    0x20001258        -       0x000002d0   Zero   RW          221    .bss                bsp_can.o
    0x20001528        -       0x0000006c   Zero   RW          245    .bss                pid.o
    0x20001594        -       0x0000006c   Zero   RW          246    .bss                pid.o
    0x20001600        -       0x0000006c   Zero   RW          247    .bss                pid.o
    0x2000166c        -       0x00000062   Zero   RW          268    .bss                bsp_imu.o
    0x200016ce   0x080092f4   0x00000002   PAD
    0x200016d0        -       0x0000080c   Zero   RW          286    .bss                control.o
    0x20001edc        -       0x0000001c   Zero   RW          298    .bss                bsp_uart.o
    0x20001ef8        -       0x000000f0   Zero   RW         1057    .bss                tasks.o
    0x20001fe8        -       0x00003c00   Zero   RW         1125    .bss                heap_4.o
    0x20005be8        -       0x00000400   Zero   RW            9    STACK               startup_stm32f427xx.o


==============================================================================

Image component sizes


      Code (inc. data)   RO Data    RW Data    ZI Data      Debug   Object Name

       276         34          0          0        168          0   adc.o
       764         32          0          0        720          0   bsp_can.o
      3484        232         20         96         98          0   bsp_imu.o
       308         18          0          0         28          0   bsp_uart.o
       416         40          0          4         80          0   can.o
       120          0          0          0          0          0   cmsis_os.o
       976        104          0          4       2060          0   control.o
       140          4          0          0          0          0   dma.o
       900        164        160         44        716          0   freertos.o
       504         40          0          0          0          0   gpio.o
       460         24          0         24      15360          0   heap_4.o
       196         28          0          0         84          0   i2c.o
       138          0          0          0          0          0   list.o
       562         58          0          4        200          0   main.o
       902         94          0         16       1948          0   moter.o
       538         12          0          0        324          0   pid.o
       702         70          0         12          0          0   port.o
       180         24          0          0         88          0   spi.o
        36          8        428          0       1024          0   startup_stm32f427xx.o
       604         60          0          0          0          0   stm32_pca9685.o
       116         18          0         12          0          0   stm32f4xx_hal.o
      1192         72          0          0          0          0   stm32f4xx_hal_adc.o
      1700          6          0          0          0          0   stm32f4xx_hal_can.o
       158         14          0          0          0          0   stm32f4xx_hal_cortex.o
      1150         16          8          0          0          0   stm32f4xx_hal_dma.o
       474         54          0          0          0          0   stm32f4xx_hal_gpio.o
      2124         50          0          0          0          0   stm32f4xx_hal_i2c.o
       128          0          0          0          0          0   stm32f4xx_hal_i2c_ex.o
        56          4          0          0          0          0   stm32f4xx_hal_msp.o
       112         12          0          0          0          0   stm32f4xx_hal_pwr_ex.o
      1376         86          0          0          0          0   stm32f4xx_hal_rcc.o
       838          8          0          0          0          0   stm32f4xx_hal_spi.o
      1398         90          0          0          0          0   stm32f4xx_hal_tim.o
       148         28          0          0          0          0   stm32f4xx_hal_tim_ex.o
       116         16          0          0         64          0   stm32f4xx_hal_timebase_tim.o
      1840         40          0          0          0          0   stm32f4xx_hal_uart.o
       412        130          0          4          0          0   stm32f4xx_it.o
        28          6         24          4          0          0   system_stm32f4xx.o
      1516        108          0         60        240          0   tasks.o
       872         96          0          0        256          0   tim.o
      1096        108          0          0        800          0   usart.o

    ----------------------------------------------------------------------
     29104       2008        672        284      24260          0   Object Totals
         0          0         32          0          0          0   (incl. Generated)
        48          0          0          0          2          0   (incl. Padding)

    ----------------------------------------------------------------------

      Code (inc. data)   RO Data    RW Data    ZI Data      Debug   Library Member Name

       864         94         80          0          0          0   asin.o
       744        106        152          0          0          0   atan.o
       512         64          0          0          0          0   atan2.o
       104         16          0          0          0          0   dunder.o
        44          0          0          0          0          0   fabs.o
       280         28          0          0          0          0   floor.o
        48          0          0          0          0          0   fpclassify.o
       248          0          0          0          0          0   poly.o
         0          0          8          0          0          0   qnan.o
       232          0          0          0          0          0   sqrt.o
         0          0          0          0          0          0   entry.o
         0          0          0          0          0          0   entry10a.o
         0          0          0          0          0          0   entry11a.o
         4          0          0          0          0          0   entry12b.o
         8          4          0          0          0          0   entry2.o
         4          0          0          0          0          0   entry5.o
         0          0          0          0          0          0   entry7b.o
         0          0          0          0          0          0   entry8b.o
         8          4          0          0          0          0   entry9a.o
        12          6          0          4          0          0   errno.o
        30          0          0          0          0          0   handlers.o
        36          8          0          0          0          0   init.o
         0          0          0          0          0          0   iusefp.o
        30          0          0          0          0          0   llshl.o
        36          0          0          0          0          0   llsshr.o
        32          0          0          0          0          0   llushr.o
        36          0          0          0          0          0   memcpya.o
        36          0          0          0          0          0   memseta.o
      2218         90          0          0          0          0   printfa.o
         0          0          0          4          0          0   stdout.o
        44          0          0          0          0          0   uidiv.o
        98          0          0          0          0          0   uldiv.o
        48          0          0          0          0          0   cdcmple.o
        48          0          0          0          0          0   cdrcmple.o
        56          0          0          0          0          0   d2f.o
       334          0          0          0          0          0   dadd.o
       222          0          0          0          0          0   ddiv.o
       186          0          0          0          0          0   depilogue.o
        50          0          0          0          0          0   dfixui.o
        48          0          0          0          0          0   dfixul.o
        34          0          0          0          0          0   dflti.o
        26          0          0          0          0          0   dfltui.o
       228          0          0          0          0          0   dmul.o
       162          0          0          0          0          0   dsqrt.o
        38          0          0          0          0          0   f2d.o
       110          0          0          0          0          0   fepilogue.o

    ----------------------------------------------------------------------
      7312        420        240          8          0          0   Library Totals
        14          0          0          0          0          0   (incl. Padding)

    ----------------------------------------------------------------------

      Code (inc. data)   RO Data    RW Data    ZI Data      Debug   Library Name

      3076        308        240          0          0          0   m_wm.l
      2632        112          0          8          0          0   mc_w.l
      1590          0          0          0          0          0   mf_w.l

    ----------------------------------------------------------------------
      7312        420        240          8          0          0   Library Totals

    ----------------------------------------------------------------------

==============================================================================


      Code (inc. data)   RO Data    RW Data    ZI Data      Debug   

     36416       2428        912        292      24260          0   Grand Totals
     36416       2428        912        292      24260          0   ELF Image Totals
     36416       2428        912        292          0          0   ROM Totals

==============================================================================

    Total RO  Size (Code + RO Data)                37328 (  36.45kB)
    Total RW  Size (RW Data + ZI Data)             24552 (  23.98kB)
    Total ROM Size (Code + RO Data + RW Data)      37620 (  36.74kB)

==============================================================================

